Dec 19 16:50:51 debian systemd[1]: rsyslog.service: Sent signal SIGHUP to main process 466 (rsyslogd) on client request.
Dec 19 16:50:51 debian systemd[1]: logrotate.service: Succeeded.
Dec 19 16:50:51 debian systemd[1]: Finished Rotate log files.
Dec 19 16:50:52 debian mariadbd[698]: 2021-12-19 16:50:52 0 [Note] InnoDB: Uses event mutexes
Dec 19 16:50:52 debian mariadbd[698]: 2021-12-19 16:50:52 0 [Note] InnoDB: Compressed tables use zlib 1.2.11
Dec 19 16:50:52 debian mariadbd[698]: 2021-12-19 16:50:52 0 [Note] InnoDB: Number of pools: 1
Dec 19 16:50:52 debian mariadbd[698]: 2021-12-19 16:50:52 0 [Note] InnoDB: Using crc32 + pclmulqdq instructions
Dec 19 16:50:52 debian mariadbd[698]: 2021-12-19 16:50:52 0 [Note] InnoDB: Using Linux native AIO
Dec 19 16:50:52 debian mariadbd[698]: 2021-12-19 16:50:52 0 [Note] InnoDB: Initializing buffer pool, total size = 134217728, chunk size = 134217728
Dec 19 16:50:52 debian mariadbd[698]: 2021-12-19 16:50:52 0 [Note] InnoDB: Completed initialization of buffer pool
Dec 19 16:50:53 debian apachectl[741]: AH00558: apache2: Could not reliably determine the server's fully qualified domain name, using 127.0.1.1. Set the 'ServerName' directive globally to suppress this message
Dec 19 16:50:54 debian systemd[1]: Started The Apache HTTP Server.
Dec 19 16:50:54 debian systemd[1]: NetworkManager-dispatcher.service: Succeeded.
Dec 19 16:50:54 debian systemd[1]: phpsessionclean.service: Succeeded.
Dec 19 16:50:54 debian systemd[1]: Finished Clean php session files.
Dec 19 16:50:56 debian mariadbd[698]: 2021-12-19 16:50:56 0 [Note] InnoDB: 128 rollback segments are active.
Dec 19 16:50:56 debian mariadbd[698]: 2021-12-19 16:50:56 0 [Note] InnoDB: Creating shared tablespace for temporary tables
Dec 19 16:50:56 debian mariadbd[698]: 2021-12-19 16:50:56 0 [Note] InnoDB: Setting file './ibtmp1' size to 12 MB. Physically writing the file full; Please wait ...
Dec 19 16:50:56 debian mariadbd[698]: 2021-12-19 16:50:56 0 [Note] InnoDB: File './ibtmp1' size is now 12 MB.
Dec 19 16:50:56 debian mariadbd[698]: 2021-12-19 16:50:56 0 [Note] InnoDB: 10.5.13 started; log sequence number 1876986; transaction id 2462
Dec 19 16:50:56 debian mariadbd[698]: 2021-12-19 16:50:56 0 [Note] InnoDB: Loading buffer pool(s) from /var/lib/mysql/ib_buffer_pool
Dec 19 16:50:56 debian mariadbd[698]: 2021-12-19 16:50:56 0 [Note] Plugin 'FEEDBACK' is disabled.
Dec 19 16:50:57 debian mariadbd[698]: 2021-12-19 16:50:57 0 [Note] Server socket created on IP: '::'.
Dec 19 16:50:58 debian systemd[1]: Started Samba NMB Daemon.
Dec 19 16:50:58 debian systemd[1]: Starting Samba SMB Daemon...
Dec 19 16:51:00 debian mariadbd[698]: 2021-12-19 16:51:00 0 [Note] Reading of all Master_info entries succeeded
Dec 19 16:51:00 debian mariadbd[698]: 2021-12-19 16:51:00 0 [Note] Added new Master_info '' to hash table
Dec 19 16:51:00 debian mariadbd[698]: 2021-12-19 16:51:00 0 [Note] /usr/sbin/mariadbd: ready for connections.
Dec 19 16:51:00 debian mariadbd[698]: Version: '10.5.13-MariaDB-1:10.5.13+maria~bullseye'  socket: '/run/mysqld/mysqld.sock'  port: 3306  mariadb.org binary distribution
Dec 19 16:51:00 debian systemd[1]: Started MariaDB 10.5.13 database server.
Dec 19 16:51:00 debian /etc/mysql/debian-start[841]: Upgrading MySQL tables if necessary.
Dec 19 16:51:02 debian mariadbd[698]: 2021-12-19 16:51:02 0 [Note] InnoDB: Buffer pool(s) load completed at 211219 16:51:02
Dec 19 16:51:03 debian /etc/mysql/debian-start[844]: Looking for 'mysql' as: /usr/bin/mysql
Dec 19 16:51:03 debian /etc/mysql/debian-start[844]: Looking for 'mysqlcheck' as: /usr/bin/mysqlcheck
Dec 19 16:51:03 debian /etc/mysql/debian-start[844]: This installation of MariaDB is already upgraded to 10.5.13-MariaDB, use --force if you still need to run mysql_upgrade
Dec 19 16:51:03 debian /etc/mysql/debian-start[855]: Checking for insecure root accounts.
Dec 19 16:51:03 debian /etc/mysql/debian-start[863]: Triggering myisam-recover for all MyISAM tables and aria-recover for all Aria tables
Dec 19 16:51:04 debian systemd[1]: Started Samba SMB Daemon.
Dec 19 16:51:04 debian systemd[1]: Reached target Multi-User System.
Dec 19 16:51:04 debian systemd[1]: Reached target Graphical Interface.
Dec 19 16:51:04 debian systemd[1]: Starting Update UTMP about System Runlevel Changes...
Dec 19 16:51:04 debian systemd[1]: Started Start x11vnc at startup..
Dec 19 16:51:04 debian systemd[1]: systemd-update-utmp-runlevel.service: Succeeded.
Dec 19 16:51:04 debian systemd[1]: Finished Update UTMP about System Runlevel Changes.
Dec 19 16:51:05 debian x11vnc[869]:  --- x11vnc loop: 1 ---
Dec 19 16:51:05 debian x11vnc[869]:  --- x11vnc loop: waiting for: 872
Dec 19 16:51:07 debian systemd[1]: Starting Online ext4 Metadata Check for All Filesystems...
Dec 19 16:51:07 debian systemd[1]: e2scrub_all.service: Succeeded.
Dec 19 16:51:07 debian systemd[1]: Finished Online ext4 Metadata Check for All Filesystems.
Dec 19 16:51:07 debian systemd[1]: man-db.service: Succeeded.
Dec 19 16:51:07 debian systemd[1]: Finished Daily man-db regeneration.
Dec 19 16:51:07 debian systemd[1]: Startup finished in 4.253s (kernel) + 45.905s (userspace) = 50.159s.
Dec 19 16:51:09 debian lightdm[1022]: Error getting user list from org.freedesktop.Accounts: GDBus.Error:org.freedesktop.DBus.Error.ServiceUnknown: The name org.freedesktop.Accounts was not provided by any .service files
Dec 19 16:51:09 debian systemd[1]: Created slice User Slice of UID 114.
Dec 19 16:51:09 debian systemd[1]: Starting User Runtime Directory /run/user/114...
Dec 19 16:51:09 debian systemd[1]: Finished User Runtime Directory /run/user/114.
Dec 19 16:51:09 debian systemd[1]: Starting User Manager for UID 114...
Dec 19 16:51:09 debian systemd[1]: systemd-hostnamed.service: Succeeded.
Dec 19 16:51:09 debian systemd[1056]: gpgconf: error al ejecutar '/usr/lib/gnupg/scdaemon': probablemente no está instalado
Dec 19 16:51:10 debian systemd[1051]: Queued start job for default target Main User Target.
Dec 19 16:51:10 debian systemd[1051]: Created slice User Application Slice.
Dec 19 16:51:10 debian systemd[1051]: Reached target Paths.
Dec 19 16:51:10 debian systemd[1051]: Reached target Timers.
Dec 19 16:51:10 debian systemd[1051]: Starting D-Bus User Message Bus Socket.
Dec 19 16:51:10 debian systemd[1051]: Listening on GnuPG network certificate management daemon.
Dec 19 16:51:10 debian systemd[1051]: Listening on GnuPG cryptographic agent and passphrase cache (access for web browsers).
Dec 19 16:51:10 debian systemd[1051]: Listening on GnuPG cryptographic agent and passphrase cache (restricted).
Dec 19 16:51:10 debian systemd[1051]: Listening on GnuPG cryptographic agent (ssh-agent emulation).
Dec 19 16:51:10 debian systemd[1051]: Listening on GnuPG cryptographic agent and passphrase cache.
Dec 19 16:51:10 debian systemd[1051]: Listening on Multimedia System.
Dec 19 16:51:10 debian systemd[1051]: Listening on debconf communication socket.
Dec 19 16:51:10 debian systemd[1051]: Listening on Sound System.
Dec 19 16:51:10 debian systemd[1051]: Listening on D-Bus User Message Bus Socket.
Dec 19 16:51:10 debian systemd[1051]: Reached target Sockets.
Dec 19 16:51:10 debian systemd[1051]: Reached target Basic System.
Dec 19 16:51:10 debian systemd[1]: Started User Manager for UID 114.
Dec 19 16:51:10 debian systemd[1]: Started Session c1 of user lightdm.
Dec 19 16:51:10 debian systemd[1051]: Started Multimedia Service.
Dec 19 16:51:10 debian systemd[1051]: Starting Sound Service...
Dec 19 16:51:10 debian dbus-daemon[460]: [system] Activating via systemd: service name='org.freedesktop.RealtimeKit1' unit='rtkit-daemon.service' requested by ':1.25' (uid=114 pid=1074 comm="/usr/bin/pulseaudio --daemonize=no --log-target=jo")
Dec 19 16:51:10 debian systemd[1]: Starting RealtimeKit Scheduling Policy Service...
Dec 19 16:51:10 debian dbus-daemon[460]: [system] Successfully activated service 'org.freedesktop.RealtimeKit1'
Dec 19 16:51:10 debian systemd[1]: Started RealtimeKit Scheduling Policy Service.
Dec 19 16:51:10 debian rtkit-daemon[1077]: Successfully called chroot.
Dec 19 16:51:10 debian rtkit-daemon[1077]: Successfully dropped privileges.
Dec 19 16:51:10 debian rtkit-daemon[1077]: Successfully limited resources.
Dec 19 16:51:10 debian rtkit-daemon[1077]: Running.
Dec 19 16:51:10 debian rtkit-daemon[1077]: Watchdog thread running.
Dec 19 16:51:10 debian rtkit-daemon[1077]: Canary thread running.
Dec 19 16:51:11 debian rtkit-daemon[1077]: Successfully made thread 1074 of process 1074 owned by '114' high priority at nice level -11.
Dec 19 16:51:11 debian rtkit-daemon[1077]: Supervising 1 threads of 1 processes of 1 users.
Dec 19 16:51:11 debian rtkit-daemon[1077]: Successfully made thread 1073 of process 1073 owned by '114' high priority at nice level -11.
Dec 19 16:51:11 debian rtkit-daemon[1077]: Supervising 2 threads of 2 processes of 1 users.
Dec 19 16:51:11 debian rtkit-daemon[1077]: Supervising 2 threads of 2 processes of 1 users.
Dec 19 16:51:11 debian rtkit-daemon[1077]: Supervising 2 threads of 2 processes of 1 users.
Dec 19 16:51:11 debian rtkit-daemon[1077]: Successfully made thread 1076 of process 1073 owned by '114' RT at priority 20.
Dec 19 16:51:11 debian rtkit-daemon[1077]: Supervising 3 threads of 2 processes of 1 users.
Dec 19 16:51:12 debian systemd[1051]: Started D-Bus User Message Bus.
Dec 19 16:51:12 debian kernel: [   55.055051] audit: type=1400 audit(1639929072.400:20): apparmor="DENIED" operation="capable" profile="/usr/sbin/cups-browsed" pid=772 comm="cups-browsed" capability=23  capname="sys_nice"
Dec 19 16:51:12 debian x11vnc[872]: PORT=5900
Dec 19 16:51:13 debian dbus-daemon[1081]: [session uid=114 pid=1081] Activating via systemd: service name='org.a11y.Bus' unit='at-spi-dbus-bus.service' requested by ':1.3' (uid=114 pid=1075 comm="/usr/sbin/lightdm-gtk-greeter ")
Dec 19 16:51:13 debian systemd[1051]: Starting Accessibility services bus...
Dec 19 16:51:13 debian pipewire[1073]: Failed to receive portal pid: org.freedesktop.DBus.Error.NameHasNoOwner: Could not get PID of name 'org.freedesktop.portal.Desktop': no such name
Dec 19 16:51:13 debian dbus-daemon[1081]: [session uid=114 pid=1081] Successfully activated service 'org.a11y.Bus'
Dec 19 16:51:13 debian systemd[1051]: Started Accessibility services bus.
Dec 19 16:51:13 debian rtkit-daemon[1077]: Successfully made thread 1089 of process 1089 owned by '114' high priority at nice level -11.
Dec 19 16:51:13 debian rtkit-daemon[1077]: Supervising 4 threads of 3 processes of 1 users.
Dec 19 16:51:13 debian rtkit-daemon[1077]: Supervising 4 threads of 3 processes of 1 users.
Dec 19 16:51:13 debian rtkit-daemon[1077]: Supervising 4 threads of 3 processes of 1 users.
Dec 19 16:51:13 debian rtkit-daemon[1077]: Successfully made thread 1095 of process 1089 owned by '114' RT at priority 20.
Dec 19 16:51:13 debian rtkit-daemon[1077]: Supervising 5 threads of 3 processes of 1 users.
Dec 19 16:51:13 debian dbus-daemon[1081]: [session uid=114 pid=1081] Activating via systemd: service name='org.gtk.vfs.Daemon' unit='gvfs-daemon.service' requested by ':1.6' (uid=114 pid=1075 comm="/usr/sbin/lightdm-gtk-greeter ")
Dec 19 16:51:13 debian systemd[1051]: Starting Virtual filesystem service...
Dec 19 16:51:13 debian dbus-daemon[1081]: [session uid=114 pid=1081] Successfully activated service 'org.gtk.vfs.Daemon'
Dec 19 16:51:13 debian systemd[1051]: Started Virtual filesystem service.
Dec 19 16:51:15 debian systemd[1]: systemd-fsckd.service: Succeeded.
Dec 19 16:51:15 debian pulseaudio[1074]: Disabling timer-based scheduling because running inside a VM.
Dec 19 16:51:15 debian rtkit-daemon[1077]: Supervising 5 threads of 3 processes of 1 users.
Dec 19 16:51:15 debian rtkit-daemon[1077]: Successfully made thread 1111 of process 1074 owned by '114' RT at priority 5.
Dec 19 16:51:15 debian rtkit-daemon[1077]: Supervising 6 threads of 3 processes of 1 users.
Dec 19 16:51:15 debian pulseaudio[1074]: Disabling timer-based scheduling because running inside a VM.
Dec 19 16:51:15 debian rtkit-daemon[1077]: Supervising 6 threads of 3 processes of 1 users.
Dec 19 16:51:15 debian rtkit-daemon[1077]: Successfully made thread 1112 of process 1074 owned by '114' RT at priority 5.
Dec 19 16:51:15 debian rtkit-daemon[1077]: Supervising 7 threads of 3 processes of 1 users.
Dec 19 16:51:15 debian systemd[1051]: Started Sound Service.
Dec 19 16:51:15 debian systemd[1051]: Reached target Main User Target.
Dec 19 16:51:15 debian systemd[1051]: Startup finished in 6.100s.
Dec 19 16:51:17 debian at-spi-bus-launcher[1094]: dbus-daemon[1094]: Activating service name='org.a11y.atspi.Registry' requested by ':1.0' (uid=114 pid=1075 comm="/usr/sbin/lightdm-gtk-greeter ")
Dec 19 16:51:17 debian at-spi-bus-launcher[1094]: dbus-daemon[1094]: Successfully activated service 'org.a11y.atspi.Registry'
Dec 19 16:51:17 debian at-spi-bus-launcher[1117]: SpiRegistry daemon is running with well-known name - org.a11y.atspi.Registry
Dec 19 16:51:24 debian lightdm[1120]: Error getting user list from org.freedesktop.Accounts: GDBus.Error:org.freedesktop.DBus.Error.ServiceUnknown: The name org.freedesktop.Accounts was not provided by any .service files
Dec 19 16:51:24 debian systemd[1]: Stopping Session c1 of user lightdm.
Dec 19 16:51:25 debian systemd[1]: session-c1.scope: Succeeded.
Dec 19 16:51:25 debian systemd[1]: Stopped Session c1 of user lightdm.
Dec 19 16:51:25 debian pulseaudio[1074]: Error opening PCM device front:0: No existe el fichero o el directorio
Dec 19 16:51:25 debian pulseaudio[1074]: Error opening PCM device front:0: No existe el fichero o el directorio
Dec 19 16:51:25 debian systemd[1]: Created slice User Slice of UID 1000.
Dec 19 16:51:25 debian systemd[1]: Starting User Runtime Directory /run/user/1000...
Dec 19 16:51:25 debian systemd[1]: Finished User Runtime Directory /run/user/1000.
Dec 19 16:51:25 debian systemd[1]: Starting User Manager for UID 1000...
Dec 19 16:51:25 debian systemd[1130]: gpgconf: error al ejecutar '/usr/lib/gnupg/scdaemon': probablemente no está instalado
Dec 19 16:51:25 debian systemd[1125]: Queued start job for default target Main User Target.
Dec 19 16:51:25 debian rtkit-daemon[1077]: Successfully made thread 1145 of process 1145 owned by '1000' high priority at nice level -11.
Dec 19 16:51:25 debian systemd[1125]: Created slice User Application Slice.
Dec 19 16:51:25 debian rtkit-daemon[1077]: Supervising 6 threads of 4 processes of 2 users.
Dec 19 16:51:25 debian systemd[1125]: Reached target Paths.
Dec 19 16:51:26 debian rtkit-daemon[1077]: Supervising 6 threads of 4 processes of 2 users.
Dec 19 16:51:26 debian systemd[1125]: Reached target Timers.
Dec 19 16:51:26 debian rtkit-daemon[1077]: Supervising 6 threads of 4 processes of 2 users.
Dec 19 16:51:26 debian systemd[1125]: Starting D-Bus User Message Bus Socket.
Dec 19 16:51:26 debian rtkit-daemon[1077]: Successfully made thread 1148 of process 1145 owned by '1000' RT at priority 20.
Dec 19 16:51:26 debian systemd[1125]: Listening on GnuPG network certificate management daemon.
Dec 19 16:51:26 debian rtkit-daemon[1077]: Supervising 7 threads of 4 processes of 2 users.
Dec 19 16:51:26 debian systemd[1125]: Listening on GnuPG cryptographic agent and passphrase cache (access for web browsers).
Dec 19 16:51:26 debian rtkit-daemon[1077]: Successfully made thread 1150 of process 1150 owned by '1000' high priority at nice level -11.
Dec 19 16:51:26 debian systemd[1125]: Listening on GnuPG cryptographic agent and passphrase cache (restricted).
Dec 19 16:51:26 debian rtkit-daemon[1077]: Supervising 8 threads of 5 processes of 2 users.
Dec 19 16:51:26 debian systemd[1125]: Listening on GnuPG cryptographic agent (ssh-agent emulation).
Dec 19 16:51:26 debian rtkit-daemon[1077]: Successfully made thread 1146 of process 1146 owned by '1000' high priority at nice level -11.
Dec 19 16:51:26 debian systemd[1125]: Listening on GnuPG cryptographic agent and passphrase cache.
Dec 19 16:51:26 debian rtkit-daemon[1077]: Supervising 9 threads of 6 processes of 2 users.
Dec 19 16:51:26 debian systemd[1125]: Listening on Multimedia System.
Dec 19 16:51:26 debian rtkit-daemon[1077]: Supervising 9 threads of 6 processes of 2 users.
Dec 19 16:51:26 debian systemd[1125]: Listening on debconf communication socket.
Dec 19 16:51:26 debian rtkit-daemon[1077]: Supervising 9 threads of 6 processes of 2 users.
Dec 19 16:51:26 debian systemd[1125]: Listening on Sound System.
Dec 19 16:51:26 debian rtkit-daemon[1077]: Successfully made thread 1151 of process 1150 owned by '1000' RT at priority 20.
Dec 19 16:51:26 debian systemd[1125]: Listening on D-Bus User Message Bus Socket.
Dec 19 16:51:26 debian rtkit-daemon[1077]: Supervising 10 threads of 6 processes of 2 users.
Dec 19 16:51:26 debian systemd[1125]: Reached target Sockets.
Dec 19 16:51:26 debian rtkit-daemon[1077]: Supervising 9 threads of 5 processes of 2 users.
Dec 19 16:51:26 debian systemd[1125]: Reached target Basic System.
Dec 19 16:51:26 debian rtkit-daemon[1077]: Successfully made thread 1152 of process 1146 owned by '1000' RT at priority 5.
Dec 19 16:51:26 debian systemd[1]: Started User Manager for UID 1000.
Dec 19 16:51:26 debian rtkit-daemon[1077]: Supervising 10 threads of 5 processes of 2 users.
Dec 19 16:51:26 debian systemd[1]: Started Session 2 of user daniel.
Dec 19 16:51:26 debian rtkit-daemon[1077]: Supervising 10 threads of 5 processes of 2 users.
Dec 19 16:51:26 debian systemd[1125]: Started Multimedia Service.
Dec 19 16:51:26 debian rtkit-daemon[1077]: Successfully made thread 1153 of process 1146 owned by '1000' RT at priority 5.
Dec 19 16:51:26 debian systemd[1125]: Starting Sound Service...
Dec 19 16:51:26 debian rtkit-daemon[1077]: Supervising 11 threads of 5 processes of 2 users.
Dec 19 16:51:26 debian systemd[1125]: Started D-Bus User Message Bus.
Dec 19 16:51:26 debian pipewire[1145]: Failed to receive portal pid: org.freedesktop.DBus.Error.NameHasNoOwner: Could not get PID of name 'org.freedesktop.portal.Desktop': no such name
Dec 19 16:51:26 debian systemd[1051]: pulseaudio.service: Succeeded.
Dec 19 16:51:26 debian pulseaudio[1146]: Disabling timer-based scheduling because running inside a VM.
Dec 19 16:51:26 debian pulseaudio[1146]: Disabling timer-based scheduling because running inside a VM.
Dec 19 16:51:26 debian systemd[1125]: Started Sound Service.
Dec 19 16:51:26 debian systemd[1125]: Reached target Main User Target.
Dec 19 16:51:26 debian systemd[1125]: Startup finished in 519ms.
Dec 19 16:51:27 debian dbus-daemon[1149]: [session uid=1000 pid=1149] Activating via systemd: service name='org.a11y.Bus' unit='at-spi-dbus-bus.service' requested by ':1.9' (uid=1000 pid=1158 comm="xfce4-session ")
Dec 19 16:51:27 debian systemd[1125]: Starting Accessibility services bus...
Dec 19 16:51:27 debian dbus-daemon[1149]: [session uid=1000 pid=1149] Successfully activated service 'org.a11y.Bus'
Dec 19 16:51:27 debian systemd[1125]: Started Accessibility services bus.
Dec 19 16:51:27 debian dbus-daemon[1149]: [session uid=1000 pid=1149] Activating service name='org.xfce.Xfconf' requested by ':1.11' (uid=1000 pid=1158 comm="xfce4-session ")
Dec 19 16:51:27 debian dbus-daemon[1149]: [session uid=1000 pid=1149] Successfully activated service 'org.xfce.Xfconf'
Dec 19 16:51:27 debian at-spi-bus-launcher[1220]: dbus-daemon[1220]: Activating service name='org.a11y.atspi.Registry' requested by ':1.0' (uid=1000 pid=1158 comm="xfce4-session ")
Dec 19 16:51:27 debian at-spi-bus-launcher[1220]: dbus-daemon[1220]: Successfully activated service 'org.a11y.atspi.Registry'
Dec 19 16:51:27 debian at-spi-bus-launcher[1230]: SpiRegistry daemon is running with well-known name - org.a11y.atspi.Registry
Dec 19 16:51:27 debian systemd[1125]: Started GnuPG cryptographic agent and passphrase cache.
Dec 19 16:51:27 debian gpg-agent[1237]: gpg-agent (GnuPG) 2.2.27 starting in supervised mode.
Dec 19 16:51:27 debian gpg-agent[1237]: using fd 3 for browser socket (/run/user/1000/gnupg/S.gpg-agent.browser)
Dec 19 16:51:27 debian gpg-agent[1237]: using fd 4 for ssh socket (/run/user/1000/gnupg/S.gpg-agent.ssh)
Dec 19 16:51:27 debian gpg-agent[1237]: using fd 5 for std socket (/run/user/1000/gnupg/S.gpg-agent)
Dec 19 16:51:27 debian gpg-agent[1237]: using fd 6 for extra socket (/run/user/1000/gnupg/S.gpg-agent.extra)
Dec 19 16:51:27 debian gpg-agent[1237]: listening on: std=5 extra=6 browser=3 ssh=4
Dec 19 16:51:27 debian systemd[1125]: gpg-agent.service: Succeeded.
Dec 19 16:51:27 debian systemd[1125]: Started GnuPG cryptographic agent and passphrase cache.
Dec 19 16:51:27 debian gpg-agent[1240]: gpg-agent (GnuPG) 2.2.27 starting in supervised mode.
Dec 19 16:51:27 debian gpg-agent[1240]: using fd 3 for browser socket (/run/user/1000/gnupg/S.gpg-agent.browser)
Dec 19 16:51:27 debian gpg-agent[1240]: using fd 4 for ssh socket (/run/user/1000/gnupg/S.gpg-agent.ssh)
Dec 19 16:51:27 debian gpg-agent[1240]: using fd 5 for std socket (/run/user/1000/gnupg/S.gpg-agent)
Dec 19 16:51:27 debian gpg-agent[1240]: using fd 6 for extra socket (/run/user/1000/gnupg/S.gpg-agent.extra)
Dec 19 16:51:27 debian gpg-agent[1240]: listening on: std=5 extra=6 browser=3 ssh=4
Dec 19 16:51:27 debian dbus-daemon[1149]: [session uid=1000 pid=1149] Activating via systemd: service name='org.gtk.vfs.Daemon' unit='gvfs-daemon.service' requested by ':1.14' (uid=1000 pid=1242 comm="xfwm4 ")
Dec 19 16:51:27 debian systemd[1125]: Starting Virtual filesystem service...
Dec 19 16:51:27 debian dbus-daemon[1149]: [session uid=1000 pid=1149] Successfully activated service 'org.gtk.vfs.Daemon'
Dec 19 16:51:27 debian systemd[1125]: Started Virtual filesystem service.
Dec 19 16:51:28 debian dbus-daemon[460]: [system] Activating via systemd: service name='org.freedesktop.UPower' unit='upower.service' requested by ':1.46' (uid=1000 pid=1255 comm="xfsettingsd ")
Dec 19 16:51:28 debian systemd[1]: Starting Daemon for power management...
Dec 19 16:51:28 debian dbus-daemon[460]: [system] Successfully activated service 'org.freedesktop.UPower'
Dec 19 16:51:28 debian systemd[1]: Started Daemon for power management.
Dec 19 16:51:29 debian dbus-daemon[1149]: [session uid=1000 pid=1149] Activating service name='org.freedesktop.thumbnails.Thumbnailer1' requested by ':1.19' (uid=1000 pid=1278 comm="xfdesktop ")
Dec 19 16:51:29 debian dbus-daemon[1149]: [session uid=1000 pid=1149] Activating service name='ca.desrt.dconf' requested by ':1.26' (uid=1000 pid=1301 comm="light-locker ")
Dec 19 16:51:29 debian dbus-daemon[1149]: [session uid=1000 pid=1149] Successfully activated service 'ca.desrt.dconf'
Dec 19 16:51:30 debian NetworkManager[461]: <info>  [1639929090.2457] agent-manager: agent[4121e56fdc9305c2,:1.52/org.freedesktop.nm-applet/1000]: agent registered
Dec 19 16:51:32 debian org.freedesktop.thumbnails.Thumbnailer1[1284]: Registered thumbnailer atril-thumbnailer -s %s %u %o
Dec 19 16:51:32 debian org.freedesktop.thumbnails.Thumbnailer1[1284]: Registered thumbnailer /usr/bin/gdk-pixbuf-thumbnailer -s %s %u %o
Dec 19 16:51:32 debian org.freedesktop.thumbnails.Thumbnailer1[1284]: Registered thumbnailer /usr/bin/gdk-pixbuf-thumbnailer -s %s %u %o
Dec 19 16:51:32 debian dbus-daemon[1149]: [session uid=1000 pid=1149] Activating via systemd: service name='org.gtk.vfs.UDisks2VolumeMonitor' unit='gvfs-udisks2-volume-monitor.service' requested by ':1.22' (uid=1000 pid=1284 comm="/usr/lib/x86_64-linux-gnu/tumbler-1/tumblerd ")
Dec 19 16:51:32 debian systemd[1125]: Starting Virtual filesystem service - disk device monitor...
Dec 19 16:51:32 debian dbus-daemon[1149]: [session uid=1000 pid=1149] Successfully activated service 'org.gtk.vfs.UDisks2VolumeMonitor'
Dec 19 16:51:32 debian systemd[1125]: Started Virtual filesystem service - disk device monitor.
Dec 19 16:51:32 debian dbus-daemon[1149]: [session uid=1000 pid=1149] Successfully activated service 'org.freedesktop.thumbnails.Thumbnailer1'
Dec 19 16:51:33 debian dbus-daemon[1149]: [session uid=1000 pid=1149] Activating via systemd: service name='org.gtk.vfs.Metadata' unit='gvfs-metadata.service' requested by ':1.19' (uid=1000 pid=1278 comm="xfdesktop ")
Dec 19 16:51:33 debian systemd[1125]: Starting Virtual filesystem metadata service...
Dec 19 16:51:33 debian dbus-daemon[1149]: [session uid=1000 pid=1149] Successfully activated service 'org.gtk.vfs.Metadata'
Dec 19 16:51:33 debian systemd[1125]: Started Virtual filesystem metadata service.
Dec 19 16:51:35 debian systemd[1]: Stopping User Manager for UID 114...
Dec 19 16:51:35 debian systemd[1051]: Stopped target Main User Target.
Dec 19 16:51:35 debian systemd[1051]: Stopping Accessibility services bus...
Dec 19 16:51:35 debian systemd[1051]: Stopping D-Bus User Message Bus...
Dec 19 16:51:35 debian systemd[1051]: Stopping Virtual filesystem service...
Dec 19 16:51:35 debian pipewire-media-session[1089]: error id:0 seq:158 res:-32 (Broken pipe): connection error
Dec 19 16:51:35 debian systemd[1051]: Stopping Multimedia Service...
Dec 19 16:51:35 debian systemd[1051]: pipewire.service: Succeeded.
Dec 19 16:51:35 debian systemd[1051]: Stopped Multimedia Service.
Dec 19 16:51:35 debian systemd[1051]: dbus.service: Succeeded.
Dec 19 16:51:35 debian systemd[1051]: Stopped D-Bus User Message Bus.
Dec 19 16:51:35 debian systemd[1051]: at-spi-dbus-bus.service: Succeeded.
Dec 19 16:51:35 debian systemd[1051]: Stopped Accessibility services bus.
Dec 19 16:51:35 debian systemd[1051]: gvfs-daemon.service: Succeeded.
Dec 19 16:51:35 debian systemd[1051]: Stopped Virtual filesystem service.
Dec 19 16:51:35 debian systemd[1051]: Stopped target Basic System.
Dec 19 16:51:35 debian systemd[1051]: Stopped target Paths.
Dec 19 16:51:35 debian systemd[1051]: Stopped target Sockets.
Dec 19 16:51:35 debian systemd[1051]: Stopped target Timers.
Dec 19 16:51:35 debian systemd[1051]: dbus.socket: Succeeded.
Dec 19 16:51:35 debian systemd[1051]: Closed D-Bus User Message Bus Socket.
Dec 19 16:51:35 debian systemd[1051]: dirmngr.socket: Succeeded.
Dec 19 16:51:35 debian systemd[1051]: Closed GnuPG network certificate management daemon.
Dec 19 16:51:35 debian systemd[1051]: gpg-agent-browser.socket: Succeeded.
Dec 19 16:51:35 debian systemd[1051]: Closed GnuPG cryptographic agent and passphrase cache (access for web browsers).
Dec 19 16:51:35 debian systemd[1051]: gpg-agent-extra.socket: Succeeded.
Dec 19 16:51:35 debian systemd[1051]: Closed GnuPG cryptographic agent and passphrase cache (restricted).
Dec 19 16:51:35 debian systemd[1051]: gpg-agent-ssh.socket: Succeeded.
Dec 19 16:51:35 debian systemd[1051]: Closed GnuPG cryptographic agent (ssh-agent emulation).
Dec 19 16:51:35 debian systemd[1051]: gpg-agent.socket: Succeeded.
Dec 19 16:51:35 debian systemd[1051]: Closed GnuPG cryptographic agent and passphrase cache.
Dec 19 16:51:35 debian systemd[1051]: pipewire.socket: Succeeded.
Dec 19 16:51:35 debian systemd[1051]: Closed Multimedia System.
Dec 19 16:51:35 debian systemd[1051]: pk-debconf-helper.socket: Succeeded.
Dec 19 16:51:35 debian systemd[1051]: Closed debconf communication socket.
Dec 19 16:51:35 debian systemd[1051]: pulseaudio.socket: Succeeded.
Dec 19 16:51:35 debian systemd[1051]: Closed Sound System.
Dec 19 16:51:35 debian systemd[1051]: Removed slice User Application Slice.
Dec 19 16:51:35 debian systemd[1051]: Reached target Shutdown.
Dec 19 16:51:35 debian systemd[1051]: systemd-exit.service: Succeeded.
Dec 19 16:51:35 debian systemd[1051]: Finished Exit the Session.
Dec 19 16:51:35 debian systemd[1051]: Reached target Exit the Session.
Dec 19 16:51:35 debian systemd[1]: user@114.service: Succeeded.
Dec 19 16:51:35 debian systemd[1]: Stopped User Manager for UID 114.
Dec 19 16:51:35 debian systemd[1]: Stopping User Runtime Directory /run/user/114...
Dec 19 16:51:35 debian systemd[1125]: run-user-114.mount: Succeeded.
Dec 19 16:51:35 debian systemd[1]: run-user-114.mount: Succeeded.
Dec 19 16:51:35 debian systemd[1]: user-runtime-dir@114.service: Succeeded.
Dec 19 16:51:35 debian systemd[1]: Stopped User Runtime Directory /run/user/114.
Dec 19 16:51:35 debian systemd[1]: Removed slice User Slice of UID 114.
Dec 19 16:51:49 debian systemd-timesyncd[443]: Initial synchronization to time server 45.83.234.123:123 (2.debian.pool.ntp.org).
Dec 19 16:53:12 debian systemd[1]: Started Session 4 of user daniel.
Dec 19 16:55:33 debian anacron[458]: Job `cron.daily' started
Dec 19 16:55:33 debian anacron[1394]: Updated timestamp for job `cron.daily' to 2021-12-19
Dec 19 16:55:34 debian anacron[458]: Job `cron.daily' terminated
Dec 19 16:55:34 debian anacron[458]: Normal exit (1 job run)
Dec 19 16:55:34 debian systemd[1]: anacron.service: Succeeded.
Dec 19 16:55:36 debian dhclient[534]: DHCPREQUEST for 10.0.2.20 on enp0s3 to 10.0.2.3 port 67
Dec 19 16:55:36 debian dhclient[534]: DHCPACK of 10.0.2.20 from 10.0.2.3
Dec 19 16:55:36 debian systemd[1]: Reloading Samba SMB Daemon.
Dec 19 16:55:36 debian systemd[1]: Reloaded Samba SMB Daemon.
Dec 19 16:55:36 debian dhclient[534]: bound to 10.0.2.20 -- renewal in 296 seconds.
Dec 19 16:56:36 debian kernel: [  377.789307] Loading iSCSI transport class v2.0-870.
Dec 19 16:56:36 debian kernel: [  377.822727] iscsi: registered transport (tcp)
Dec 19 16:56:36 debian kernel: [  377.932991] iscsi: registered transport (iser)
Dec 19 16:56:36 debian systemd[1]: Reloading.
Dec 19 16:56:37 debian systemd[1]: /lib/systemd/system/plymouth-start.service:16: Unit configured to use KillMode=none. This is unsafe, as it disables systemd's process lifecycle management for the service. Please update your service to use a safer KillMode=, such as 'mixed' or 'control-group'. Support for KillMode=none is deprecated and will eventually be removed.
Dec 19 16:56:37 debian systemd[1]: Reloading.
Dec 19 16:56:37 debian systemd[1]: /lib/systemd/system/plymouth-start.service:16: Unit configured to use KillMode=none. This is unsafe, as it disables systemd's process lifecycle management for the service. Please update your service to use a safer KillMode=, such as 'mixed' or 'control-group'. Support for KillMode=none is deprecated and will eventually be removed.
Dec 19 16:56:37 debian systemd[1]: Reloading.
Dec 19 16:56:37 debian systemd[1]: /lib/systemd/system/plymouth-start.service:16: Unit configured to use KillMode=none. This is unsafe, as it disables systemd's process lifecycle management for the service. Please update your service to use a safer KillMode=, such as 'mixed' or 'control-group'. Support for KillMode=none is deprecated and will eventually be removed.
Dec 19 16:56:37 debian systemd[1]: Starting iSCSI initiator daemon (iscsid)...
Dec 19 16:56:37 debian iscsid: iSCSI logger with pid=1580 started!
Dec 19 16:56:37 debian systemd[1]: iscsid.service: Failed to parse PID from file /run/iscsid.pid: Invalid argument
Dec 19 16:56:37 debian iscsid: iSCSI daemon with pid=1581 started!
Dec 19 16:56:37 debian systemd[1]: Started iSCSI initiator daemon (iscsid).
Dec 19 16:56:37 debian systemd[1]: Reloading.
Dec 19 16:56:37 debian systemd[1]: /lib/systemd/system/plymouth-start.service:16: Unit configured to use KillMode=none. This is unsafe, as it disables systemd's process lifecycle management for the service. Please update your service to use a safer KillMode=, such as 'mixed' or 'control-group'. Support for KillMode=none is deprecated and will eventually be removed.
Dec 19 16:56:37 debian systemd[1]: Starting Login to default iSCSI targets...
Dec 19 16:56:37 debian iscsiadm[1603]: iscsiadm: No records found
Dec 19 16:56:37 debian systemd[1]: Finished Login to default iSCSI targets.
Dec 19 16:57:03 debian dbus-daemon[460]: [system] Activating via systemd: service name='org.freedesktop.PackageKit' unit='packagekit.service' requested by ':1.60' (uid=0 pid=7383 comm="/usr/bin/gdbus call --system --dest org.freedeskto")
Dec 19 16:57:03 debian systemd[1]: Starting PackageKit Daemon...
Dec 19 16:57:04 debian PackageKit: daemon start
Dec 19 16:57:04 debian dbus-daemon[460]: [system] Successfully activated service 'org.freedesktop.PackageKit'
Dec 19 16:57:04 debian systemd[1]: Started PackageKit Daemon.
Dec 19 16:58:19 debian kernel: [  480.937976] scsi host4: iSCSI Initiator over TCP/IP
Dec 19 16:58:19 debian kernel: [  480.943875] scsi 4:0:0:0: Direct-Access     TrueNAS  iSCSI Disk       0123 PQ: 0 ANSI: 7
Dec 19 16:58:19 debian kernel: [  480.945077] sd 4:0:0:0: Power-on or device reset occurred
Dec 19 16:58:19 debian kernel: [  480.945342] sd 4:0:0:0: Attached scsi generic sg3 type 0
Dec 19 16:58:19 debian kernel: [  480.947064] sd 4:0:0:0: [sdc] 41943072 512-byte logical blocks: (21.5 GB/20.0 GiB)
Dec 19 16:58:19 debian kernel: [  480.947066] sd 4:0:0:0: [sdc] 16384-byte physical blocks
Dec 19 16:58:19 debian kernel: [  480.947177] sd 4:0:0:0: [sdc] Write Protect is off
Dec 19 16:58:19 debian kernel: [  480.947179] sd 4:0:0:0: [sdc] Mode Sense: 7f 00 10 08
Dec 19 16:58:19 debian kernel: [  480.948459] sd 4:0:0:0: [sdc] Write cache: enabled, read cache: enabled, supports DPO and FUA
Dec 19 16:58:19 debian kernel: [  480.948860] sd 4:0:0:0: [sdc] Optimal transfer size 1048576 bytes
Dec 19 16:58:19 debian kernel: [  480.950847]  sdc: sdc1
Dec 19 16:58:19 debian kernel: [  480.957357] sd 4:0:0:0: [sdc] Attached SCSI disk
Dec 19 16:58:20 debian iscsid: Connection1:0 to [target: iqn.2005-10.org.freenas.ctl:iscsi-drive-windows, portal: 192.168.56.108,3260] through [iface: default] is operational now
Dec 19 16:58:52 debian dbus-daemon[1149]: [session uid=1000 pid=1149] Activating service name='org.freedesktop.thumbnails.Thumbnailer1' requested by ':1.18' (uid=1000 pid=1273 comm="Thunar --daemon ")
Dec 19 16:58:53 debian org.freedesktop.thumbnails.Thumbnailer1[7434]: Registered thumbnailer atril-thumbnailer -s %s %u %o
Dec 19 16:58:53 debian org.freedesktop.thumbnails.Thumbnailer1[7434]: Registered thumbnailer /usr/bin/gdk-pixbuf-thumbnailer -s %s %u %o
Dec 19 16:58:53 debian org.freedesktop.thumbnails.Thumbnailer1[7434]: Registered thumbnailer /usr/bin/gdk-pixbuf-thumbnailer -s %s %u %o
Dec 19 16:58:53 debian dbus-daemon[1149]: [session uid=1000 pid=1149] Successfully activated service 'org.freedesktop.thumbnails.Thumbnailer1'
Dec 19 16:58:58 debian udisksd[468]: Mounted /dev/sdc1 at /media/daniel/Nuevo vol on behalf of uid 1000
Dec 19 16:58:58 debian ntfs-3g[7445]: Version 2017.3.23AR.3 integrated FUSE 28
Dec 19 16:58:58 debian ntfs-3g[7445]: Mounted /dev/sdc1 (Read-Write, label "Nuevo vol", NTFS 3.1)
Dec 19 16:58:58 debian ntfs-3g[7445]: Cmdline options: rw,nodev,nosuid,uid=1000,gid=1000,windows_names,uhelper=udisks2
Dec 19 16:58:58 debian ntfs-3g[7445]: Mount options: nodev,nosuid,uhelper=udisks2,allow_other,nonempty,relatime,rw,default_permissions,fsname=/dev/sdc1,blkdev,blksize=4096
Dec 19 16:58:58 debian ntfs-3g[7445]: Global ownership and permissions enforced, configuration type 7
Dec 19 17:00:32 debian dhclient[534]: DHCPREQUEST for 10.0.2.20 on enp0s3 to 10.0.2.3 port 67
Dec 19 17:00:32 debian dhclient[534]: DHCPACK of 10.0.2.20 from 10.0.2.3
Dec 19 17:00:32 debian systemd[1]: Reloading Samba SMB Daemon.
Dec 19 17:00:32 debian systemd[1]: Reloaded Samba SMB Daemon.
Dec 19 17:00:32 debian dhclient[534]: bound to 10.0.2.20 -- renewal in 257 seconds.
Dec 19 17:00:35 debian kernel: [  616.866940] usb 2-1: USB disconnect, device number 2
Dec 19 17:00:35 debian kernel: [  617.194553]  connection1:0: detected conn error (1020)
Dec 19 17:00:36 debian kernel: [  617.284365] usb 2-1: new full-speed USB device number 3 using ohci-pci
Dec 19 17:00:36 debian kernel: [  617.611986] usb 2-1: New USB device found, idVendor=80ee, idProduct=0021, bcdDevice= 1.00
Dec 19 17:00:36 debian kernel: [  617.611988] usb 2-1: New USB device strings: Mfr=1, Product=3, SerialNumber=0
Dec 19 17:00:36 debian kernel: [  617.611989] usb 2-1: Product: USB Tablet
Dec 19 17:00:36 debian kernel: [  617.611989] usb 2-1: Manufacturer: VirtualBox
Dec 19 17:00:36 debian kernel: [  617.631488] input: VirtualBox USB Tablet as /devices/pci0000:00/0000:00:06.0/usb2/2-1/2-1:1.0/0003:80EE:0021.0002/input/input9
Dec 19 17:00:36 debian kernel: [  617.631749] hid-generic 0003:80EE:0021.0002: input,hidraw0: USB HID v1.10 Mouse [VirtualBox USB Tablet] on usb-0000:00:06.0-1/input0
Dec 19 17:00:36 debian iscsid: Kernel reported iSCSI connection 1:0 error (1020 - ISCSI_ERR_TCP_CONN_CLOSE: TCP connection closed) state (3)
Dec 19 17:00:37 debian kernel: [  619.198598] sd 4:0:0:0: Power-on or device reset occurred
Dec 19 17:00:38 debian iscsid: connection1:0 is operational after recovery (1 attempts)
Dec 19 17:00:44 debian systemd[1]: unattended-upgrades.service: Succeeded.
Dec 19 17:00:44 debian systemd[1]: Stopped Unattended Upgrades Shutdown.
Dec 19 17:00:44 debian systemd[1]: Stopping Session 2 of user daniel.
Dec 19 17:00:44 debian systemd[1]: Stopping Session 4 of user daniel.
Dec 19 17:00:44 debian systemd[1]: Removed slice system-modprobe.slice.
Dec 19 17:00:44 debian systemd[1]: Stopped target Graphical Interface.
Dec 19 17:00:44 debian systemd[1]: Stopped target RPC Port Mapper.
Dec 19 17:00:44 debian systemd[1]: Stopped target Sound Card.
Dec 19 17:00:44 debian systemd[1]: Stopped target Timers.
Dec 19 17:00:44 debian systemd[1]: anacron.timer: Succeeded.
Dec 19 17:00:44 debian systemd[1]: Stopped Trigger anacron every hour.
Dec 19 17:00:44 debian systemd[1]: apt-daily-upgrade.timer: Succeeded.
Dec 19 17:00:44 debian systemd[1]: Stopped Daily apt upgrade and clean activities.
Dec 19 17:00:44 debian systemd[1]: apt-daily.timer: Succeeded.
Dec 19 17:00:44 debian systemd[1]: Stopped Daily apt download activities.
Dec 19 17:00:44 debian systemd[1]: e2scrub_all.timer: Succeeded.
Dec 19 17:00:44 debian systemd[1]: Stopped Periodic ext4 Online Metadata Check for All Filesystems.
Dec 19 17:00:44 debian systemd[1]: fstrim.timer: Succeeded.
Dec 19 17:00:44 debian systemd[1]: Stopped Discard unused blocks once a week.
Dec 19 17:00:44 debian systemd[1]: logrotate.timer: Succeeded.
Dec 19 17:00:44 debian systemd[1]: Stopped Daily rotation of log files.
Dec 19 17:00:44 debian systemd[1]: man-db.timer: Succeeded.
Dec 19 17:00:44 debian systemd[1]: Stopped Daily man-db regeneration.
Dec 19 17:00:44 debian systemd[1]: phpsessionclean.timer: Succeeded.
Dec 19 17:00:44 debian systemd[1]: Stopped Clean PHP session files every 30 mins.
Dec 19 17:00:44 debian systemd[1]: systemd-tmpfiles-clean.timer: Succeeded.
Dec 19 17:00:44 debian systemd[1]: Stopped Daily Cleanup of Temporary Directories.
Dec 19 17:00:44 debian systemd[1]: Stopped target System Time Synchronized.
Dec 19 17:00:44 debian systemd[1]: Stopped target System Time Set.
Dec 19 17:00:44 debian systemd[1]: systemd-rfkill.socket: Succeeded.
Dec 19 17:00:44 debian systemd[1]: Closed Load/Save RF Kill Switch Status /dev/rfkill Watch.
Dec 19 17:00:44 debian systemd[1]: Stopping Save/Restore Sound Card State...
Dec 19 17:00:44 debian systemd[1]: Stopping Manage, Install and Generate Color Profiles...
Dec 19 17:00:44 debian at-spi-bus-launcher[1230]: X connection to :0 broken (explicit kill or server shutdown).
Dec 19 17:01:38 debian kernel: [    0.000000] Linux version 5.10.0-9-amd64 (debian-kernel@lists.debian.org) (gcc-10 (Debian 10.2.1-6) 10.2.1 20210110, GNU ld (GNU Binutils for Debian) 2.35.2) #1 SMP Debian 5.10.70-1 (2021-09-30)
Dec 19 17:01:38 debian kernel: [    0.000000] Command line: BOOT_IMAGE=/boot/vmlinuz-5.10.0-9-amd64 root=UUID=f5c14665-8e0f-4a6a-aded-5316900587e2 ro quiet
Dec 19 17:01:38 debian kernel: [    0.000000] x86/fpu: Supporting XSAVE feature 0x001: 'x87 floating point registers'
Dec 19 17:01:38 debian kernel: [    0.000000] x86/fpu: Supporting XSAVE feature 0x002: 'SSE registers'
Dec 19 17:01:38 debian kernel: [    0.000000] x86/fpu: Supporting XSAVE feature 0x004: 'AVX registers'
Dec 19 17:01:38 debian kernel: [    0.000000] x86/fpu: xstate_offset[2]:  576, xstate_sizes[2]:  256
Dec 19 17:01:38 debian kernel: [    0.000000] x86/fpu: Enabled xstate features 0x7, context size is 832 bytes, using 'standard' format.
Dec 19 17:01:38 debian kernel: [    0.000000] BIOS-provided physical RAM map:
Dec 19 17:01:38 debian kernel: [    0.000000] BIOS-e820: [mem 0x0000000000000000-0x000000000009fbff] usable
Dec 19 17:01:38 debian kernel: [    0.000000] BIOS-e820: [mem 0x000000000009fc00-0x000000000009ffff] reserved
Dec 19 17:01:38 debian kernel: [    0.000000] BIOS-e820: [mem 0x00000000000f0000-0x00000000000fffff] reserved
Dec 19 17:01:38 debian kernel: [    0.000000] BIOS-e820: [mem 0x0000000000100000-0x00000000dffeffff] usable
Dec 19 17:01:38 debian kernel: [    0.000000] BIOS-e820: [mem 0x00000000dfff0000-0x00000000dfffffff] ACPI data
Dec 19 17:01:38 debian kernel: [    0.000000] BIOS-e820: [mem 0x00000000fec00000-0x00000000fec00fff] reserved
Dec 19 17:01:38 debian kernel: [    0.000000] BIOS-e820: [mem 0x00000000fee00000-0x00000000fee00fff] reserved
Dec 19 17:01:38 debian kernel: [    0.000000] BIOS-e820: [mem 0x00000000fffc0000-0x00000000ffffffff] reserved
Dec 19 17:01:38 debian kernel: [    0.000000] BIOS-e820: [mem 0x0000000100000000-0x000000019fffffff] usable
Dec 19 17:01:38 debian kernel: [    0.000000] NX (Execute Disable) protection: active
Dec 19 17:01:38 debian kernel: [    0.000000] SMBIOS 2.5 present.
Dec 19 17:01:38 debian kernel: [    0.000000] DMI: innotek GmbH VirtualBox/VirtualBox, BIOS VirtualBox 12/01/2006
Dec 19 17:01:38 debian kernel: [    0.000000] Hypervisor detected: KVM
Dec 19 17:01:38 debian kernel: [    0.000000] kvm-clock: Using msrs 4b564d01 and 4b564d00
Dec 19 17:01:38 debian kernel: [    0.000000] kvm-clock: cpu 0, msr 129ab3001, primary cpu clock
Dec 19 17:01:38 debian kernel: [    0.000000] kvm-clock: using sched offset of 9737368876 cycles
Dec 19 17:01:38 debian kernel: [    0.000001] clocksource: kvm-clock: mask: 0xffffffffffffffff max_cycles: 0x1cd42e4dffb, max_idle_ns: 881590591483 ns
Dec 19 17:01:38 debian kernel: [    0.000003] tsc: Detected 3302.406 MHz processor
Dec 19 17:01:38 debian kernel: [    0.000425] e820: update [mem 0x00000000-0x00000fff] usable ==> reserved
Dec 19 17:01:38 debian kernel: [    0.000427] e820: remove [mem 0x000a0000-0x000fffff] usable
Dec 19 17:01:38 debian kernel: [    0.000429] last_pfn = 0x1a0000 max_arch_pfn = 0x400000000
Dec 19 17:01:38 debian kernel: [    0.000436] MTRR default type: uncachable
Dec 19 17:01:38 debian kernel: [    0.000437] MTRR variable ranges disabled:
Dec 19 17:01:38 debian kernel: [    0.000437] Disabled
Dec 19 17:01:38 debian kernel: [    0.000438] x86/PAT: MTRRs disabled, skipping PAT initialization too.
Dec 19 17:01:38 debian kernel: [    0.000440] CPU MTRRs all blank - virtualized system.
Dec 19 17:01:38 debian kernel: [    0.000441] x86/PAT: Configuration [0-7]: WB  WT  UC- UC  WB  WT  UC- UC  
Dec 19 17:01:38 debian kernel: [    0.000444] last_pfn = 0xdfff0 max_arch_pfn = 0x400000000
Dec 19 17:01:38 debian kernel: [    0.000487] found SMP MP-table at [mem 0x0009fff0-0x0009ffff]
Dec 19 17:01:38 debian kernel: [    0.050791] RAMDISK: [mem 0x32ff7000-0x357f2fff]
Dec 19 17:01:38 debian kernel: [    0.050794] ACPI: Early table checksum verification disabled
Dec 19 17:01:38 debian kernel: [    0.050798] ACPI: RSDP 0x00000000000E0000 000024 (v02 VBOX  )
Dec 19 17:01:38 debian kernel: [    0.050801] ACPI: XSDT 0x00000000DFFF0030 00003C (v01 VBOX   VBOXXSDT 00000001 ASL  00000061)
Dec 19 17:01:38 debian kernel: [    0.050805] ACPI: FACP 0x00000000DFFF00F0 0000F4 (v04 VBOX   VBOXFACP 00000001 ASL  00000061)
Dec 19 17:01:38 debian kernel: [    0.050809] ACPI: DSDT 0x00000000DFFF0470 002325 (v02 VBOX   VBOXBIOS 00000002 INTL 20100528)
Dec 19 17:01:38 debian kernel: [    0.050811] ACPI: FACS 0x00000000DFFF0200 000040
Dec 19 17:01:38 debian kernel: [    0.050813] ACPI: FACS 0x00000000DFFF0200 000040
Dec 19 17:01:38 debian kernel: [    0.050817] ACPI: APIC 0x00000000DFFF0240 000054 (v02 VBOX   VBOXAPIC 00000001 ASL  00000061)
Dec 19 17:01:38 debian kernel: [    0.050819] ACPI: SSDT 0x00000000DFFF02A0 0001CC (v01 VBOX   VBOXCPUT 00000002 INTL 20100528)
Dec 19 17:01:38 debian kernel: [    0.050821] ACPI: Reserving FACP table memory at [mem 0xdfff00f0-0xdfff01e3]
Dec 19 17:01:38 debian kernel: [    0.050822] ACPI: Reserving DSDT table memory at [mem 0xdfff0470-0xdfff2794]
Dec 19 17:01:38 debian kernel: [    0.050822] ACPI: Reserving FACS table memory at [mem 0xdfff0200-0xdfff023f]
Dec 19 17:01:38 debian kernel: [    0.050823] ACPI: Reserving FACS table memory at [mem 0xdfff0200-0xdfff023f]
Dec 19 17:01:38 debian kernel: [    0.050823] ACPI: Reserving APIC table memory at [mem 0xdfff0240-0xdfff0293]
Dec 19 17:01:38 debian kernel: [    0.050824] ACPI: Reserving SSDT table memory at [mem 0xdfff02a0-0xdfff046b]
Dec 19 17:01:38 debian kernel: [    0.050836] ACPI: Local APIC address 0xfee00000
Dec 19 17:01:38 debian kernel: [    0.050952] No NUMA configuration found
Dec 19 17:01:38 debian kernel: [    0.050952] Faking a node at [mem 0x0000000000000000-0x000000019fffffff]
Dec 19 17:01:38 debian kernel: [    0.050958] NODE_DATA(0) allocated [mem 0x19ffd4000-0x19fffdfff]
Dec 19 17:01:38 debian kernel: [    0.051087] Zone ranges:
Dec 19 17:01:38 debian kernel: [    0.051088]   DMA      [mem 0x0000000000001000-0x0000000000ffffff]
Dec 19 17:01:38 debian kernel: [    0.051089]   DMA32    [mem 0x0000000001000000-0x00000000ffffffff]
Dec 19 17:01:38 debian kernel: [    0.051089]   Normal   [mem 0x0000000100000000-0x000000019fffffff]
Dec 19 17:01:38 debian kernel: [    0.051090]   Device   empty
Dec 19 17:01:38 debian kernel: [    0.051091] Movable zone start for each node
Dec 19 17:01:38 debian kernel: [    0.051093] Early memory node ranges
Dec 19 17:01:38 debian kernel: [    0.051093]   node   0: [mem 0x0000000000001000-0x000000000009efff]
Dec 19 17:01:38 debian kernel: [    0.051094]   node   0: [mem 0x0000000000100000-0x00000000dffeffff]
Dec 19 17:01:38 debian kernel: [    0.051094]   node   0: [mem 0x0000000100000000-0x000000019fffffff]
Dec 19 17:01:38 debian kernel: [    0.051095] Initmem setup node 0 [mem 0x0000000000001000-0x000000019fffffff]
Dec 19 17:01:38 debian kernel: [    0.051096] On node 0 totalpages: 1572750
Dec 19 17:01:38 debian kernel: [    0.051097]   DMA zone: 64 pages used for memmap
Dec 19 17:01:38 debian kernel: [    0.051097]   DMA zone: 21 pages reserved
Dec 19 17:01:38 debian kernel: [    0.051098]   DMA zone: 3998 pages, LIFO batch:0
Dec 19 17:01:38 debian kernel: [    0.051098]   DMA32 zone: 14272 pages used for memmap
Dec 19 17:01:38 debian kernel: [    0.051099]   DMA32 zone: 913392 pages, LIFO batch:63
Dec 19 17:01:38 debian kernel: [    0.051099]   Normal zone: 10240 pages used for memmap
Dec 19 17:01:38 debian kernel: [    0.051099]   Normal zone: 655360 pages, LIFO batch:63
Dec 19 17:01:38 debian kernel: [    0.053494] On node 0, zone DMA: 1 pages in unavailable ranges
Dec 19 17:01:38 debian kernel: [    0.053517] On node 0, zone DMA: 97 pages in unavailable ranges
Dec 19 17:01:38 debian kernel: [    0.127270] On node 0, zone Normal: 16 pages in unavailable ranges
Dec 19 17:01:38 debian kernel: [    0.127558] ACPI: PM-Timer IO Port: 0x4008
Dec 19 17:01:38 debian kernel: [    0.127560] ACPI: Local APIC address 0xfee00000
Dec 19 17:01:38 debian kernel: [    0.127604] IOAPIC[0]: apic_id 1, version 32, address 0xfec00000, GSI 0-23
Dec 19 17:01:38 debian kernel: [    0.127606] ACPI: INT_SRC_OVR (bus 0 bus_irq 0 global_irq 2 dfl dfl)
Dec 19 17:01:38 debian kernel: [    0.127607] ACPI: INT_SRC_OVR (bus 0 bus_irq 9 global_irq 9 low level)
Dec 19 17:01:38 debian kernel: [    0.127608] ACPI: IRQ0 used by override.
Dec 19 17:01:38 debian kernel: [    0.127609] ACPI: IRQ9 used by override.
Dec 19 17:01:38 debian kernel: [    0.127611] Using ACPI (MADT) for SMP configuration information
Dec 19 17:01:38 debian kernel: [    0.127616] smpboot: Allowing 1 CPUs, 0 hotplug CPUs
Dec 19 17:01:38 debian kernel: [    0.127635] PM: hibernation: Registered nosave memory: [mem 0x00000000-0x00000fff]
Dec 19 17:01:38 debian kernel: [    0.127636] PM: hibernation: Registered nosave memory: [mem 0x0009f000-0x0009ffff]
Dec 19 17:01:38 debian kernel: [    0.127636] PM: hibernation: Registered nosave memory: [mem 0x000a0000-0x000effff]
Dec 19 17:01:38 debian kernel: [    0.127637] PM: hibernation: Registered nosave memory: [mem 0x000f0000-0x000fffff]
Dec 19 17:01:38 debian kernel: [    0.127637] PM: hibernation: Registered nosave memory: [mem 0xdfff0000-0xdfffffff]
Dec 19 17:01:38 debian kernel: [    0.127638] PM: hibernation: Registered nosave memory: [mem 0xe0000000-0xfebfffff]
Dec 19 17:01:38 debian kernel: [    0.127638] PM: hibernation: Registered nosave memory: [mem 0xfec00000-0xfec00fff]
Dec 19 17:01:38 debian kernel: [    0.127638] PM: hibernation: Registered nosave memory: [mem 0xfec01000-0xfedfffff]
Dec 19 17:01:38 debian kernel: [    0.127639] PM: hibernation: Registered nosave memory: [mem 0xfee00000-0xfee00fff]
Dec 19 17:01:38 debian kernel: [    0.127639] PM: hibernation: Registered nosave memory: [mem 0xfee01000-0xfffbffff]
Dec 19 17:01:38 debian kernel: [    0.127639] PM: hibernation: Registered nosave memory: [mem 0xfffc0000-0xffffffff]
Dec 19 17:01:38 debian kernel: [    0.127641] [mem 0xe0000000-0xfebfffff] available for PCI devices
Dec 19 17:01:38 debian kernel: [    0.127641] Booting paravirtualized kernel on KVM
Dec 19 17:01:38 debian kernel: [    0.127643] clocksource: refined-jiffies: mask: 0xffffffff max_cycles: 0xffffffff, max_idle_ns: 7645519600211568 ns
Dec 19 17:01:38 debian kernel: [    0.130285] setup_percpu: NR_CPUS:8192 nr_cpumask_bits:1 nr_cpu_ids:1 nr_node_ids:1
Dec 19 17:01:38 debian kernel: [    0.132716] percpu: Embedded 54 pages/cpu s184152 r8192 d28840 u2097152
Dec 19 17:01:38 debian kernel: [    0.132721] pcpu-alloc: s184152 r8192 d28840 u2097152 alloc=1*2097152
Dec 19 17:01:38 debian kernel: [    0.132722] pcpu-alloc: [0] 0 
Dec 19 17:01:38 debian kernel: [    0.132740] kvm-guest: PV spinlocks disabled, single CPU
Dec 19 17:01:38 debian kernel: [    0.132745] Built 1 zonelists, mobility grouping on.  Total pages: 1548153
Dec 19 17:01:38 debian kernel: [    0.132746] Policy zone: Normal
Dec 19 17:01:38 debian kernel: [    0.132747] Kernel command line: BOOT_IMAGE=/boot/vmlinuz-5.10.0-9-amd64 root=UUID=f5c14665-8e0f-4a6a-aded-5316900587e2 ro quiet
Dec 19 17:01:38 debian kernel: [    0.142820] Dentry cache hash table entries: 1048576 (order: 11, 8388608 bytes, linear)
Dec 19 17:01:38 debian kernel: [    0.147632] Inode-cache hash table entries: 524288 (order: 10, 4194304 bytes, linear)
Dec 19 17:01:38 debian kernel: [    0.147664] mem auto-init: stack:off, heap alloc:on, heap free:off
Dec 19 17:01:38 debian kernel: [    0.200085] Memory: 3693808K/6291000K available (12295K kernel code, 2544K rwdata, 7560K rodata, 2392K init, 3700K bss, 252868K reserved, 0K cma-reserved)
Dec 19 17:01:38 debian kernel: [    0.200093] random: get_random_u64 called from __kmem_cache_create+0x2a/0x540 with crng_init=0
Dec 19 17:01:38 debian kernel: [    0.200149] SLUB: HWalign=64, Order=0-3, MinObjects=0, CPUs=1, Nodes=1
Dec 19 17:01:38 debian kernel: [    0.200157] ftrace: allocating 36426 entries in 143 pages
Dec 19 17:01:38 debian kernel: [    0.207443] ftrace: allocated 143 pages with 5 groups
Dec 19 17:01:38 debian kernel: [    0.209914] rcu: Hierarchical RCU implementation.
Dec 19 17:01:38 debian kernel: [    0.209916] rcu: 	RCU restricting CPUs from NR_CPUS=8192 to nr_cpu_ids=1.
Dec 19 17:01:38 debian kernel: [    0.209917] 	Rude variant of Tasks RCU enabled.
Dec 19 17:01:38 debian kernel: [    0.209918] 	Tracing variant of Tasks RCU enabled.
Dec 19 17:01:38 debian kernel: [    0.209918] rcu: RCU calculated value of scheduler-enlistment delay is 25 jiffies.
Dec 19 17:01:38 debian kernel: [    0.209919] rcu: Adjusting geometry for rcu_fanout_leaf=16, nr_cpu_ids=1
Dec 19 17:01:38 debian kernel: [    0.211833] NR_IRQS: 524544, nr_irqs: 256, preallocated irqs: 16
Dec 19 17:01:38 debian kernel: [    0.212085] random: crng done (trusting CPU's manufacturer)
Dec 19 17:01:38 debian kernel: [    0.217229] Console: colour VGA+ 80x25
Dec 19 17:01:38 debian kernel: [    0.217235] printk: console [tty0] enabled
Dec 19 17:01:38 debian kernel: [    0.217247] ACPI: Core revision 20200925
Dec 19 17:01:38 debian kernel: [    0.217311] APIC: Switch to symmetric I/O mode setup
Dec 19 17:01:38 debian kernel: [    0.217451] x2apic enabled
Dec 19 17:01:38 debian kernel: [    0.217587] Switched APIC routing to physical x2apic.
Dec 19 17:01:38 debian kernel: [    0.218265] ..TIMER: vector=0x30 apic1=0 pin1=2 apic2=-1 pin2=-1
Dec 19 17:01:38 debian kernel: [    0.218279] clocksource: tsc-early: mask: 0xffffffffffffffff max_cycles: 0x2f9a2cef3dc, max_idle_ns: 440795221448 ns
Dec 19 17:01:38 debian kernel: [    0.218283] Calibrating delay loop (skipped) preset value.. 6604.81 BogoMIPS (lpj=13209624)
Dec 19 17:01:38 debian kernel: [    0.218285] pid_max: default: 32768 minimum: 301
Dec 19 17:01:38 debian kernel: [    0.218298] LSM: Security Framework initializing
Dec 19 17:01:38 debian kernel: [    0.218304] Yama: disabled by default; enable with sysctl kernel.yama.*
Dec 19 17:01:38 debian kernel: [    0.218323] AppArmor: AppArmor initialized
Dec 19 17:01:38 debian kernel: [    0.218324] TOMOYO Linux initialized
Dec 19 17:01:38 debian kernel: [    0.218340] Mount-cache hash table entries: 16384 (order: 5, 131072 bytes, linear)
Dec 19 17:01:38 debian kernel: [    0.218349] Mountpoint-cache hash table entries: 16384 (order: 5, 131072 bytes, linear)
Dec 19 17:01:38 debian kernel: [    0.218554] process: using mwait in idle threads
Dec 19 17:01:38 debian kernel: [    0.218563] Last level iTLB entries: 4KB 0, 2MB 0, 4MB 0
Dec 19 17:01:38 debian kernel: [    0.218564] Last level dTLB entries: 4KB 0, 2MB 0, 4MB 0, 1GB 0
Dec 19 17:01:38 debian kernel: [    0.218567] Spectre V1 : Mitigation: usercopy/swapgs barriers and __user pointer sanitization
Dec 19 17:01:38 debian kernel: [    0.218568] Spectre V2 : Mitigation: Full generic retpoline
Dec 19 17:01:38 debian kernel: [    0.218568] Spectre V2 : Spectre v2 / SpectreRSB mitigation: Filling RSB on context switch
Dec 19 17:01:38 debian kernel: [    0.218569] Speculative Store Bypass: Vulnerable
Dec 19 17:01:38 debian kernel: [    0.220489] Freeing SMP alternatives memory: 32K
Dec 19 17:01:38 debian kernel: [    0.333317] smpboot: CPU0: 11th Gen Intel(R) Core(TM) i7-11370H @ 3.30GHz (family: 0x6, model: 0x8c, stepping: 0x1)
Dec 19 17:01:38 debian kernel: [    0.333471] Performance Events: unsupported p6 CPU model 140 no PMU driver, software events only.
Dec 19 17:01:38 debian kernel: [    0.333492] rcu: Hierarchical SRCU implementation.
Dec 19 17:01:38 debian kernel: [    0.333695] NMI watchdog: Perf NMI watchdog permanently disabled
Dec 19 17:01:38 debian kernel: [    0.333708] smp: Bringing up secondary CPUs ...
Dec 19 17:01:38 debian kernel: [    0.333708] smp: Brought up 1 node, 1 CPU
Dec 19 17:01:38 debian kernel: [    0.333709] smpboot: Max logical packages: 1
Dec 19 17:01:38 debian kernel: [    0.333710] smpboot: Total of 1 processors activated (6604.81 BogoMIPS)
Dec 19 17:01:38 debian kernel: [    0.368890] node 0 deferred pages initialised in 36ms
Dec 19 17:01:38 debian kernel: [    0.370299] devtmpfs: initialized
Dec 19 17:01:38 debian kernel: [    0.370331] x86/mm: Memory block size: 128MB
Dec 19 17:01:38 debian kernel: [    0.370626] clocksource: jiffies: mask: 0xffffffff max_cycles: 0xffffffff, max_idle_ns: 7645041785100000 ns
Dec 19 17:01:38 debian kernel: [    0.370629] futex hash table entries: 256 (order: 2, 16384 bytes, linear)
Dec 19 17:01:38 debian kernel: [    0.370659] pinctrl core: initialized pinctrl subsystem
Dec 19 17:01:38 debian kernel: [    0.370780] NET: Registered protocol family 16
Dec 19 17:01:38 debian kernel: [    0.370838] audit: initializing netlink subsys (disabled)
Dec 19 17:01:38 debian kernel: [    0.370907] thermal_sys: Registered thermal governor 'fair_share'
Dec 19 17:01:38 debian kernel: [    0.370908] thermal_sys: Registered thermal governor 'bang_bang'
Dec 19 17:01:38 debian kernel: [    0.370908] thermal_sys: Registered thermal governor 'step_wise'
Dec 19 17:01:38 debian kernel: [    0.370909] thermal_sys: Registered thermal governor 'user_space'
Dec 19 17:01:38 debian kernel: [    0.370909] thermal_sys: Registered thermal governor 'power_allocator'
Dec 19 17:01:38 debian kernel: [    0.370927] cpuidle: using governor ladder
Dec 19 17:01:38 debian kernel: [    0.370927] cpuidle: using governor menu
Dec 19 17:01:38 debian kernel: [    0.370946] ACPI: bus type PCI registered
Dec 19 17:01:38 debian kernel: [    0.370947] acpiphp: ACPI Hot Plug PCI Controller Driver version: 0.5
Dec 19 17:01:38 debian kernel: [    0.371018] PCI: Using configuration type 1 for base access
Dec 19 17:01:38 debian kernel: [    0.371474] Kprobes globally optimized
Dec 19 17:01:38 debian kernel: [    0.371484] audit: type=2000 audit(1639929693.070:1): state=initialized audit_enabled=0 res=1
Dec 19 17:01:38 debian kernel: [    0.371526] HugeTLB registered 2.00 MiB page size, pre-allocated 0 pages
Dec 19 17:01:38 debian kernel: [    0.447903] ACPI: Added _OSI(Module Device)
Dec 19 17:01:38 debian kernel: [    0.447903] ACPI: Added _OSI(Processor Device)
Dec 19 17:01:38 debian kernel: [    0.447904] ACPI: Added _OSI(3.0 _SCP Extensions)
Dec 19 17:01:38 debian kernel: [    0.447904] ACPI: Added _OSI(Processor Aggregator Device)
Dec 19 17:01:38 debian kernel: [    0.447905] ACPI: Added _OSI(Linux-Dell-Video)
Dec 19 17:01:38 debian kernel: [    0.447905] ACPI: Added _OSI(Linux-Lenovo-NV-HDMI-Audio)
Dec 19 17:01:38 debian kernel: [    0.447906] ACPI: Added _OSI(Linux-HPI-Hybrid-Graphics)
Dec 19 17:01:38 debian kernel: [    0.448766] ACPI: 2 ACPI AML tables successfully acquired and loaded
Dec 19 17:01:38 debian kernel: [    0.449465] ACPI: Interpreter enabled
Dec 19 17:01:38 debian kernel: [    0.449471] ACPI: (supports S0 S5)
Dec 19 17:01:38 debian kernel: [    0.449472] ACPI: Using IOAPIC for interrupt routing
Dec 19 17:01:38 debian kernel: [    0.449557] PCI: Using host bridge windows from ACPI; if necessary, use "pci=nocrs" and report a bug
Dec 19 17:01:38 debian kernel: [    0.449607] ACPI: Enabled 2 GPEs in block 00 to 07
Dec 19 17:01:38 debian kernel: [    0.451614] ACPI: PCI Root Bridge [PCI0] (domain 0000 [bus 00-ff])
Dec 19 17:01:38 debian kernel: [    0.451617] acpi PNP0A03:00: _OSC: OS supports [ASPM ClockPM Segments MSI HPX-Type3]
Dec 19 17:01:38 debian kernel: [    0.451786] acpi PNP0A03:00: _OSC: not requesting OS control; OS requires [ExtendedConfig ASPM ClockPM MSI]
Dec 19 17:01:38 debian kernel: [    0.451791] acpi PNP0A03:00: fail to add MMCONFIG information, can't access extended PCI configuration space under this bridge.
Dec 19 17:01:38 debian kernel: [    0.451962] PCI host bridge to bus 0000:00
Dec 19 17:01:38 debian kernel: [    0.451964] pci_bus 0000:00: root bus resource [io  0x0000-0x0cf7 window]
Dec 19 17:01:38 debian kernel: [    0.451964] pci_bus 0000:00: root bus resource [io  0x0d00-0xffff window]
Dec 19 17:01:38 debian kernel: [    0.451965] pci_bus 0000:00: root bus resource [mem 0x000a0000-0x000bffff window]
Dec 19 17:01:38 debian kernel: [    0.451966] pci_bus 0000:00: root bus resource [mem 0xe0000000-0xfdffffff window]
Dec 19 17:01:38 debian kernel: [    0.451966] pci_bus 0000:00: root bus resource [bus 00-ff]
Dec 19 17:01:38 debian kernel: [    0.451991] pci 0000:00:00.0: [8086:1237] type 00 class 0x060000
Dec 19 17:01:38 debian kernel: [    0.452328] pci 0000:00:01.0: [8086:7000] type 00 class 0x060100
Dec 19 17:01:38 debian kernel: [    0.452853] pci 0000:00:01.1: [8086:7111] type 00 class 0x01018a
Dec 19 17:01:38 debian kernel: [    0.453055] pci 0000:00:01.1: reg 0x20: [io  0xd000-0xd00f]
Dec 19 17:01:38 debian kernel: [    0.453135] pci 0000:00:01.1: legacy IDE quirk: reg 0x10: [io  0x01f0-0x01f7]
Dec 19 17:01:38 debian kernel: [    0.453136] pci 0000:00:01.1: legacy IDE quirk: reg 0x14: [io  0x03f6]
Dec 19 17:01:38 debian kernel: [    0.453136] pci 0000:00:01.1: legacy IDE quirk: reg 0x18: [io  0x0170-0x0177]
Dec 19 17:01:38 debian kernel: [    0.453137] pci 0000:00:01.1: legacy IDE quirk: reg 0x1c: [io  0x0376]
Dec 19 17:01:38 debian kernel: [    0.453268] pci 0000:00:02.0: [15ad:0405] type 00 class 0x030000
Dec 19 17:01:38 debian kernel: [    0.455108] pci 0000:00:02.0: reg 0x10: [io  0xd010-0xd01f]
Dec 19 17:01:38 debian kernel: [    0.459090] pci 0000:00:02.0: reg 0x14: [mem 0xe0000000-0xe7ffffff pref]
Dec 19 17:01:38 debian kernel: [    0.461971] pci 0000:00:02.0: reg 0x18: [mem 0xf0000000-0xf01fffff]
Dec 19 17:01:38 debian kernel: [    0.474601] pci 0000:00:03.0: [8086:100e] type 00 class 0x020000
Dec 19 17:01:38 debian kernel: [    0.477131] pci 0000:00:03.0: reg 0x10: [mem 0xf0200000-0xf021ffff]
Dec 19 17:01:38 debian kernel: [    0.480544] pci 0000:00:03.0: reg 0x18: [io  0xd020-0xd027]
Dec 19 17:01:38 debian kernel: [    0.490752] pci 0000:00:04.0: [80ee:cafe] type 00 class 0x088000
Dec 19 17:01:38 debian kernel: [    0.492846] pci 0000:00:04.0: reg 0x10: [io  0xd040-0xd05f]
Dec 19 17:01:38 debian kernel: [    0.494373] pci 0000:00:04.0: reg 0x14: [mem 0xf0400000-0xf07fffff]
Dec 19 17:01:38 debian kernel: [    0.498355] pci 0000:00:04.0: reg 0x18: [mem 0xf0800000-0xf0803fff pref]
Dec 19 17:01:38 debian kernel: [    0.506631] pci 0000:00:05.0: [8086:2415] type 00 class 0x040100
Dec 19 17:01:38 debian kernel: [    0.506708] pci 0000:00:05.0: reg 0x10: [io  0xd100-0xd1ff]
Dec 19 17:01:38 debian kernel: [    0.506743] pci 0000:00:05.0: reg 0x14: [io  0xd200-0xd23f]
Dec 19 17:01:38 debian kernel: [    0.507058] pci 0000:00:06.0: [106b:003f] type 00 class 0x0c0310
Dec 19 17:01:38 debian kernel: [    0.510355] pci 0000:00:06.0: reg 0x10: [mem 0xf0804000-0xf0804fff]
Dec 19 17:01:38 debian kernel: [    0.522670] pci 0000:00:07.0: [8086:7113] type 00 class 0x068000
Dec 19 17:01:38 debian kernel: [    0.522945] pci 0000:00:07.0: quirk: [io  0x4000-0x403f] claimed by PIIX4 ACPI
Dec 19 17:01:38 debian kernel: [    0.522951] pci 0000:00:07.0: quirk: [io  0x4100-0x410f] claimed by PIIX4 SMB
Dec 19 17:01:38 debian kernel: [    0.523142] pci 0000:00:08.0: [8086:100e] type 00 class 0x020000
Dec 19 17:01:38 debian kernel: [    0.525241] pci 0000:00:08.0: reg 0x10: [mem 0xf0820000-0xf083ffff]
Dec 19 17:01:38 debian kernel: [    0.530309] pci 0000:00:08.0: reg 0x18: [io  0xd240-0xd247]
Dec 19 17:01:38 debian kernel: [    0.538706] pci 0000:00:0b.0: [8086:265c] type 00 class 0x0c0320
Dec 19 17:01:38 debian kernel: [    0.540717] pci 0000:00:0b.0: reg 0x10: [mem 0xf0840000-0xf0840fff]
Dec 19 17:01:38 debian kernel: [    0.552732] pci 0000:00:0d.0: [8086:2829] type 00 class 0x010601
Dec 19 17:01:38 debian kernel: [    0.554353] pci 0000:00:0d.0: reg 0x10: [io  0xd248-0xd24f]
Dec 19 17:01:38 debian kernel: [    0.556589] pci 0000:00:0d.0: reg 0x14: [io  0xd250-0xd253]
Dec 19 17:01:38 debian kernel: [    0.558379] pci 0000:00:0d.0: reg 0x18: [io  0xd258-0xd25f]
Dec 19 17:01:38 debian kernel: [    0.560418] pci 0000:00:0d.0: reg 0x1c: [io  0xd260-0xd263]
Dec 19 17:01:38 debian kernel: [    0.562347] pci 0000:00:0d.0: reg 0x20: [io  0xd270-0xd27f]
Dec 19 17:01:38 debian kernel: [    0.564409] pci 0000:00:0d.0: reg 0x24: [mem 0xf0842000-0xf0843fff]
Dec 19 17:01:38 debian kernel: [    0.567324] ACPI: PCI Interrupt Link [LNKA] (IRQs 5 9 10 *11)
Dec 19 17:01:38 debian kernel: [    0.567443] ACPI: PCI Interrupt Link [LNKB] (IRQs 5 9 *10 11)
Dec 19 17:01:38 debian kernel: [    0.567489] ACPI: PCI Interrupt Link [LNKC] (IRQs 5 *9 10 11)
Dec 19 17:01:38 debian kernel: [    0.567534] ACPI: PCI Interrupt Link [LNKD] (IRQs 5 9 10 *11)
Dec 19 17:01:38 debian kernel: [    0.567653] iommu: Default domain type: Translated 
Dec 19 17:01:38 debian kernel: [    0.567697] pci 0000:00:02.0: vgaarb: setting as boot VGA device
Dec 19 17:01:38 debian kernel: [    0.567699] pci 0000:00:02.0: vgaarb: VGA device added: decodes=io+mem,owns=io+mem,locks=none
Dec 19 17:01:38 debian kernel: [    0.567700] pci 0000:00:02.0: vgaarb: bridge control possible
Dec 19 17:01:38 debian kernel: [    0.567701] vgaarb: loaded
Dec 19 17:01:38 debian kernel: [    0.567751] EDAC MC: Ver: 3.0.0
Dec 19 17:01:38 debian kernel: [    0.568065] NetLabel: Initializing
Dec 19 17:01:38 debian kernel: [    0.568065] NetLabel:  domain hash size = 128
Dec 19 17:01:38 debian kernel: [    0.568066] NetLabel:  protocols = UNLABELED CIPSOv4 CALIPSO
Dec 19 17:01:38 debian kernel: [    0.568076] NetLabel:  unlabeled traffic allowed by default
Dec 19 17:01:38 debian kernel: [    0.568079] PCI: Using ACPI for IRQ routing
Dec 19 17:01:38 debian kernel: [    0.568080] PCI: pci_cache_line_size set to 64 bytes
Dec 19 17:01:38 debian kernel: [    0.568199] e820: reserve RAM buffer [mem 0x0009fc00-0x0009ffff]
Dec 19 17:01:38 debian kernel: [    0.568202] e820: reserve RAM buffer [mem 0xdfff0000-0xdfffffff]
Dec 19 17:01:38 debian kernel: [    0.568239] clocksource: Switched to clocksource kvm-clock
Dec 19 17:01:38 debian kernel: [    0.579550] VFS: Disk quotas dquot_6.6.0
Dec 19 17:01:38 debian kernel: [    0.579559] VFS: Dquot-cache hash table entries: 512 (order 0, 4096 bytes)
Dec 19 17:01:38 debian kernel: [    0.579640] AppArmor: AppArmor Filesystem Enabled
Dec 19 17:01:38 debian kernel: [    0.579655] pnp: PnP ACPI init
Dec 19 17:01:38 debian kernel: [    0.579700] pnp 00:00: Plug and Play ACPI device, IDs PNP0303 (active)
Dec 19 17:01:38 debian kernel: [    0.579732] pnp 00:01: Plug and Play ACPI device, IDs PNP0f03 (active)
Dec 19 17:01:38 debian kernel: [    0.580058] pnp: PnP ACPI: found 2 devices
Dec 19 17:01:38 debian kernel: [    0.585170] clocksource: acpi_pm: mask: 0xffffff max_cycles: 0xffffff, max_idle_ns: 2085701024 ns
Dec 19 17:01:38 debian kernel: [    0.585209] NET: Registered protocol family 2
Dec 19 17:01:38 debian kernel: [    0.585302] IP idents hash table entries: 131072 (order: 8, 1048576 bytes, linear)
Dec 19 17:01:38 debian kernel: [    0.585749] tcp_listen_portaddr_hash hash table entries: 4096 (order: 4, 65536 bytes, linear)
Dec 19 17:01:38 debian kernel: [    0.585792] TCP established hash table entries: 65536 (order: 7, 524288 bytes, linear)
Dec 19 17:01:38 debian kernel: [    0.585900] TCP bind hash table entries: 65536 (order: 8, 1048576 bytes, linear)
Dec 19 17:01:38 debian kernel: [    0.585945] TCP: Hash tables configured (established 65536 bind 65536)
Dec 19 17:01:38 debian kernel: [    0.585979] UDP hash table entries: 4096 (order: 5, 131072 bytes, linear)
Dec 19 17:01:38 debian kernel: [    0.588568] UDP-Lite hash table entries: 4096 (order: 5, 131072 bytes, linear)
Dec 19 17:01:38 debian kernel: [    0.593683] NET: Registered protocol family 1
Dec 19 17:01:38 debian kernel: [    0.593688] NET: Registered protocol family 44
Dec 19 17:01:38 debian kernel: [    0.593700] pci_bus 0000:00: resource 4 [io  0x0000-0x0cf7 window]
Dec 19 17:01:38 debian kernel: [    0.593701] pci_bus 0000:00: resource 5 [io  0x0d00-0xffff window]
Dec 19 17:01:38 debian kernel: [    0.593702] pci_bus 0000:00: resource 6 [mem 0x000a0000-0x000bffff window]
Dec 19 17:01:38 debian kernel: [    0.593702] pci_bus 0000:00: resource 7 [mem 0xe0000000-0xfdffffff window]
Dec 19 17:01:38 debian kernel: [    0.593730] pci 0000:00:00.0: Limiting direct PCI/PCI transfers
Dec 19 17:01:38 debian kernel: [    0.593737] pci 0000:00:01.0: Activating ISA DMA hang workarounds
Dec 19 17:01:38 debian kernel: [    0.593768] pci 0000:00:02.0: Video device with shadowed ROM at [mem 0x000c0000-0x000dffff]
Dec 19 17:01:38 debian kernel: [    0.594983] PCI: CLS 0 bytes, default 64
Dec 19 17:01:38 debian kernel: [    0.595012] Trying to unpack rootfs image as initramfs...
Dec 19 17:01:38 debian kernel: [    1.141819] Freeing initrd memory: 40944K
Dec 19 17:01:38 debian kernel: [    1.141826] PCI-DMA: Using software bounce buffering for IO (SWIOTLB)
Dec 19 17:01:38 debian kernel: [    1.141828] software IO TLB: mapped [mem 0x00000000dbff0000-0x00000000dfff0000] (64MB)
Dec 19 17:01:38 debian kernel: [    1.141854] clocksource: tsc: mask: 0xffffffffffffffff max_cycles: 0x2f9a2cef3dc, max_idle_ns: 440795221448 ns
Dec 19 17:01:38 debian kernel: [    1.141863] clocksource: Switched to clocksource tsc
Dec 19 17:01:38 debian kernel: [    1.141892] platform rtc_cmos: registered platform RTC device (no PNP device found)
Dec 19 17:01:38 debian kernel: [    1.142055] Initialise system trusted keyrings
Dec 19 17:01:38 debian kernel: [    1.142079] Key type blacklist registered
Dec 19 17:01:38 debian kernel: [    1.142125] workingset: timestamp_bits=36 max_order=21 bucket_order=0
Dec 19 17:01:38 debian kernel: [    1.142623] zbud: loaded
Dec 19 17:01:38 debian kernel: [    1.142710] integrity: Platform Keyring initialized
Dec 19 17:01:38 debian kernel: [    1.142711] Key type asymmetric registered
Dec 19 17:01:38 debian kernel: [    1.142711] Asymmetric key parser 'x509' registered
Dec 19 17:01:38 debian kernel: [    1.142716] Block layer SCSI generic (bsg) driver version 0.4 loaded (major 251)
Dec 19 17:01:38 debian kernel: [    1.142739] io scheduler mq-deadline registered
Dec 19 17:01:38 debian kernel: [    1.142797] shpchp: Standard Hot Plug PCI Controller Driver version: 0.4
Dec 19 17:01:38 debian kernel: [    1.142901] Serial: 8250/16550 driver, 4 ports, IRQ sharing enabled
Dec 19 17:01:38 debian kernel: [    1.143065] Linux agpgart interface v0.103
Dec 19 17:01:38 debian kernel: [    1.143119] AMD-Vi: AMD IOMMUv2 driver by Joerg Roedel <jroedel@suse.de>
Dec 19 17:01:38 debian kernel: [    1.143120] AMD-Vi: AMD IOMMUv2 functionality not available on this system
Dec 19 17:01:38 debian kernel: [    1.143178] i8042: PNP: PS/2 Controller [PNP0303:PS2K,PNP0f03:PS2M] at 0x60,0x64 irq 1,12
Dec 19 17:01:38 debian kernel: [    1.143534] serio: i8042 KBD port at 0x60,0x64 irq 1
Dec 19 17:01:38 debian kernel: [    1.143536] serio: i8042 AUX port at 0x60,0x64 irq 12
Dec 19 17:01:38 debian kernel: [    1.143585] mousedev: PS/2 mouse device common for all mice
Dec 19 17:01:38 debian kernel: [    1.143868] input: AT Translated Set 2 keyboard as /devices/platform/i8042/serio0/input/input0
Dec 19 17:01:38 debian kernel: [    1.144004] rtc_cmos rtc_cmos: registered as rtc0
Dec 19 17:01:38 debian kernel: [    1.144025] rtc_cmos rtc_cmos: setting system clock to 2021-12-19T16:01:22 UTC (1639929682)
Dec 19 17:01:38 debian kernel: [    1.144033] rtc_cmos rtc_cmos: alarms up to one day, 114 bytes nvram
Dec 19 17:01:38 debian kernel: [    1.144037] intel_pstate: CPU model not supported
Dec 19 17:01:38 debian kernel: [    1.144044] ledtrig-cpu: registered to indicate activity on CPUs
Dec 19 17:01:38 debian kernel: [    1.144148] NET: Registered protocol family 10
Dec 19 17:01:38 debian kernel: [    1.147655] Segment Routing with IPv6
Dec 19 17:01:38 debian kernel: [    1.147671] mip6: Mobile IPv6
Dec 19 17:01:38 debian kernel: [    1.147672] NET: Registered protocol family 17
Dec 19 17:01:38 debian kernel: [    1.147684] mpls_gso: MPLS GSO support
Dec 19 17:01:38 debian kernel: [    1.147729] IPI shorthand broadcast: enabled
Dec 19 17:01:38 debian kernel: [    1.147733] sched_clock: Marking stable (1140729418, 6272674)->(1152882639, -5880547)
Dec 19 17:01:38 debian kernel: [    1.147767] registered taskstats version 1
Dec 19 17:01:38 debian kernel: [    1.147769] Loading compiled-in X.509 certificates
Dec 19 17:01:38 debian kernel: [    1.164499] Loaded X.509 cert 'Debian Secure Boot CA: 6ccece7e4c6c0d1f6149f3dd27dfcc5cbb419ea1'
Dec 19 17:01:38 debian kernel: [    1.164512] Loaded X.509 cert 'Debian Secure Boot Signer 2021 - linux: 4b6ef5abca669825178e052c84667ccbc0531f8c'
Dec 19 17:01:38 debian kernel: [    1.164532] zswap: loaded using pool lzo/zbud
Dec 19 17:01:38 debian kernel: [    1.164607] Key type ._fscrypt registered
Dec 19 17:01:38 debian kernel: [    1.164608] Key type .fscrypt registered
Dec 19 17:01:38 debian kernel: [    1.164608] Key type fscrypt-provisioning registered
Dec 19 17:01:38 debian kernel: [    1.164638] AppArmor: AppArmor sha1 policy hashing enabled
Dec 19 17:01:38 debian kernel: [    1.165489] Freeing unused kernel image (initmem) memory: 2392K
Dec 19 17:01:38 debian kernel: [    1.174430] Write protecting the kernel read-only data: 22528k
Dec 19 17:01:38 debian kernel: [    1.174684] Freeing unused kernel image (text/rodata gap) memory: 2040K
Dec 19 17:01:38 debian kernel: [    1.174752] Freeing unused kernel image (rodata/data gap) memory: 632K
Dec 19 17:01:38 debian kernel: [    1.226351] x86/mm: Checked W+X mappings: passed, no W+X pages found.
Dec 19 17:01:38 debian kernel: [    1.226369] Run /init as init process
Dec 19 17:01:38 debian kernel: [    1.226370]   with arguments:
Dec 19 17:01:38 debian kernel: [    1.226371]     /init
Dec 19 17:01:38 debian kernel: [    1.226371]   with environment:
Dec 19 17:01:38 debian kernel: [    1.226372]     HOME=/
Dec 19 17:01:38 debian kernel: [    1.226372]     TERM=linux
Dec 19 17:01:38 debian kernel: [    1.226373]     BOOT_IMAGE=/boot/vmlinuz-5.10.0-9-amd64
Dec 19 17:01:38 debian kernel: [    1.266371] input: Power Button as /devices/LNXSYSTM:00/LNXPWRBN:00/input/input2
Dec 19 17:01:38 debian kernel: [    1.268343] ACPI: Video Device [GFX0] (multi-head: yes  rom: no  post: no)
Dec 19 17:01:38 debian kernel: [    1.268406] input: Video Bus as /devices/LNXSYSTM:00/LNXSYBUS:00/PNP0A03:00/LNXVIDEO:00/input/input3
Dec 19 17:01:38 debian kernel: [    1.270270] battery: ACPI: Battery Slot [BAT0] (battery present)
Dec 19 17:01:38 debian kernel: [    1.278432] ACPI: Power Button [PWRF]
Dec 19 17:01:38 debian kernel: [    1.278484] input: Sleep Button as /devices/LNXSYSTM:00/LNXSLPBN:00/input/input4
Dec 19 17:01:38 debian kernel: [    1.278501] ACPI: Sleep Button [SLPF]
Dec 19 17:01:38 debian kernel: [    1.292737] piix4_smbus 0000:00:07.0: SMBus Host Controller at 0x4100, revision 0
Dec 19 17:01:38 debian kernel: [    1.306989] e1000: Intel(R) PRO/1000 Network Driver
Dec 19 17:01:38 debian kernel: [    1.306990] e1000: Copyright (c) 1999-2006 Intel Corporation.
Dec 19 17:01:38 debian kernel: [    1.336625] ACPI: bus type USB registered
Dec 19 17:01:38 debian kernel: [    1.336639] usbcore: registered new interface driver usbfs
Dec 19 17:01:38 debian kernel: [    1.336643] usbcore: registered new interface driver hub
Dec 19 17:01:38 debian kernel: [    1.336649] usbcore: registered new device driver usb
Dec 19 17:01:38 debian kernel: [    1.340280] SCSI subsystem initialized
Dec 19 17:01:38 debian kernel: [    1.363823] ehci_hcd: USB 2.0 'Enhanced' Host Controller (EHCI) Driver
Dec 19 17:01:38 debian kernel: [    1.365266] ohci_hcd: USB 1.1 'Open' Host Controller (OHCI) Driver
Dec 19 17:01:38 debian kernel: [    1.365600] ehci-pci: EHCI PCI platform driver
Dec 19 17:01:38 debian kernel: [    1.365913] ehci-pci 0000:00:0b.0: EHCI Host Controller
Dec 19 17:01:38 debian kernel: [    1.365918] ehci-pci 0000:00:0b.0: new USB bus registered, assigned bus number 1
Dec 19 17:01:38 debian kernel: [    1.366079] ehci-pci 0000:00:0b.0: irq 19, io mem 0xf0840000
Dec 19 17:01:38 debian kernel: [    1.371527] libata version 3.00 loaded.
Dec 19 17:01:38 debian kernel: [    1.372325] ata_piix 0000:00:01.1: version 2.13
Dec 19 17:01:38 debian kernel: [    1.381875] ehci-pci 0000:00:0b.0: USB 2.0 started, EHCI 1.00
Dec 19 17:01:38 debian kernel: [    1.381906] usb usb1: New USB device found, idVendor=1d6b, idProduct=0002, bcdDevice= 5.10
Dec 19 17:01:38 debian kernel: [    1.381907] usb usb1: New USB device strings: Mfr=3, Product=2, SerialNumber=1
Dec 19 17:01:38 debian kernel: [    1.381907] usb usb1: Product: EHCI Host Controller
Dec 19 17:01:38 debian kernel: [    1.381908] usb usb1: Manufacturer: Linux 5.10.0-9-amd64 ehci_hcd
Dec 19 17:01:38 debian kernel: [    1.381908] usb usb1: SerialNumber: 0000:00:0b.0
Dec 19 17:01:38 debian kernel: [    1.382026] hub 1-0:1.0: USB hub found
Dec 19 17:01:38 debian kernel: [    1.382029] hub 1-0:1.0: 12 ports detected
Dec 19 17:01:38 debian kernel: [    1.383185] ohci-pci: OHCI PCI platform driver
Dec 19 17:01:38 debian kernel: [    1.383501] ohci-pci 0000:00:06.0: OHCI PCI host controller
Dec 19 17:01:38 debian kernel: [    1.383504] ohci-pci 0000:00:06.0: new USB bus registered, assigned bus number 2
Dec 19 17:01:38 debian kernel: [    1.383545] ohci-pci 0000:00:06.0: irq 22, io mem 0xf0804000
Dec 19 17:01:38 debian kernel: [    1.384489] ahci 0000:00:0d.0: version 3.0
Dec 19 17:01:38 debian kernel: [    1.384796] ahci 0000:00:0d.0: SSS flag set, parallel bus scan disabled
Dec 19 17:01:38 debian kernel: [    1.384885] ahci 0000:00:0d.0: AHCI 0001.0100 32 slots 2 ports 3 Gbps 0x3 impl SATA mode
Dec 19 17:01:38 debian kernel: [    1.384886] ahci 0000:00:0d.0: flags: 64bit ncq stag only ccc 
Dec 19 17:01:38 debian kernel: [    1.388975] scsi host0: ata_piix
Dec 19 17:01:38 debian kernel: [    1.395688] scsi host1: ahci
Dec 19 17:01:38 debian kernel: [    1.395762] scsi host2: ata_piix
Dec 19 17:01:38 debian kernel: [    1.395780] ata1: PATA max UDMA/33 cmd 0x1f0 ctl 0x3f6 bmdma 0xd000 irq 14
Dec 19 17:01:38 debian kernel: [    1.395780] ata2: PATA max UDMA/33 cmd 0x170 ctl 0x376 bmdma 0xd008 irq 15
Dec 19 17:01:38 debian kernel: [    1.404430] scsi host3: ahci
Dec 19 17:01:38 debian kernel: [    1.404465] ata3: SATA max UDMA/133 abar m8192@0xf0842000 port 0xf0842100 irq 21
Dec 19 17:01:38 debian kernel: [    1.404468] ata4: SATA max UDMA/133 abar m8192@0xf0842000 port 0xf0842180 irq 21
Dec 19 17:01:38 debian kernel: [    1.436309] [drm] DMA map mode: Caching DMA mappings.
Dec 19 17:01:38 debian kernel: [    1.436332] [drm] Capabilities:
Dec 19 17:01:38 debian kernel: [    1.436332] [drm]   Cursor.
Dec 19 17:01:38 debian kernel: [    1.436332] [drm]   Cursor bypass 2.
Dec 19 17:01:38 debian kernel: [    1.436333] [drm]   Alpha cursor.
Dec 19 17:01:38 debian kernel: [    1.436333] [drm]   3D.
Dec 19 17:01:38 debian kernel: [    1.436333] [drm]   Extended Fifo.
Dec 19 17:01:38 debian kernel: [    1.436334] [drm]   Pitchlock.
Dec 19 17:01:38 debian kernel: [    1.436334] [drm]   Irq mask.
Dec 19 17:01:38 debian kernel: [    1.436334] [drm]   GMR.
Dec 19 17:01:38 debian kernel: [    1.436334] [drm]   Traces.
Dec 19 17:01:38 debian kernel: [    1.436335] [drm]   GMR2.
Dec 19 17:01:38 debian kernel: [    1.436335] [drm]   Screen Object 2.
Dec 19 17:01:38 debian kernel: [    1.436336] [drm] Max GMR ids is 8192
Dec 19 17:01:38 debian kernel: [    1.436336] [drm] Max number of GMR pages is 1048576
Dec 19 17:01:38 debian kernel: [    1.436337] [drm] Max dedicated hypervisor surface memory is 393216 kiB
Dec 19 17:01:38 debian kernel: [    1.436337] [drm] Maximum display memory size is 131072 kiB
Dec 19 17:01:38 debian kernel: [    1.436337] [drm] VRAM at 0xe0000000 size is 131072 kiB
Dec 19 17:01:38 debian kernel: [    1.436338] [drm] MMIO at 0xf0000000 size is 2048 kiB
Dec 19 17:01:38 debian kernel: [    1.445126] usb usb2: New USB device found, idVendor=1d6b, idProduct=0001, bcdDevice= 5.10
Dec 19 17:01:38 debian kernel: [    1.445128] usb usb2: New USB device strings: Mfr=3, Product=2, SerialNumber=1
Dec 19 17:01:38 debian kernel: [    1.445129] usb usb2: Product: OHCI PCI host controller
Dec 19 17:01:38 debian kernel: [    1.445129] usb usb2: Manufacturer: Linux 5.10.0-9-amd64 ohci_hcd
Dec 19 17:01:38 debian kernel: [    1.445130] usb usb2: SerialNumber: 0000:00:06.0
Dec 19 17:01:38 debian kernel: [    1.445290] hub 2-0:1.0: USB hub found
Dec 19 17:01:38 debian kernel: [    1.445322] hub 2-0:1.0: 12 ports detected
Dec 19 17:01:38 debian kernel: [    1.446831] [TTM] Zone  kernel: Available graphics memory: 3042086 KiB
Dec 19 17:01:38 debian kernel: [    1.446831] [TTM] Zone   dma32: Available graphics memory: 2097152 KiB
Dec 19 17:01:38 debian kernel: [    1.446832] [TTM] Initializing pool allocator
Dec 19 17:01:38 debian kernel: [    1.446835] [TTM] Initializing DMA pool allocator
Dec 19 17:01:38 debian kernel: [    1.473755] [drm] Screen Objects Display Unit initialized
Dec 19 17:01:38 debian kernel: [    1.473845] [drm] width 720
Dec 19 17:01:38 debian kernel: [    1.473850] [drm] height 400
Dec 19 17:01:38 debian kernel: [    1.473855] [drm] bpp 32
Dec 19 17:01:38 debian kernel: [    1.474560] [drm] Fifo max 0x00200000 min 0x00001000 cap 0x00000355
Dec 19 17:01:38 debian kernel: [    1.474572] [drm] Atomic: yes.
Dec 19 17:01:38 debian kernel: [    1.474588] [drm:vmw_host_log [vmwgfx]] *ERROR* Failed to send host log message.
Dec 19 17:01:38 debian kernel: [    1.474981] [drm:vmw_host_log [vmwgfx]] *ERROR* Failed to send host log message.
Dec 19 17:01:38 debian kernel: [    1.515638] input: ImExPS/2 Generic Explorer Mouse as /devices/platform/i8042/serio1/input/input5
Dec 19 17:01:38 debian kernel: [    1.528066] fbcon: svgadrmfb (fb0) is primary device
Dec 19 17:01:38 debian kernel: [    1.535840] Console: switching to colour frame buffer device 100x37
Dec 19 17:01:38 debian kernel: [    1.543983] [drm] Initialized vmwgfx 2.18.0 20200114 for 0000:00:02.0 on minor 0
Dec 19 17:01:38 debian kernel: [    1.566013] ata2.00: ATAPI: VBOX CD-ROM, 1.0, max UDMA/133
Dec 19 17:01:38 debian kernel: [    1.571067] scsi 2:0:0:0: CD-ROM            VBOX     CD-ROM           1.0  PQ: 0 ANSI: 5
Dec 19 17:01:38 debian kernel: [    1.724565] ata3: SATA link up 3.0 Gbps (SStatus 123 SControl 300)
Dec 19 17:01:38 debian kernel: [    1.724627] ata3.00: ATA-6: VBOX HARDDISK, 1.0, max UDMA/133
Dec 19 17:01:38 debian kernel: [    1.724629] ata3.00: 67108864 sectors, multi 128: LBA48 NCQ (depth 32)
Dec 19 17:01:38 debian kernel: [    1.724774] ata3.00: configured for UDMA/133
Dec 19 17:01:38 debian kernel: [    1.724841] scsi 1:0:0:0: Direct-Access     ATA      VBOX HARDDISK    1.0  PQ: 0 ANSI: 5
Dec 19 17:01:38 debian kernel: [    1.744813] e1000 0000:00:03.0 eth0: (PCI:33MHz:32-bit) 08:00:27:5a:08:b3
Dec 19 17:01:38 debian kernel: [    1.744815] e1000 0000:00:03.0 eth0: Intel(R) PRO/1000 Network Connection
Dec 19 17:01:38 debian kernel: [    1.794321] usb 2-1: new full-speed USB device number 2 using ohci-pci
Dec 19 17:01:38 debian kernel: [    2.039428] ata4: SATA link up 3.0 Gbps (SStatus 123 SControl 300)
Dec 19 17:01:38 debian kernel: [    2.039569] ata4.00: ATA-6: VBOX HARDDISK, 1.0, max UDMA/133
Dec 19 17:01:38 debian kernel: [    2.039570] ata4.00: 67108864 sectors, multi 128: LBA48 NCQ (depth 32)
Dec 19 17:01:38 debian kernel: [    2.039705] ata4.00: configured for UDMA/133
Dec 19 17:01:38 debian kernel: [    2.039775] scsi 3:0:0:0: Direct-Access     ATA      VBOX HARDDISK    1.0  PQ: 0 ANSI: 5
Dec 19 17:01:38 debian kernel: [    2.080769] sr 2:0:0:0: [sr0] scsi3-mmc drive: 32x/32x xa/form2 tray
Dec 19 17:01:38 debian kernel: [    2.080771] cdrom: Uniform CD-ROM driver Revision: 3.20
Dec 19 17:01:38 debian kernel: [    2.081104] e1000 0000:00:08.0 eth1: (PCI:33MHz:32-bit) 08:00:27:93:43:a0
Dec 19 17:01:38 debian kernel: [    2.081106] e1000 0000:00:08.0 eth1: Intel(R) PRO/1000 Network Connection
Dec 19 17:01:38 debian kernel: [    2.081793] e1000 0000:00:08.0 enp0s8: renamed from eth1
Dec 19 17:01:38 debian kernel: [    2.082879] e1000 0000:00:03.0 enp0s3: renamed from eth0
Dec 19 17:01:38 debian kernel: [    2.106396] sr 2:0:0:0: Attached scsi CD-ROM sr0
Dec 19 17:01:38 debian kernel: [    2.107281] sd 3:0:0:0: [sdb] 67108864 512-byte logical blocks: (34.4 GB/32.0 GiB)
Dec 19 17:01:38 debian kernel: [    2.107294] sd 3:0:0:0: [sdb] Write Protect is off
Dec 19 17:01:38 debian kernel: [    2.107295] sd 3:0:0:0: [sdb] Mode Sense: 00 3a 00 00
Dec 19 17:01:38 debian kernel: [    2.107301] sd 1:0:0:0: [sda] 67108864 512-byte logical blocks: (34.4 GB/32.0 GiB)
Dec 19 17:01:38 debian kernel: [    2.107308] sd 3:0:0:0: [sdb] Write cache: enabled, read cache: enabled, doesn't support DPO or FUA
Dec 19 17:01:38 debian kernel: [    2.107311] sd 1:0:0:0: [sda] Write Protect is off
Dec 19 17:01:38 debian kernel: [    2.107312] sd 1:0:0:0: [sda] Mode Sense: 00 3a 00 00
Dec 19 17:01:38 debian kernel: [    2.107323] sd 1:0:0:0: [sda] Write cache: enabled, read cache: enabled, doesn't support DPO or FUA
Dec 19 17:01:38 debian kernel: [    2.114259] usb 2-1: New USB device found, idVendor=80ee, idProduct=0021, bcdDevice= 1.00
Dec 19 17:01:38 debian kernel: [    2.114261] usb 2-1: New USB device strings: Mfr=1, Product=3, SerialNumber=0
Dec 19 17:01:38 debian kernel: [    2.114262] usb 2-1: Product: USB Tablet
Dec 19 17:01:38 debian kernel: [    2.114262] usb 2-1: Manufacturer: VirtualBox
Dec 19 17:01:38 debian kernel: [    2.123546] hid: raw HID events driver (C) Jiri Kosina
Dec 19 17:01:38 debian kernel: [    2.129131]  sdb: sdb1 sdb2 sdb3 sdb4
Dec 19 17:01:38 debian kernel: [    2.134614] sd 3:0:0:0: [sdb] Attached SCSI disk
Dec 19 17:01:38 debian kernel: [    2.139530] usbcore: registered new interface driver usbhid
Dec 19 17:01:38 debian kernel: [    2.139530] usbhid: USB HID core driver
Dec 19 17:01:38 debian kernel: [    2.140473] input: VirtualBox USB Tablet as /devices/pci0000:00/0000:00:06.0/usb2/2-1/2-1:1.0/0003:80EE:0021.0001/input/input6
Dec 19 17:01:38 debian kernel: [    2.140536] hid-generic 0003:80EE:0021.0001: input,hidraw0: USB HID v1.10 Mouse [VirtualBox USB Tablet] on usb-0000:00:06.0-1/input0
Dec 19 17:01:38 debian kernel: [    2.145650]  sda: sda1 sda2 < sda5 >
Dec 19 17:01:38 debian kernel: [    2.150996] sd 1:0:0:0: [sda] Attached SCSI disk
Dec 19 17:01:38 debian kernel: [    2.485722] PM: Image not found (code -22)
Dec 19 17:01:38 debian kernel: [    2.601710] EXT4-fs (sda1): mounted filesystem with ordered data mode. Opts: (null)
Dec 19 17:01:38 debian kernel: [    2.968160] Not activating Mandatory Access Control as /sbin/tomoyo-init does not exist.
Dec 19 17:01:38 debian kernel: [    6.835704] fuse: init (API version 7.32)
Dec 19 17:01:38 debian kernel: [    7.151223] EXT4-fs (sda1): re-mounted. Opts: errors=remount-ro
Dec 19 17:01:38 debian kernel: [    7.450409] RPC: Registered named UNIX socket transport module.
Dec 19 17:01:38 debian kernel: [    7.450410] RPC: Registered udp transport module.
Dec 19 17:01:38 debian kernel: [    7.450411] RPC: Registered tcp transport module.
Dec 19 17:01:38 debian kernel: [    7.450411] RPC: Registered tcp NFSv4.1 backchannel transport module.
Dec 19 17:01:38 debian kernel: [    7.672683] lp: driver loaded but no devices found
Dec 19 17:01:38 debian kernel: [    7.743356] ppdev: user-space parallel port driver
Dec 19 17:01:38 debian kernel: [    8.170833] Installing knfsd (copyright (C) 1996 okir@monad.swb.de).
Dec 19 17:01:38 debian kernel: [    8.276957] Loading iSCSI transport class v2.0-870.
Dec 19 17:01:38 debian kernel: [    8.511904] iscsi: registered transport (tcp)
Dec 19 17:01:38 debian kernel: [    9.017545] iscsi: registered transport (iser)
Dec 19 17:01:38 debian kernel: [   10.666184] ACPI: AC Adapter [AC] (on-line)
Dec 19 17:01:38 debian kernel: [   10.705943] input: PC Speaker as /devices/platform/pcspkr/input/input7
Dec 19 17:01:38 debian kernel: [   10.935110] sr 2:0:0:0: Attached scsi generic sg0 type 5
Dec 19 17:01:38 debian kernel: [   10.935131] sd 1:0:0:0: Attached scsi generic sg1 type 0
Dec 19 17:01:38 debian kernel: [   10.935515] sd 3:0:0:0: Attached scsi generic sg2 type 0
Dec 19 17:01:38 debian kernel: [   11.024374] vboxguest: host-version: 6.1.28r147628 0x8000000f
Dec 19 17:01:38 debian kernel: [   11.024872] vbg_heartbeat_init: Setting up heartbeat to trigger every 2000 milliseconds
Dec 19 17:01:38 debian kernel: [   11.029775] input: VirtualBox mouse integration as /devices/pci0000:00/0000:00:04.0/input/input8
Dec 19 17:01:38 debian kernel: [   11.033864] vboxguest: misc device minor 61, IRQ 20, I/O port d040, MMIO at 0x00000000f0400000 (size 0x0000000000400000)
Dec 19 17:01:38 debian kernel: [   11.662984] cryptd: max_cpu_qlen set to 1000
Dec 19 17:01:38 debian kernel: [   11.935786] AVX2 version of gcm_enc/dec engaged.
Dec 19 17:01:38 debian kernel: [   11.935787] AES CTR mode by8 optimization enabled
Dec 19 17:01:38 debian kernel: [   11.974289] Adding 998396k swap on /dev/sda5.  Priority:-2 extents:1 across:998396k FS
Dec 19 17:01:38 debian kernel: [   12.131766] snd_intel8x0 0000:00:05.0: allow list rate for 1028:0177 is 48000
Dec 19 17:01:38 debian kernel: [   12.365861] intel_rapl_msr: PL4 support detected.
Dec 19 17:01:38 debian kernel: [   13.343113] EXT4-fs (sdb3): mounted filesystem with ordered data mode. Opts: (null)
Dec 19 17:01:38 debian kernel: [   13.455527] EXT4-fs (sdb4): mounted filesystem with ordered data mode. Opts: (null)
Dec 19 17:01:38 debian kernel: [   13.564460] EXT4-fs (sdb1): mounted filesystem with ordered data mode. Opts: (null)
Dec 19 17:01:38 debian kernel: [   13.925955] EXT4-fs (sdb2): mounted filesystem with ordered data mode. Opts: (null)
Dec 19 17:01:38 debian kernel: [   15.071884] audit: type=1400 audit(1639929696.424:2): apparmor="STATUS" operation="profile_load" profile="unconfined" name="/usr/sbin/cups-browsed" pid=456 comm="apparmor_parser"
Dec 19 17:01:38 debian kernel: [   15.114246] audit: type=1400 audit(1639929696.464:3): apparmor="STATUS" operation="profile_load" profile="unconfined" name="lsb_release" pid=458 comm="apparmor_parser"
Dec 19 17:01:38 debian kernel: [   15.158557] audit: type=1400 audit(1639929696.512:4): apparmor="STATUS" operation="profile_load" profile="unconfined" name="/usr/lib/x86_64-linux-gnu/lightdm/lightdm-guest-session" pid=460 comm="apparmor_parser"
Dec 19 17:01:38 debian kernel: [   15.158560] audit: type=1400 audit(1639929696.512:5): apparmor="STATUS" operation="profile_load" profile="unconfined" name="/usr/lib/x86_64-linux-gnu/lightdm/lightdm-guest-session//chromium" pid=460 comm="apparmor_parser"
Dec 19 17:01:38 debian kernel: [   15.193701] audit: type=1400 audit(1639929696.544:6): apparmor="STATUS" operation="profile_load" profile="unconfined" name="libreoffice-oopslash" pid=461 comm="apparmor_parser"
Dec 19 17:01:38 debian kernel: [   15.229148] audit: type=1400 audit(1639929696.580:7): apparmor="STATUS" operation="profile_load" profile="unconfined" name="/usr/lib/cups/backend/cups-pdf" pid=462 comm="apparmor_parser"
Dec 19 17:01:38 debian kernel: [   15.229150] audit: type=1400 audit(1639929696.580:8): apparmor="STATUS" operation="profile_load" profile="unconfined" name="/usr/sbin/cupsd" pid=462 comm="apparmor_parser"
Dec 19 17:01:38 debian kernel: [   15.229152] audit: type=1400 audit(1639929696.580:9): apparmor="STATUS" operation="profile_load" profile="unconfined" name="/usr/sbin/cupsd//third_party" pid=462 comm="apparmor_parser"
Dec 19 17:01:38 debian kernel: [   15.232743] audit: type=1400 audit(1639929696.584:10): apparmor="STATUS" operation="profile_load" profile="unconfined" name="nvidia_modprobe" pid=463 comm="apparmor_parser"
Dec 19 17:01:38 debian kernel: [   15.232745] audit: type=1400 audit(1639929696.584:11): apparmor="STATUS" operation="profile_load" profile="unconfined" name="nvidia_modprobe//kmod" pid=463 comm="apparmor_parser"
Dec 19 17:01:38 debian systemd[1]: Mounted POSIX Message Queue File System.
Dec 19 17:01:38 debian systemd[1]: Mounted Kernel Debug File System.
Dec 19 17:01:38 debian systemd[1]: Mounted Huge Pages File System.
Dec 19 17:01:38 debian systemd[1]: Mounted Kernel Trace File System.
Dec 19 17:01:38 debian systemd[1]: Mounted Kernel Configuration File System.
Dec 19 17:01:38 debian systemd[1]: Mounted FUSE Control File System.
Dec 19 17:01:38 debian systemd[1]: Finished Remount Root and Kernel File Systems.
Dec 19 17:01:38 debian systemd[1]: Condition check resulted in Rebuild Hardware Database being skipped.
Dec 19 17:01:38 debian systemd[1]: Starting Flush Journal to Persistent Storage...
Dec 19 17:01:38 debian systemd[1]: Condition check resulted in Platform Persistent Storage Archival being skipped.
Dec 19 17:01:38 debian systemd[1]: Starting Load/Save Random Seed...
Dec 19 17:01:38 debian systemd[1]: Starting Create System Users...
Dec 19 17:01:38 debian systemd[1]: Finished Uncomplicated firewall.
Dec 19 17:01:38 debian blkmapd[256]: open pipe file /run/rpc_pipefs/nfs/blocklayout failed: No such file or directory
Dec 19 17:01:38 debian systemd[1]: Mounted RPC Pipe File System.
Dec 19 17:01:38 debian systemd[1]: Starting pNFS block layout mapping daemon...
Dec 19 17:01:38 debian systemd[1]: Finished Coldplug All udev Devices.
Dec 19 17:01:38 debian systemd[1]: Starting Helper to synchronize boot up for ifupdown...
Dec 19 17:01:38 debian systemd-modules-load[224]: Inserted module 'lp'
Dec 19 17:01:38 debian systemd-modules-load[224]: Inserted module 'ppdev'
Dec 19 17:01:38 debian systemd[1]: Finished Load/Save Random Seed.
Dec 19 17:01:38 debian systemd[1]: Condition check resulted in First Boot Complete being skipped.
Dec 19 17:01:38 debian systemd-modules-load[224]: Inserted module 'parport_pc'
Dec 19 17:01:38 debian systemd[1]: Finished Set the console keyboard layout.
Dec 19 17:01:38 debian systemd[1]: Finished Create System Users.
Dec 19 17:01:38 debian systemd[1]: Starting Create Static Device Nodes in /dev...
Dec 19 17:01:38 debian systemd[1]: Mounted NFSD configuration filesystem.
Dec 19 17:01:38 debian systemd[1]: nfs-blkmap.service: Can't open PID file /run/blkmapd.pid (yet?) after start: Operation not permitted
Dec 19 17:01:38 debian systemd[1]: Started pNFS block layout mapping daemon.
Dec 19 17:01:38 debian systemd-modules-load[224]: Inserted module 'iscsi_tcp'
Dec 19 17:01:38 debian systemd[1]: Finished Create Static Device Nodes in /dev.
Dec 19 17:01:38 debian systemd[1]: Reached target Local File Systems (Pre).
Dec 19 17:01:38 debian systemd[1]: Starting Rule-based Manager for Device Events and Files...
Dec 19 17:01:38 debian systemd-modules-load[224]: Inserted module 'ib_iser'
Dec 19 17:01:38 debian systemd[1]: Finished Load Kernel Modules.
Dec 19 17:01:38 debian systemd[1]: Starting Apply Kernel Variables...
Dec 19 17:01:38 debian systemd[1]: Finished Apply Kernel Variables.
Dec 19 17:01:38 debian systemd[1]: Finished Flush Journal to Persistent Storage.
Dec 19 17:01:38 debian systemd[1]: Started Rule-based Manager for Device Events and Files.
Dec 19 17:01:38 debian systemd[1]: Starting Show Plymouth Boot Screen...
Dec 19 17:01:38 debian systemd[1]: Started Show Plymouth Boot Screen.
Dec 19 17:01:38 debian systemd[1]: Condition check resulted in Dispatch Password Requests to Console Directory Watch being skipped.
Dec 19 17:01:38 debian systemd[1]: Started Forward Password Requests to Plymouth Directory Watch.
Dec 19 17:01:38 debian systemd[1]: Reached target Local Encrypted Volumes.
Dec 19 17:01:38 debian systemd-udevd[268]: ethtool: autonegotiation is unset or enabled, the speed and duplex are not writable.
Dec 19 17:01:38 debian systemd-udevd[272]: Using default interface naming scheme 'v247'.
Dec 19 17:01:38 debian systemd-udevd[281]: Using default interface naming scheme 'v247'.
Dec 19 17:01:38 debian systemd-udevd[272]: ethtool: autonegotiation is unset or enabled, the speed and duplex are not writable.
Dec 19 17:01:38 debian systemd-udevd[281]: ethtool: autonegotiation is unset or enabled, the speed and duplex are not writable.
Dec 19 17:01:38 debian systemd[1]: Found device VBOX_HARDDISK 5.
Dec 19 17:01:38 debian systemd[1]: Activating swap /dev/disk/by-uuid/3eb27bb1-d082-4d4c-937d-aee882e843c4...
Dec 19 17:01:38 debian systemd[1]: Activated swap /dev/disk/by-uuid/3eb27bb1-d082-4d4c-937d-aee882e843c4.
Dec 19 17:01:38 debian systemd[1]: Reached target Swap.
Dec 19 17:01:38 debian systemd[1]: Found device VBOX_HARDDISK 3.
Dec 19 17:01:38 debian systemd[1]: Found device VBOX_HARDDISK 4.
Dec 19 17:01:38 debian systemd[1]: Found device VBOX_HARDDISK 1.
Dec 19 17:01:38 debian systemd[1]: Starting File System Check on /dev/sdb1...
Dec 19 17:01:38 debian systemd[1]: Starting File System Check on /dev/sdb3...
Dec 19 17:01:38 debian systemd[1]: Starting File System Check on /dev/sdb4...
Dec 19 17:01:38 debian systemd[1]: Found device VBOX_HARDDISK 2.
Dec 19 17:01:38 debian systemd[1]: Starting File System Check on /dev/sdb2...
Dec 19 17:01:38 debian systemd[1]: Started File System Check Daemon to report status.
Dec 19 17:01:38 debian systemd-fsck[422]: /dev/sdb3: clean, 11/521216 files, 53684/2082304 blocks
Dec 19 17:01:38 debian systemd[1]: Finished File System Check on /dev/sdb3.
Dec 19 17:01:38 debian systemd[1]: Mounting /FTP...
Dec 19 17:01:38 debian systemd-fsck[423]: /dev/sdb4: clean, 11/533280 files, 54550/2132736 blocks
Dec 19 17:01:38 debian systemd[1]: Finished File System Check on /dev/sdb4.
Dec 19 17:01:38 debian systemd[1]: Mounting /OTROS...
Dec 19 17:01:38 debian systemd-fsck[425]: /dev/sdb1: clean, 13/524288 files, 53903/2097152 blocks
Dec 19 17:01:38 debian systemd[1]: Finished File System Check on /dev/sdb1.
Dec 19 17:01:38 debian systemd[1]: Mounting /NFS...
Dec 19 17:01:38 debian systemd[1]: Mounted /FTP.
Dec 19 17:01:38 debian systemd-fsck[428]: /dev/sdb2: clean, 13/519168 files, 53538/2076160 blocks
Dec 19 17:01:38 debian systemd[1]: Mounted /OTROS.
Dec 19 17:01:38 debian systemd[1]: Finished File System Check on /dev/sdb2.
Dec 19 17:01:38 debian systemd[1]: Mounting /SAMBA...
Dec 19 17:01:38 debian systemd[1]: Mounted /NFS.
Dec 19 17:01:38 debian systemd[1]: Mounted /SAMBA.
Dec 19 17:01:38 debian systemd[1]: Reached target Local File Systems.
Dec 19 17:01:38 debian systemd[1]: Starting Load AppArmor profiles...
Dec 19 17:01:38 debian systemd[1]: Starting Set console font and keymap...
Dec 19 17:01:38 debian systemd[1]: Starting Preprocess NFS configuration...
Dec 19 17:01:38 debian systemd[1]: Starting Tell Plymouth To Write Out Runtime Data...
Dec 19 17:01:38 debian systemd[1]: Condition check resulted in Store a System Token in an EFI Variable being skipped.
Dec 19 17:01:38 debian systemd[1]: Condition check resulted in Commit a transient machine-id on disk being skipped.
Dec 19 17:01:38 debian systemd[1]: Starting Create Volatile Files and Directories...
Dec 19 17:01:38 debian systemd[1]: Received SIGRTMIN+20 from PID 146 (plymouthd).
Dec 19 17:01:38 debian systemd[1]: Finished Tell Plymouth To Write Out Runtime Data.
Dec 19 17:01:38 debian systemd[1]: Finished Set console font and keymap.
Dec 19 17:01:38 debian systemd[1]: nfs-config.service: Succeeded.
Dec 19 17:01:38 debian systemd[1]: Finished Preprocess NFS configuration.
Dec 19 17:01:38 debian systemd[1]: Starting NFSv4 ID-name mapping service...
Dec 19 17:01:38 debian systemd[1]: Condition check resulted in RPC security service for NFS client and server being skipped.
Dec 19 17:01:38 debian systemd[1]: Condition check resulted in RPC security service for NFS server being skipped.
Dec 19 17:01:38 debian systemd[1]: Reached target NFS client services.
Dec 19 17:01:38 debian apparmor.systemd[438]: Restarting AppArmor
Dec 19 17:01:38 debian apparmor.systemd[438]: Reloading AppArmor profiles
Dec 19 17:01:38 debian systemd[1]: Finished Helper to synchronize boot up for ifupdown.
Dec 19 17:01:38 debian systemd[1]: Condition check resulted in Dispatch Password Requests to Console Directory Watch being skipped.
Dec 19 17:01:38 debian systemd[1]: Condition check resulted in Set Up Additional Binary Formats being skipped.
Dec 19 17:01:38 debian systemd[1]: Condition check resulted in Store a System Token in an EFI Variable being skipped.
Dec 19 17:01:38 debian systemd[1]: Condition check resulted in Rebuild Hardware Database being skipped.
Dec 19 17:01:38 debian systemd[1]: Condition check resulted in Commit a transient machine-id on disk being skipped.
Dec 19 17:01:38 debian systemd[1]: Condition check resulted in Platform Persistent Storage Archival being skipped.
Dec 19 17:01:38 debian systemd[1]: Started NFSv4 ID-name mapping service.
Dec 19 17:01:38 debian systemd[1]: Finished Create Volatile Files and Directories.
Dec 19 17:01:38 debian systemd[1]: Starting RPC bind portmap service...
Dec 19 17:01:38 debian systemd[1]: Starting Network Time Synchronization...
Dec 19 17:01:38 debian systemd[1]: Starting Update UTMP about System Boot/Shutdown...
Dec 19 17:01:38 debian systemd[1]: Finished Update UTMP about System Boot/Shutdown.
Dec 19 17:01:38 debian systemd[1]: Started RPC bind portmap service.
