Nov 10 01:04:49  newsyslog[756]: logfile first created
Nov 10 01:04:49  syslogd: kernel boot file is /boot/kernel/kernel
Nov 10 01:04:49  kernel: ---<<BOOT>>---
Nov 10 01:04:49  kernel: Copyright (c) 1992-2021 The FreeBSD Project.
Nov 10 01:04:49  kernel: Copyright (c) 1979, 1980, 1983, 1986, 1988, 1989, 1991, 1992, 1993, 1994
Nov 10 01:04:49  kernel: 	The Regents of the University of California. All rights reserved.
Nov 10 01:04:49  kernel: FreeBSD is a registered trademark of The FreeBSD Foundation.
Nov 10 01:04:49  kernel: FreeBSD 13.0-RELEASE #0 releng/13.0-n244733-ea31abc261f: Fri Apr  9 04:24:09 UTC 2021
Nov 10 01:04:49  kernel:     root@releng1.nyi.freebsd.org:/usr/obj/usr/src/amd64.amd64/sys/GENERIC amd64
Nov 10 01:04:49  kernel: FreeBSD clang version 11.0.1 (git@github.com:llvm/llvm-project.git llvmorg-11.0.1-0-g43ff75f2c3fe)
Nov 10 01:04:49  kernel: VT(vga): text 80x25
Nov 10 01:04:49  kernel: CPU: 11th Gen Intel(R) Core(TM) i7-11370H @ 3.30GHz (3302.47-MHz K8-class CPU)
Nov 10 01:04:49  kernel:   Origin="GenuineIntel"  Id=0x806c1  Family=0x6  Model=0x8c  Stepping=1
Nov 10 01:04:49  kernel:   Features=0x1783fbff<FPU,VME,DE,PSE,TSC,MSR,PAE,MCE,CX8,APIC,SEP,MTRR,PGE,MCA,CMOV,PAT,PSE36,MMX,FXSR,SSE,SSE2,HTT>
Nov 10 01:04:49  kernel:   Features2=0x5eda220b<SSE3,PCLMULQDQ,MON,SSSE3,CX16,PCID,SSE4.1,SSE4.2,MOVBE,POPCNT,AESNI,XSAVE,OSXSAVE,AVX,RDRAND>
Nov 10 01:04:49  kernel:   AMD Features=0x28100800<SYSCALL,NX,RDTSCP,LM>
Nov 10 01:04:49  kernel:   AMD Features2=0x121<LAHF,ABM,Prefetch>
Nov 10 01:04:49  kernel:   Structured Extended Features=0x842461<FSGSBASE,AVX2,FDPEXC,INVPCID,NFPUSG,RDSEED,CLFLUSHOPT>
Nov 10 01:04:49  kernel:   Structured Extended Features3=0x30000400<MD_CLEAR,L1DFL,ARCH_CAP>
Nov 10 01:04:49  kernel:   IA32_ARCH_CAPS=0x69<RDCL_NO,SKIP_L1DFL_VME,MDS_NO>
Nov 10 01:04:49  kernel:   TSC: P-state invariant
Nov 10 01:04:49  kernel: real memory  = 6979321856 (6656 MB)
Nov 10 01:04:49  kernel: avail memory = 6205374464 (5917 MB)
Nov 10 01:04:49  kernel: Event timer "LAPIC" quality 100
Nov 10 01:04:49  kernel: ACPI APIC Table: <VBOX   VBOXAPIC>
Nov 10 01:04:49  kernel: random: registering fast source Intel Secure Key RNG
Nov 10 01:04:49  kernel: random: fast provider: "Intel Secure Key RNG"
Nov 10 01:04:49  kernel: random: unblocking device.
Nov 10 01:04:49  kernel: ioapic0: MADT APIC ID 1 != hw id 0
Nov 10 01:04:49  kernel: ioapic0 <Version 2.0> irqs 0-23
Nov 10 01:04:49  kernel: Timecounter "TSC-low" frequency 1651232615 Hz quality 1000
Nov 10 01:04:49  kernel: KTLS: Initialized 1 threads
Nov 10 01:04:49  kernel: random: entropy device external interface
Nov 10 01:04:49  kernel: 000.000018 [4354] netmap_init               netmap: loaded module
Nov 10 01:04:49  kernel: [ath_hal] loaded
Nov 10 01:04:49  kernel: WARNING: Device "kbd" is Giant locked and may be deleted before FreeBSD 14.0.
Nov 10 01:04:49  kernel: kbd1 at kbdmux0
Nov 10 01:04:49  kernel: mlx5en: Mellanox Ethernet driver 3.6.0 (December 2020)
Nov 10 01:04:49  kernel: nexus0
Nov 10 01:04:49  kernel: vtvga0: <VT VGA driver>
Nov 10 01:04:49  kernel: cryptosoft0: <software crypto>
Nov 10 01:04:49  kernel: aesni0: <AES-CBC,AES-CCM,AES-GCM,AES-ICM,AES-XTS>
Nov 10 01:04:49  kernel: acpi0: <VBOX VBOXXSDT>
Nov 10 01:04:49  kernel: acpi0: Power Button (fixed)
Nov 10 01:04:49  kernel: acpi0: Sleep Button (fixed)
Nov 10 01:04:49  kernel: cpu0: <ACPI CPU> on acpi0
Nov 10 01:04:49  kernel: attimer0: <AT timer> port 0x40-0x43,0x50-0x53 on acpi0
Nov 10 01:04:49  kernel: Timecounter "i8254" frequency 1193182 Hz quality 0
Nov 10 01:04:49  kernel: Event timer "i8254" frequency 1193182 Hz quality 100
Nov 10 01:04:49  kernel: Timecounter "ACPI-fast" frequency 3579545 Hz quality 900
Nov 10 01:04:49  kernel: acpi_timer0: <32-bit timer at 3.579545MHz> port 0x4008-0x400b on acpi0
Nov 10 01:04:49  kernel: pcib0: <ACPI Host-PCI bridge> port 0xcf8-0xcff on acpi0
Nov 10 01:04:49  kernel: pci0: <ACPI PCI bus> on pcib0
Nov 10 01:04:49  kernel: isab0: <PCI-ISA bridge> at device 1.0 on pci0
Nov 10 01:04:49  kernel: isa0: <ISA bus> on isab0
Nov 10 01:04:49  kernel: atapci0: <Intel PIIX4 UDMA33 controller> port 0x1f0-0x1f7,0x3f6,0x170-0x177,0x376,0xd000-0xd00f at device 1.1 on pci0
Nov 10 01:04:49  kernel: ata0: <ATA channel> at channel 0 on atapci0
Nov 10 01:04:49  kernel: ata1: <ATA channel> at channel 1 on atapci0
Nov 10 01:04:49  kernel: vgapci0: <VGA-compatible display> port 0xd010-0xd01f mem 0xe0000000-0xe3ffffff,0xf0000000-0xf01fffff irq 18 at device 2.0 on pci0
Nov 10 01:04:49  kernel: vgapci0: Boot video device
Nov 10 01:04:49  kernel: em0: <Intel(R) PRO/1000 Network Connection> port 0xd020-0xd027 mem 0xf0200000-0xf021ffff irq 19 at device 3.0 on pci0
Nov 10 01:04:49  kernel: em0: Using 1024 TX descriptors and 1024 RX descriptors
Nov 10 01:04:49  kernel: em0: Ethernet address: 08:00:27:d5:0e:86
Nov 10 01:04:49  kernel: em0: netmap queues/slots: TX 1/1024, RX 1/1024
Nov 10 01:04:49  kernel: pcm0: <Intel ICH (82801AA)> port 0xd100-0xd1ff,0xd200-0xd23f irq 21 at device 5.0 on pci0
Nov 10 01:04:49  kernel: pcm0: <SigmaTel STAC9700/83/84 AC97 Codec>
Nov 10 01:04:49  kernel: ohci0: <Apple KeyLargo/Intrepid USB controller> mem 0xf0804000-0xf0804fff irq 22 at device 6.0 on pci0
Nov 10 01:04:49  kernel: usbus0 on ohci0
Nov 10 01:04:49  kernel: pci0: <bridge> at device 7.0 (no driver attached)
Nov 10 01:04:49  kernel: em1: <Intel(R) PRO/1000 Network Connection> port 0xd240-0xd247 mem 0xf0820000-0xf083ffff irq 16 at device 8.0 on pci0
Nov 10 01:04:49  kernel: em1: Using 1024 TX descriptors and 1024 RX descriptors
Nov 10 01:04:49  kernel: em1: Ethernet address: 08:00:27:19:17:60
Nov 10 01:04:49  kernel: em1: netmap queues/slots: TX 1/1024, RX 1/1024
Nov 10 01:04:49  kernel: ehci0: <Intel 82801FB (ICH6) USB 2.0 controller> mem 0xf0840000-0xf0840fff irq 19 at device 11.0 on pci0
Nov 10 01:04:49  kernel: usbus1: EHCI version 1.0
Nov 10 01:04:49  kernel: usbus1 on ehci0
Nov 10 01:04:49  kernel: battery0: <ACPI Control Method Battery> on acpi0
Nov 10 01:04:49  kernel: acpi_acad0: <AC Adapter> on acpi0
Nov 10 01:04:49  kernel: atkbdc0: <Keyboard controller (i8042)> port 0x60,0x64 irq 1 on acpi0
Nov 10 01:04:49  kernel: atkbd0: <AT Keyboard> irq 1 on atkbdc0
Nov 10 01:04:49  kernel: kbd0 at atkbd0
Nov 10 01:04:49  kernel: atkbd0: [GIANT-LOCKED]
Nov 10 01:04:49  kernel: psm0: <PS/2 Mouse> irq 12 on atkbdc0
Nov 10 01:04:49  kernel: psm0: [GIANT-LOCKED]
Nov 10 01:04:49  kernel: WARNING: Device "psm" is Giant locked and may be deleted before FreeBSD 14.0.
Nov 10 01:04:49  kernel: psm0: model IntelliMouse Explorer, device ID 4
Nov 10 01:04:49  kernel: orm0: <ISA Option ROMs> at iomem 0xc0000-0xc7fff,0xe2000-0xe2fff pnpid ORM0000 on isa0
Nov 10 01:04:49  kernel: vga0: <Generic ISA VGA> at port 0x3c0-0x3df iomem 0xa0000-0xbffff pnpid PNP0900 on isa0
Nov 10 01:04:49  kernel: atrtc0: <AT realtime clock> at port 0x70 irq 8 on isa0
Nov 10 01:04:49  kernel: atrtc0: registered as a time-of-day clock, resolution 1.000000s
Nov 10 01:04:49  kernel: Event timer "RTC" frequency 32768 Hz quality 0
Nov 10 01:04:49  kernel: atrtc0: non-PNP ISA device will be removed from GENERIC in FreeBSD 14.
Nov 10 01:04:49  kernel: Timecounters tick every 10.000 msec
Nov 10 01:04:49  kernel: usbus0: 12Mbps Full Speed USB v1.0
Nov 10 01:04:49  kernel: usbus1: 480Mbps High Speed USB v2.0
Nov 10 01:04:49  kernel: ugen1.1: <Intel EHCI root HUB> at usbus1
Nov 10 01:04:49  kernel: uhub0 on usbus1
Nov 10 01:04:49  kernel: uhub0: <Intel EHCI root HUB, class 9/0, rev 2.00/1.00, addr 1> on usbus1
Nov 10 01:04:49  kernel: ugen0.1: <Apple OHCI root HUB> at usbus0
Nov 10 01:04:49  kernel: uhub1 on usbus0
Nov 10 01:04:49  kernel: uhub1: <Apple OHCI root HUB, class 9/0, rev 1.00/1.00, addr 1> on usbus0
Nov 10 01:04:49  kernel: Trying to mount root from ufs:/dev/ada0p2 [rw]...
Nov 10 01:04:49  kernel: Root mount waiting for: CAM usbus0 usbus1
Nov 10 01:04:49  kernel: ada0 at ata0 bus 0 scbus0 target 0 lun 0
Nov 10 01:04:49  kernel: ada0: <VBOX HARDDISK 1.0> ATA-6 device
Nov 10 01:04:49  kernel: ada0: Serial Number VBe3cf6f05-7a44c6b4
Nov 10 01:04:49  kernel: ada0: 33.300MB/s transfers (UDMA2, PIO 65536bytes)
Nov 10 01:04:49  kernel: ada0: 65536MB (134217728 512 byte sectors)
Nov 10 01:04:49  kernel: cd0 at ata1 bus 0 scbus1 target 0 lun 0
Nov 10 01:04:49  kernel: cd0: <VBOX CD-ROM 1.0> Removable CD-ROM SCSI device
Nov 10 01:04:49  kernel: cd0: Serial Number VB2-01700376
Nov 10 01:04:49  kernel: cd0: 33.300MB/s transfers (UDMA2, ATAPI 12bytes, PIO 65534bytes)
Nov 10 01:04:49  kernel: cd0: 4562MB (2335946 2048 byte sectors)
Nov 10 01:04:49  kernel: uhub1: 12 ports with 12 removable, self powered
Nov 10 01:04:49  kernel: Root mount waiting for: usbus1
Nov 10 01:04:49  syslogd: last message repeated 3 times
Nov 10 01:04:49  kernel: uhub0: 12 ports with 12 removable, self powered
Nov 10 01:04:49  kernel: mountroot: waiting for device /dev/ada0p2...
Nov 10 01:04:49  kernel: intsmb0: <Intel PIIX4 SMBUS Interface> irq 23 at device 7.0 on pci0
Nov 10 01:04:49  kernel: intsmb0: intr IRQ 9 enabled revision 0
Nov 10 01:04:49  kernel: smbus0: <System Management Bus> on intsmb0
Nov 10 01:04:49  kernel: lo0: link state changed to UP
Nov 10 01:04:49  kernel: em0: link state changed to UP
Nov 10 01:04:49  kernel: em1: link state changed to UP
Nov 10 01:04:49  kernel: debugnet_any_ifnet_update: Bad dn_init result from em1 (ifp 0xfffff8000373a000), ignoring.
Nov 10 01:05:05  su[962]: daniel to root on /dev/ttyv0
Nov 10 01:05:31  pkg-static[967]: pkg-1.17.2 installed
Nov 10 01:09:49  dhclient[991]: New Hostname (em0): 
Nov 10 01:12:15  pkg[982]: xorgproto-2021.4 installed
Nov 10 01:12:15  pkg[982]: libXdmcp-1.1.3 installed
Nov 10 01:12:16  pkg[982]: libXau-1.0.9 installed
Nov 10 01:12:16  pkg[982]: libpthread-stubs-0.4 installed
Nov 10 01:12:17  pkg[982]: libxcb-1.14_1 installed
Nov 10 01:12:17  pkg[982]: indexinfo-0.3.1 installed
Nov 10 01:12:17  pkg[982]: libX11-1.7.2,1 installed
Nov 10 01:12:17  pkg[982]: gettext-runtime-0.21 installed
Nov 10 01:12:18  pkg[982]: libffi-3.3_1 installed
Nov 10 01:12:18  pkg[982]: pciids-20210829 installed
Nov 10 01:12:18  pkg[982]: mpdecimal-2.5.1 installed
Nov 10 01:12:18  pkg[982]: readline-8.1.1 installed
Nov 10 01:12:18  pkg[982]: libXext-1.3.4,1 installed
Nov 10 01:12:18  pkg[982]: libXfixes-5.0.3_2 installed
Nov 10 01:12:18  pkg[982]: libXrender-0.9.10_2 installed
Nov 10 01:12:18  pkg[982]: libICE-1.0.10,1 installed
Nov 10 01:12:18  pkg[982]: expat-2.4.1 installed
Nov 10 01:12:18  pkg[982]: libxml2-2.9.12 installed
Nov 10 01:12:18  pkg[982]: libepoll-shim-0.0.20210418 installed
Nov 10 01:12:18  pkg[982]: libpciaccess-0.16 installed
Nov 10 01:12:18  pkg[982]: liblz4-1.9.3,1 installed
Nov 10 01:12:24  pkg[982]: python38-3.8.12 installed
Nov 10 01:12:24  pkg[982]: libedit-3.1.20210216,1 installed
Nov 10 01:12:24  pkg[982]: pcre-8.45 installed
Nov 10 01:12:24  pkg[982]: libiconv-1.16 installed
Nov 10 01:12:24  pkg[982]: libXxf86vm-1.1.4_3 installed
Nov 10 01:12:25  pkg[982]: libXv-1.0.11_2,1 installed
Nov 10 01:12:25  pkg[982]: libXrandr-1.5.2 installed
Nov 10 01:12:25  pkg[982]: libSM-1.2.3,1 installed
Nov 10 01:12:25  pkg[982]: libXdamage-1.1.5 installed
Nov 10 01:12:25  pkg[982]: png-1.6.37_1 installed
Nov 10 01:12:25  pkg[982]: libglvnd-1.3.4 installed
Nov 10 01:12:25  pkg[982]: libxshmfence-1.3_1 installed
Nov 10 01:12:25  pkg[982]: wayland-1.19.0_1 installed
Nov 10 01:12:25  pkg[982]: libdrm-2.4.107_1,1 installed
Nov 10 01:12:25  pkg[982]: libunwind-20201110 installed
Nov 10 01:12:25  pkg[982]: zstd-1.5.0 installed
Nov 10 01:12:29  pkg[982]: perl5-5.32.1_1 installed
Nov 10 01:12:29  pkg[982]: lua53-5.3.6 installed
Nov 10 01:12:29  pkg[982]: libudev-devd-0.5.0 installed
Nov 10 01:12:30  pkg[982]: glib-2.70.1,2 installed
Nov 10 01:12:30  pkg[982]: py38-setuptools-57.0.0 installed
Nov 10 01:12:30  pkg[982]: libxkbfile-1.1.0 installed
Nov 10 01:12:30  pkg[982]: libXvMC-1.0.12 installed
Nov 10 01:12:31  pkg[982]: libXt-1.2.1,1 installed
Nov 10 01:12:31  pkg[982]: libfontenc-1.1.4 installed
Nov 10 01:12:31  pkg[982]: freetype2-2.11.0 installed
Nov 10 01:12:31  pkg[982]: mesa-libs-21.1.8 installed
Nov 10 01:12:52  pkg[982]: llvm12-12.0.1_5 installed
Nov 10 01:12:52  pkg[982]: libgudev-234 installed
Nov 10 01:12:52  pkg[982]: py38-six-1.16.0 installed
Nov 10 01:12:52  pkg[982]: evdev-proto-5.8 installed
Nov 10 01:12:52  pkg[982]: pixman-0.40.0_1 installed
Nov 10 01:12:52  pkg[982]: libXi-1.7.10,1 installed
Nov 10 01:12:52  pkg[982]: libXpm-3.5.13 installed
Nov 10 01:12:52  pkg[982]: libXmu-1.1.3,1 installed
Nov 10 01:12:52  pkg[982]: fontconfig-2.13.94_1,1 installed
Nov 10 01:12:52  pkg[982]: xcb-util-0.4.0_2,1 installed
Nov 10 01:12:53  pkg[982]: xkbcomp-1.4.4 installed
Nov 10 01:12:53  pkg[982]: xkeyboard-config-2.32 installed
Nov 10 01:12:53  pkg[982]: libXfont2-2.0.5 installed
Nov 10 01:12:54  pkg[982]: mesa-dri-21.1.8 installed
Nov 10 01:12:54  pkg[982]: libepoxy-1.5.9 installed
Nov 10 01:12:54  pkg[982]: mkfontscale-1.2.1 installed
Nov 10 01:12:54  pkg[982]: libwacom-1.5 installed
Nov 10 01:12:54  pkg[982]: py38-pyudev-0.22.0 installed
Nov 10 01:12:55  pkg[982]: py38-evdev-1.4.0 installed
Nov 10 01:12:55  pkg[982]: libmtdev-1.1.6 installed
Nov 10 01:12:55  pkg[982]: libevdev-1.9.1.20200928 installed
Nov 10 01:12:55  pkg[982]: libdmx-1.1.4_2 installed
Nov 10 01:12:55  pkg[982]: libXxf86dga-1.1.5 installed
Nov 10 01:12:55  pkg[982]: libXtst-1.2.3_2 installed
Nov 10 01:12:55  pkg[982]: libXinerama-1.1.4_2,1 installed
Nov 10 01:12:55  pkg[982]: libXcursor-1.2.0 installed
Nov 10 01:12:55  pkg[982]: libXcomposite-0.4.5,1 installed
Nov 10 01:12:55  pkg[982]: libXaw-1.0.14,2 installed
Nov 10 01:12:55  pkg[982]: libXft-2.3.3 installed
Nov 10 01:12:55  pkg[982]: xcb-util-wm-0.4.1_3 installed
Nov 10 01:12:55  pkg[982]: xbitmaps-1.1.2 installed
Nov 10 01:12:55  pkg[982]: xorg-server-1.20.11_3,1 installed
Nov 10 01:12:58  pkg[982]: font-misc-misc-1.1.2_4 installed
Nov 10 01:12:58  pkg[982]: font-alias-1.0.4 installed
Nov 10 01:13:02  pkg[982]: font-adobe-100dpi-1.0.3_4 installed
Nov 10 01:13:04  pkg[982]: font-xfree86-type1-1.0.4_4 installed
Nov 10 01:13:06  pkg[982]: font-ibm-type1-1.0.3_4 installed
Nov 10 01:13:08  pkg[982]: font-bitstream-type1-1.0.3_4 installed
Nov 10 01:13:10  pkg[982]: font-bh-type1-1.0.3_4 installed
Nov 10 01:13:12  pkg[982]: font-adobe-utopia-type1-1.0.4_4 installed
Nov 10 01:13:12  pkg[982]: encodings-1.0.5,1 installed
Nov 10 01:13:14  pkg[982]: font-misc-meltho-1.0.3_4 installed
Nov 10 01:13:18  pkg[982]: font-misc-ethiopic-1.0.4 installed
Nov 10 01:13:21  pkg[982]: font-bh-ttf-1.0.3_4 installed
Nov 10 01:13:23  pkg[982]: dejavu-2.37_1 installed
Nov 10 01:13:25  pkg[982]: font-sun-misc-1.0.3_4 installed
Nov 10 01:13:28  pkg[982]: font-sony-misc-1.0.3_4 installed
Nov 10 01:13:30  pkg[982]: font-schumacher-misc-1.1.2_4 installed
Nov 10 01:13:33  pkg[982]: font-mutt-misc-1.0.3_4 installed
Nov 10 01:13:35  pkg[982]: font-micro-misc-1.0.3_4 installed
Nov 10 01:13:37  pkg[982]: font-jis-misc-1.0.3_4 installed
Nov 10 01:13:40  pkg[982]: font-isas-misc-1.0.3_4 installed
Nov 10 01:13:42  pkg[982]: font-dec-misc-1.0.3_4 installed
Nov 10 01:13:45  pkg[982]: font-daewoo-misc-1.0.3_4 installed
Nov 10 01:13:47  pkg[982]: font-cursor-misc-1.0.3_4 installed
Nov 10 01:13:50  pkg[982]: font-arabic-misc-1.0.3_4 installed
Nov 10 01:13:52  pkg[982]: font-winitzki-cyrillic-1.0.3_4 installed
Nov 10 01:13:54  pkg[982]: font-screen-cyrillic-1.0.4_4 installed
Nov 10 01:13:56  pkg[982]: font-misc-cyrillic-1.0.3_4 installed
Nov 10 01:13:58  pkg[982]: font-cronyx-cyrillic-1.0.3_4 installed
Nov 10 01:14:00  pkg[982]: font-bitstream-75dpi-1.0.3_4 installed
Nov 10 01:14:02  pkg[982]: font-bh-lucidatypewriter-75dpi-1.0.3_4 installed
Nov 10 01:14:05  pkg[982]: font-bh-75dpi-1.0.3_4 installed
Nov 10 01:14:08  pkg[982]: font-adobe-utopia-75dpi-1.0.4_4 installed
Nov 10 01:14:11  pkg[982]: font-adobe-75dpi-1.0.3_4 installed
Nov 10 01:14:14  pkg[982]: font-bitstream-100dpi-1.0.3_4 installed
Nov 10 01:14:16  pkg[982]: font-bh-lucidatypewriter-100dpi-1.0.3_4 installed
Nov 10 01:14:19  pkg[982]: font-bh-100dpi-1.0.3_4 installed
Nov 10 01:14:22  pkg[982]: font-adobe-utopia-100dpi-1.0.4_4 installed
Nov 10 01:14:23  pkg[982]: libinput-1.16.4 installed
Nov 10 01:14:23  pkg[982]: xtrans-1.4.0 installed
Nov 10 01:14:23  pkg[982]: libXres-1.2.1 installed
Nov 10 01:14:23  pkg[982]: libXScrnSaver-1.2.3_2 installed
Nov 10 01:14:23  pkg[982]: libXfont-1.5.4_2,2 installed
Nov 10 01:14:23  pkg[982]: libFS-1.0.8 installed
Nov 10 01:14:23  pkg[982]: xwud-1.0.5 installed
Nov 10 01:14:23  pkg[982]: xwininfo-1.1.5 installed
Nov 10 01:14:23  pkg[982]: xwd-1.0.7 installed
Nov 10 01:14:23  pkg[982]: xvinfo-1.1.4 installed
Nov 10 01:14:23  pkg[982]: xterm-369 installed
Nov 10 01:14:23  pkg[982]: xsetroot-1.1.2 installed
Nov 10 01:14:23  pkg[982]: xset-1.2.4_3 installed
Nov 10 01:14:23  pkg[982]: xrefresh-1.0.6 installed
Nov 10 01:14:23  pkg[982]: xrdb-1.2.0 installed
Nov 10 01:14:23  pkg[982]: xrandr-1.5.1 installed
Nov 10 01:14:23  pkg[982]: xprop-1.2.5 installed
Nov 10 01:14:23  pkg[982]: xpr-1.0.5 installed
Nov 10 01:14:23  pkg[982]: xmodmap-1.0.10 installed
Nov 10 01:14:23  pkg[982]: xmessage-1.0.5 installed
Nov 10 01:14:23  pkg[982]: xlsclients-1.1.4 installed
Nov 10 01:14:23  pkg[982]: xlsatoms-1.1.3 installed
Nov 10 01:14:23  pkg[982]: xkill-1.0.5 installed
Nov 10 01:14:23  pkg[982]: xkbutils-1.0.4_2 installed
Nov 10 01:14:23  pkg[982]: xkbevd-1.1.4 installed
Nov 10 01:14:23  pkg[982]: xinput-1.6.3 installed
Nov 10 01:14:23  pkg[982]: xinit-1.4.1,1 installed
Nov 10 01:14:23  pkg[982]: xhost-1.0.8 installed
Nov 10 01:14:23  pkg[982]: xgc-1.0.5 installed
Nov 10 01:14:23  pkg[982]: xgamma-1.0.6 installed
Nov 10 01:14:23  pkg[982]: xf86dga-1.0.3_1 installed
Nov 10 01:14:23  pkg[982]: xev-1.2.4 installed
Nov 10 01:14:23  pkg[982]: xdriinfo-1.0.6_4 installed
Nov 10 01:14:23  pkg[982]: xdpyinfo-1.3.2_3 installed
Nov 10 01:14:23  pkg[982]: xcursorgen-1.0.7 installed
Nov 10 01:14:23  pkg[982]: xconsole-1.0.7_1 installed
Nov 10 01:14:23  pkg[982]: xcmsdb-1.0.5 installed
Nov 10 01:14:23  pkg[982]: xcalc-1.1.0 installed
Nov 10 01:14:23  pkg[982]: xbacklight-1.2.3 installed
Nov 10 01:14:23  pkg[982]: xauth-1.1 installed
Nov 10 01:14:23  pkg[982]: x11perf-1.6.1 installed
Nov 10 01:14:23  pkg[982]: smproxy-1.0.6 installed
Nov 10 01:14:23  pkg[982]: setxkbmap-1.3.2 installed
Nov 10 01:14:23  pkg[982]: sessreg-1.1.2 installed
Nov 10 01:14:23  pkg[982]: iceauth-1.0.8_2 installed
Nov 10 01:14:23  pkg[982]: bitmap-1.0.9 installed
Nov 10 01:14:23  pkg[982]: appres-1.0.5 installed
Nov 10 01:14:23  pkg[982]: twm-1.0.11_1 installed
Nov 10 01:14:23  pkg[982]: xclock-1.0.9 installed
Nov 10 01:14:23  pkg[982]: xorg-fonts-type1-7.7 installed
Nov 10 01:14:23  pkg[982]: xorg-fonts-truetype-7.7_1 installed
Nov 10 01:14:23  pkg[982]: xorg-fonts-miscbitmaps-7.7 installed
Nov 10 01:14:23  pkg[982]: xorg-fonts-cyrillic-7.7 installed
Nov 10 01:14:23  pkg[982]: xorg-fonts-75dpi-7.7 installed
Nov 10 01:14:23  pkg[982]: xorg-fonts-100dpi-7.7 installed
Nov 10 01:14:23  pkg[982]: xf86-video-vesa-2.5.0 installed
Nov 10 01:14:23  pkg[982]: xf86-video-scfb-0.0.5_2 installed
Nov 10 01:14:23  pkg[982]: xf86-input-mouse-1.9.3_3 installed
Nov 10 01:14:23  pkg[982]: xf86-input-libinput-0.30.0_1 installed
Nov 10 01:14:23  pkg[982]: xf86-input-keyboard-1.9.0_4 installed
Nov 10 01:14:23  pkg[982]: xorg-libraries-7.7_4 installed
Nov 10 01:14:23  pkg[982]: xorg-docs-1.7.1,1 installed
Nov 10 01:14:23  pkg[982]: xorg-apps-7.7_4 installed
Nov 10 01:14:23  pkg[982]: xcursor-themes-1.0.6 installed
Nov 10 01:14:23  pkg[982]: xorg-fonts-7.7_1 installed
Nov 10 01:14:23  pkg[982]: xorg-drivers-7.7_6 installed
Nov 10 01:14:23  pkg[982]: xorg-7.7_3 installed
Nov 10 01:14:49  dhclient[2107]: New Hostname (em0): 
Nov 10 01:19:49  dhclient[2127]: New Hostname (em0): 
Nov 10 01:20:26  pkg[2121]: gmp-6.2.1 installed
Nov 10 01:20:26  pkg[2121]: jpeg-turbo-2.1.1 installed
Nov 10 01:20:26  pkg[2121]: jbigkit-2.1_1 installed
Nov 10 01:20:26  pkg[2121]: tpm-emulator-0.7.4_2 installed
Nov 10 01:20:26  pkg[2121]: libtasn1-4.17.0 installed
Nov 10 01:20:26  pkg[2121]: ca_root_nss-3.69_1 installed
Nov 10 01:20:26  pkg[2121]: libunistring-0.9.10_1 installed
Nov 10 01:20:26  pkg[2121]: graphite2-1.3.14 installed
Nov 10 01:20:26  pkg[2121]: cairo-1.17.4,3 installed
Nov 10 01:20:27  pkg[2121]: shared-mime-info-2.0 installed
Nov 10 01:20:27  pkg[2121]: tiff-4.3.0 installed
Nov 10 01:20:27  pkg[2121]: trousers-0.3.14_3 installed
Nov 10 01:20:27  pkg[2121]: p11-kit-0.24.0 installed
Nov 10 01:20:27  pkg[2121]: nettle-3.7.3 installed
Nov 10 01:20:27  pkg[2121]: libidn2-2.3.2 installed
Nov 10 01:20:27  pkg[2121]: dbus-1.12.20_5 installed
Nov 10 01:20:27  pkg[2121]: nspr-4.32 installed
Nov 10 01:20:28  pkg[2121]: icu-69.1,1 installed
Nov 10 01:20:29  pkg[2121]: harfbuzz-3.0.0 installed
Nov 10 01:20:29  pkg[2121]: fribidi-1.0.10 installed
Nov 10 01:20:29  pkg[2121]: libxkbcommon-1.3.1 installed
Nov 10 01:20:29  pkg[2121]: gdk-pixbuf2-2.40.0 installed
Nov 10 01:20:30  pkg[2121]: gnutls-3.6.16 installed
Nov 10 01:20:30  pkg[2121]: gnome_subr-1.0 installed
Nov 10 01:20:30  pkg[2121]: libevent-2.1.12 installed
Nov 10 01:20:30  pkg[2121]: libdaemon-0.14_1 installed
Nov 10 01:20:30  pkg[2121]: dbus-glib-0.112 installed
Nov 10 01:20:30  pkg[2121]: gdbm-1.21 installed
Nov 10 01:20:31  pkg[2121]: spidermonkey78-78.9.0_1 installed
Nov 10 01:20:31  pkg[2121]: gsettings-desktop-schemas-41.0 installed
Nov 10 01:20:31  pkg[2121]: libgpg-error-1.42 installed
Nov 10 01:20:32  pkg[2121]: gobject-introspection-1.66.1,1 installed
Nov 10 01:20:32  pkg[2121]: libproxy-0.4.17 installed
Nov 10 01:20:32  pkg[2121]: py38-cairo-1.18.1_2,1 installed
Nov 10 01:20:32  pkg[2121]: pygobject3-common-3.38.0 installed
Nov 10 01:20:32  pkg[2121]: pango-1.48.7 installed
Nov 10 01:20:32  pkg[2121]: gtk-update-icon-cache-3.24.26 installed
Nov 10 01:20:33  pkg[2121]: atk-2.36.0 installed
Nov 10 01:20:33  pkg[2121]: libpaper-1.1.24.4 installed
Nov 10 01:20:33  pkg[2121]: avahi-app-0.8 installed
Nov 10 01:20:33  pkg[2121]: polkit-0.119 installed
Nov 10 01:20:33  pkg[2121]: lcms2-2.12 installed
Nov 10 01:20:35  pkg[2121]: argyllcms-1.9.2_5 installed
Nov 10 01:20:36  pkg[2121]: sqlite3-3.35.5_3,1 installed
Nov 10 01:20:36  pkg[2121]: at-spi2-core-2.36.0 installed
Nov 10 01:20:36  pkg[2121]: libgcrypt-1.9.4 installed
Nov 10 01:20:36  pkg[2121]: glib-networking-2.66.0_1 installed
Nov 10 01:20:36  pkg[2121]: libpsl-0.21.1_2 installed
Nov 10 01:20:36  pkg[2121]: gstreamer1-1.16.2 installed
Nov 10 01:20:37  pkg[2121]: iso-codes-4.2 installed
Nov 10 01:20:37  pkg[2121]: orc-0.4.31 installed
Nov 10 01:20:37  pkg[2121]: py38-gobject3-3.38.0 installed
Nov 10 01:20:37  pkg[2121]: libxfce4util-4.16.0 installed
Nov 10 01:20:40  pkg[2121]: adwaita-icon-theme-40.1.1 installed
Nov 10 01:20:40  pkg[2121]: cups-2.3.3op2 installed
Nov 10 01:20:41  pkg[2121]: hicolor-icon-theme-0.17 installed
Nov 10 01:20:41  pkg[2121]: wayland-protocols-1.23 installed
Nov 10 01:20:42  pkg[2121]: librsvg2-rust-2.52.3 installed
Nov 10 01:20:42  pkg[2121]: colord-1.3.5_1 installed
Nov 10 01:20:42  pkg[2121]: libgsf-1.14.47_1 installed
Nov 10 01:20:42  pkg[2121]: at-spi2-atk-2.34.2 installed
Nov 10 01:20:42  pkg[2121]: pcre2-10.39 installed
Nov 10 01:20:42  pkg[2121]: json-glib-1.6.2_1 installed
Nov 10 01:20:42  pkg[2121]: libnotify-0.7.9_1 installed
Nov 10 01:20:42  pkg[2121]: double-conversion-3.1.5.19 installed
Nov 10 01:20:42  pkg[2121]: py38-zipp-3.4.0 installed
Nov 10 01:20:42  pkg[2121]: giflib-5.2.1 installed
Nov 10 01:20:43  pkg[2121]: libsoup-2.74.0 installed
Nov 10 01:20:43  pkg[2121]: libwpe-1.10.1 installed
Nov 10 01:20:43  pkg[2121]: hunspell-1.7.0_2 installed
Nov 10 01:20:43  pkg[2121]: gstreamer1-plugins-1.16.2_3 installed
Nov 10 01:20:43  pkg[2121]: libGLU-9.0.2_1 installed
Nov 10 01:20:43  pkg[2121]: graphene-1.10.6 installed
Nov 10 01:20:43  pkg[2121]: brotli-1.0.9,1 installed
Nov 10 01:20:43  pkg[2121]: xfce4-conf-4.16.0 installed
Nov 10 01:20:43  pkg[2121]: startup-notification-0.12_4 installed
Nov 10 01:20:45  pkg[2121]: gtk3-3.24.30 installed
Nov 10 01:20:45  pkg[2121]: libgtop-2.40.0 installed
Nov 10 01:20:45  pkg[2121]: libxslt-1.1.34_2 installed
Nov 10 01:20:45  pkg[2121]: libtextstyle-0.21 installed
Nov 10 01:20:46  pkg[2121]: libcddb-1.3.2_4 installed
Nov 10 01:20:46  pkg[2121]: qt5-core-5.15.2_5 installed
Nov 10 01:20:47  pkg[2121]: libsecret-0.20.4 installed
Nov 10 01:20:47  pkg[2121]: py38-importlib-metadata-4.7.1 installed
Nov 10 01:20:47  pkg[2121]: cyrus-sasl-2.1.27_2 installed
Nov 10 01:20:47  pkg[2121]: talloc-2.3.1 installed
Nov 10 01:20:47  pkg[2121]: webp-1.2.1 installed
Nov 10 01:20:48  pkg[2121]: libnghttp2-1.44.0 installed
Nov 10 01:20:48  pkg[2121]: libssh2-1.9.0_3,3 installed
Nov 10 01:20:48  pkg[2121]: wpebackend-fdo-1.10.0 installed
Nov 10 01:20:48  pkg[2121]: hyphen-2.8.8 installed
Nov 10 01:20:48  pkg[2121]: enchant2-2.2.15 installed
Nov 10 01:20:48  pkg[2121]: harfbuzz-icu-3.0.0 installed
Nov 10 01:20:48  pkg[2121]: geoclue-2.5.7 installed
Nov 10 01:20:48  pkg[2121]: gstreamer1-plugins-bad-1.16.2 installed
Nov 10 01:20:48  pkg[2121]: openjpeg-2.4.0 installed
Nov 10 01:20:48  pkg[2121]: gstreamer1-plugins-gl-1.16.2_2 installed
Nov 10 01:20:48  pkg[2121]: woff2-1.0.2_4 installed
Nov 10 01:20:48  pkg[2121]: nss-3.71 installed
Nov 10 01:20:49  pkg[2121]: poppler-data-0.4.11 installed
Nov 10 01:20:49  pkg[2121]: libxfce4menu-4.16.1 installed
Nov 10 01:20:49  pkg[2121]: p5-URI-5.09 installed
Nov 10 01:20:49  pkg[2121]: desktop-file-utils-0.26 installed
Nov 10 01:20:51  pkg[2121]: gettext-tools-0.21 installed
Nov 10 01:20:51  pkg[2121]: libexif-0.6.23 installed
Nov 10 01:20:51  pkg[2121]: libcdio-2.1.0 installed
Nov 10 01:20:51  pkg[2121]: qt5-dbus-5.15.2_1 installed
Nov 10 01:20:51  pkg[2121]: py38-markdown-3.3.4 installed
Nov 10 01:20:51  pkg[2121]: libsunacl-1.0.1 installed
Nov 10 01:20:52  pkg[2121]: openldap24-client-2.4.59_2 installed
Nov 10 01:20:52  pkg[2121]: py38-dnspython-1.16.0 installed
Nov 10 01:20:52  pkg[2121]: tevent-0.10.2_1 installed
Nov 10 01:20:52  pkg[2121]: popt-1.18_1 installed
Nov 10 01:20:52  pkg[2121]: libinotify-20180201_2 installed
Nov 10 01:20:52  pkg[2121]: jansson-2.14 installed
Nov 10 01:20:52  pkg[2121]: gamin-0.1.10_10 installed
Nov 10 01:20:52  pkg[2121]: tdb-1.4.3,1 installed
Nov 10 01:20:52  pkg[2121]: lmdb-0.9.29,1 installed
Nov 10 01:20:52  pkg[2121]: libarchive-3.5.1,1 installed
Nov 10 01:20:52  pkg[2121]: libgd-2.3.1,1 installed
Nov 10 01:20:53  pkg[2121]: curl-7.79.1 installed
Nov 10 01:20:53  pkg[2121]: libltdl-2.4.6 installed
Nov 10 01:20:55  pkg[2121]: webkit2-gtk3-2.34.0 installed
Nov 10 01:20:55  pkg[2121]: poppler-21.09.0 installed
Nov 10 01:20:55  pkg[2121]: libwnck3-3.36.0 installed
Nov 10 01:20:55  pkg[2121]: libexo-4.16.2 installed
Nov 10 01:20:56  pkg[2121]: garcon-4.16.1 installed
Nov 10 01:20:56  pkg[2121]: libdbusmenu-16.04.0_3 installed
Nov 10 01:20:56  pkg[2121]: libudisks-2.9.2 installed
Nov 10 01:20:56  pkg[2121]: libcdio-paranoia-10.2+2.0.1 installed
Nov 10 01:20:56  pkg[2121]: bsdisks-0.26 installed
Nov 10 01:20:57  pkg[2121]: gcr-3.40.0 installed
Nov 10 01:20:59  pkg[2121]: samba412-4.12.15_2 installed
Nov 10 01:20:59  pkg[2121]: libnfs-4.0.0_1 installed
Nov 10 01:20:59  pkg[2121]: libmtp-1.1.18 installed
Nov 10 01:20:59  pkg[2121]: libbluray-1.3.0,1 installed
Nov 10 01:20:59  pkg[2121]: libgphoto2-2.5.26 installed
Nov 10 01:20:59  pkg[2121]: libgepub-0.6.0_1 installed
Nov 10 01:20:59  pkg[2121]: poppler-glib-21.09.0 installed
Nov 10 01:20:59  pkg[2121]: xfce4-panel-4.16.3 installed
Nov 10 01:21:00  pkg[2121]: gvfs-1.46.2 installed
Nov 10 01:21:00  pkg[2121]: xfce4-tumbler-4.16.0_9 installed
Nov 10 01:21:02  pkg[2121]: gtk2-2.24.33 installed
Nov 10 01:21:02  pkg[2121]: vte3-0.64.2 installed
Nov 10 01:21:02  pkg[2121]: libXpresent-1.0.0 installed
Nov 10 01:21:02  pkg[2121]: upower-0.99.13 installed
Nov 10 01:21:03  pkg[2121]: consolekit2-1.2.4 installed
Nov 10 01:21:03  pkg[2121]: thunar-4.16.10 installed
Nov 10 01:21:03  pkg[2121]: gtk-murrine-engine-0.98.2_5 installed
Nov 10 01:21:03  pkg[2121]: libxklavier-5.3_1,1 installed
Nov 10 01:21:04  pkg[2121]: gtksourceview3-3.24.11 installed
Nov 10 01:21:04  pkg[2121]: gspell-1.9.1_1 installed
Nov 10 01:21:04  pkg[2121]: dconf-0.40.0 installed
Nov 10 01:21:04  pkg[2121]: xfce4-terminal-0.8.10_2 installed
Nov 10 01:21:05  pkg[2121]: xfce4-wm-4.16.1 installed
Nov 10 01:21:05  pkg[2121]: xfce4-session-4.16.0 installed
Nov 10 01:21:05  pkg[2121]: xfce4-desktop-4.16.0 installed
Nov 10 01:21:05  pkg[2121]: greybird-theme-3.22.15 installed
Nov 10 01:21:05  pkg[2121]: xfce4-settings-4.16.2 installed
Nov 10 01:21:06  pkg[2121]: xfce4-power-manager-4.16.0 installed
Nov 10 01:21:06  pkg[2121]: xfce4-appfinder-4.16.1 installed
Nov 10 01:21:06  pkg[2121]: mousepad-0.5.7 installed
Nov 10 01:21:06  pkg[2121]: xfce4-notifyd-0.6.2_2 installed
Nov 10 01:21:06  pkg[2121]: xfce-4.16 installed
Nov 10 01:21:48  pkg[3962]: slim-1.3.6_22 installed
Nov 10 01:21:49  pkg[3962]: slim-themes-1.0.1_2 installed
Nov 10 01:24:04  pkg[4167]: nano-5.8 installed
Nov 10 01:24:50  dhclient[4175]: New Hostname (em0): 
Nov 10 01:27:12  pkg[4187]: libogg-1.3.5,4 installed
Nov 10 01:27:12  pkg[4187]: argp-standalone-1.3_4 installed
Nov 10 01:27:12  pkg[4187]: libvorbis-1.3.7_2,3 installed
Nov 10 01:27:12  pkg[4187]: libvpx-1.11.0 installed
Nov 10 01:27:12  pkg[4187]: xvid-1.3.7,1 installed
Nov 10 01:27:13  pkg[4187]: x265-3.4_1 installed
Nov 10 01:27:13  pkg[4187]: libx264-0.163.3060 installed
Nov 10 01:27:13  pkg[4187]: libvdpau-1.4 installed
Nov 10 01:27:13  pkg[4187]: libva-2.13.0 installed
Nov 10 01:27:13  pkg[4187]: libv4l-1.20.0_2 installed
Nov 10 01:27:13  pkg[4187]: libtheora-1.1.1_7 installed
Nov 10 01:27:13  pkg[4187]: libass-0.15.2 installed
Nov 10 01:27:13  pkg[4187]: dav1d-0.9.2 installed
Nov 10 01:27:14  pkg[4187]: aom-3.1.3 installed
Nov 10 01:27:14  pkg[4187]: opus-1.3.1 installed
Nov 10 01:27:14  pkg[4187]: lame-3.100_3 installed
Nov 10 01:27:15  pkg[4187]: ffmpeg-4.4_4,1 installed
Nov 10 01:27:15  pkg[4187]: libpci-3.7.0_1 installed
Nov 10 01:27:19  pkg[4187]: firefox-94.0.1,2 installed
Nov 10 01:27:29  reboot[4427]: rebooted by daniel
Nov 10 01:27:30  syslogd: exiting on signal 15
Nov 10 01:28:07  syslogd: kernel boot file is /boot/kernel/kernel
Nov 10 01:28:07  kernel: ---<<BOOT>>---
Nov 10 01:28:07  kernel: Copyright (c) 1992-2021 The FreeBSD Project.
Nov 10 01:28:07  kernel: Copyright (c) 1979, 1980, 1983, 1986, 1988, 1989, 1991, 1992, 1993, 1994
Nov 10 01:28:07  kernel: 	The Regents of the University of California. All rights reserved.
Nov 10 01:28:07  kernel: FreeBSD is a registered trademark of The FreeBSD Foundation.
Nov 10 01:28:07  kernel: FreeBSD 13.0-RELEASE #0 releng/13.0-n244733-ea31abc261f: Fri Apr  9 04:24:09 UTC 2021
Nov 10 01:28:07  kernel:     root@releng1.nyi.freebsd.org:/usr/obj/usr/src/amd64.amd64/sys/GENERIC amd64
Nov 10 01:28:07  kernel: FreeBSD clang version 11.0.1 (git@github.com:llvm/llvm-project.git llvmorg-11.0.1-0-g43ff75f2c3fe)
Nov 10 01:28:07  kernel: VT(vga): text 80x25
Nov 10 01:28:07  kernel: CPU: 11th Gen Intel(R) Core(TM) i7-11370H @ 3.30GHz (3302.47-MHz K8-class CPU)
Nov 10 01:28:07  kernel:   Origin="GenuineIntel"  Id=0x806c1  Family=0x6  Model=0x8c  Stepping=1
Nov 10 01:28:07  kernel:   Features=0x1783fbff<FPU,VME,DE,PSE,TSC,MSR,PAE,MCE,CX8,APIC,SEP,MTRR,PGE,MCA,CMOV,PAT,PSE36,MMX,FXSR,SSE,SSE2,HTT>
Nov 10 01:28:07  kernel:   Features2=0x5eda220b<SSE3,PCLMULQDQ,MON,SSSE3,CX16,PCID,SSE4.1,SSE4.2,MOVBE,POPCNT,AESNI,XSAVE,OSXSAVE,AVX,RDRAND>
Nov 10 01:28:07  kernel:   AMD Features=0x28100800<SYSCALL,NX,RDTSCP,LM>
Nov 10 01:28:07  kernel:   AMD Features2=0x121<LAHF,ABM,Prefetch>
Nov 10 01:28:07  kernel:   Structured Extended Features=0x842461<FSGSBASE,AVX2,FDPEXC,INVPCID,NFPUSG,RDSEED,CLFLUSHOPT>
Nov 10 01:28:07  kernel:   Structured Extended Features3=0x30000400<MD_CLEAR,L1DFL,ARCH_CAP>
Nov 10 01:28:07  kernel:   IA32_ARCH_CAPS=0x69<RDCL_NO,SKIP_L1DFL_VME,MDS_NO>
Nov 10 01:28:07  kernel:   TSC: P-state invariant
Nov 10 01:28:07  kernel: real memory  = 6979321856 (6656 MB)
Nov 10 01:28:07  kernel: avail memory = 6205374464 (5917 MB)
Nov 10 01:28:07  kernel: Event timer "LAPIC" quality 100
Nov 10 01:28:07  kernel: ACPI APIC Table: <VBOX   VBOXAPIC>
Nov 10 01:28:07  kernel: random: registering fast source Intel Secure Key RNG
Nov 10 01:28:07  kernel: random: fast provider: "Intel Secure Key RNG"
Nov 10 01:28:07  kernel: random: unblocking device.
Nov 10 01:28:07  kernel: ioapic0: MADT APIC ID 1 != hw id 0
Nov 10 01:28:07  kernel: ioapic0 <Version 2.0> irqs 0-23
Nov 10 01:28:07  kernel: Timecounter "TSC-low" frequency 1651232573 Hz quality 1000
Nov 10 01:28:07  kernel: KTLS: Initialized 1 threads
Nov 10 01:28:07  kernel: random: entropy device external interface
Nov 10 01:28:07  kernel: 000.000018 [4354] netmap_init               netmap: loaded module
Nov 10 01:28:07  kernel: [ath_hal] loaded
Nov 10 01:28:07  kernel: WARNING: Device "kbd" is Giant locked and may be deleted before FreeBSD 14.0.
Nov 10 01:28:07  kernel: kbd1 at kbdmux0
Nov 10 01:28:07  kernel: mlx5en: Mellanox Ethernet driver 3.6.0 (December 2020)
Nov 10 01:28:07  kernel: nexus0
Nov 10 01:28:07  kernel: vtvga0: <VT VGA driver>
Nov 10 01:28:07  kernel: cryptosoft0: <software crypto>
Nov 10 01:28:07  kernel: aesni0: <AES-CBC,AES-CCM,AES-GCM,AES-ICM,AES-XTS>
Nov 10 01:28:07  kernel: acpi0: <VBOX VBOXXSDT>
Nov 10 01:28:07  kernel: acpi0: Power Button (fixed)
Nov 10 01:28:07  kernel: acpi0: Sleep Button (fixed)
Nov 10 01:28:07  kernel: cpu0: <ACPI CPU> on acpi0
Nov 10 01:28:07  kernel: attimer0: <AT timer> port 0x40-0x43,0x50-0x53 on acpi0
Nov 10 01:28:07  kernel: Timecounter "i8254" frequency 1193182 Hz quality 0
Nov 10 01:28:07  kernel: Event timer "i8254" frequency 1193182 Hz quality 100
Nov 10 01:28:07  kernel: Timecounter "ACPI-fast" frequency 3579545 Hz quality 900
Nov 10 01:28:07  kernel: acpi_timer0: <32-bit timer at 3.579545MHz> port 0x4008-0x400b on acpi0
Nov 10 01:28:07  kernel: pcib0: <ACPI Host-PCI bridge> port 0xcf8-0xcff on acpi0
Nov 10 01:28:07  kernel: pci0: <ACPI PCI bus> on pcib0
Nov 10 01:28:07  kernel: isab0: <PCI-ISA bridge> at device 1.0 on pci0
Nov 10 01:28:07  kernel: isa0: <ISA bus> on isab0
Nov 10 01:28:07  kernel: atapci0: <Intel PIIX4 UDMA33 controller> port 0x1f0-0x1f7,0x3f6,0x170-0x177,0x376,0xd000-0xd00f at device 1.1 on pci0
Nov 10 01:28:07  kernel: ata0: <ATA channel> at channel 0 on atapci0
Nov 10 01:28:07  kernel: ata1: <ATA channel> at channel 1 on atapci0
Nov 10 01:28:07  kernel: vgapci0: <VGA-compatible display> port 0xd010-0xd01f mem 0xe0000000-0xe3ffffff,0xf0000000-0xf01fffff irq 18 at device 2.0 on pci0
Nov 10 01:28:07  kernel: vgapci0: Boot video device
Nov 10 01:28:07  kernel: em0: <Intel(R) PRO/1000 Network Connection> port 0xd020-0xd027 mem 0xf0200000-0xf021ffff irq 19 at device 3.0 on pci0
Nov 10 01:28:07  kernel: em0: Using 1024 TX descriptors and 1024 RX descriptors
Nov 10 01:28:07  kernel: em0: Ethernet address: 08:00:27:d5:0e:86
Nov 10 01:28:07  kernel: em0: netmap queues/slots: TX 1/1024, RX 1/1024
Nov 10 01:28:07  kernel: pcm0: <Intel ICH (82801AA)> port 0xd100-0xd1ff,0xd200-0xd23f irq 21 at device 5.0 on pci0
Nov 10 01:28:07  kernel: pcm0: <SigmaTel STAC9700/83/84 AC97 Codec>
Nov 10 01:28:07  kernel: ohci0: <Apple KeyLargo/Intrepid USB controller> mem 0xf0804000-0xf0804fff irq 22 at device 6.0 on pci0
Nov 10 01:28:07  kernel: usbus0 on ohci0
Nov 10 01:28:07  kernel: pci0: <bridge> at device 7.0 (no driver attached)
Nov 10 01:28:07  kernel: em1: <Intel(R) PRO/1000 Network Connection> port 0xd240-0xd247 mem 0xf0820000-0xf083ffff irq 16 at device 8.0 on pci0
Nov 10 01:28:07  kernel: em1: Using 1024 TX descriptors and 1024 RX descriptors
Nov 10 01:28:07  kernel: em1: Ethernet address: 08:00:27:19:17:60
Nov 10 01:28:07  kernel: em1: netmap queues/slots: TX 1/1024, RX 1/1024
Nov 10 01:28:07  kernel: ehci0: <Intel 82801FB (ICH6) USB 2.0 controller> mem 0xf0840000-0xf0840fff irq 19 at device 11.0 on pci0
Nov 10 01:28:07  kernel: usbus1: EHCI version 1.0
Nov 10 01:28:07  kernel: usbus1 on ehci0
Nov 10 01:28:07  kernel: battery0: <ACPI Control Method Battery> on acpi0
Nov 10 01:28:07  kernel: acpi_acad0: <AC Adapter> on acpi0
Nov 10 01:28:07  kernel: atkbdc0: <Keyboard controller (i8042)> port 0x60,0x64 irq 1 on acpi0
Nov 10 01:28:07  kernel: atkbd0: <AT Keyboard> irq 1 on atkbdc0
Nov 10 01:28:07  kernel: kbd0 at atkbd0
Nov 10 01:28:07  kernel: atkbd0: [GIANT-LOCKED]
Nov 10 01:28:07  kernel: psm0: <PS/2 Mouse> irq 12 on atkbdc0
Nov 10 01:28:07  kernel: psm0: [GIANT-LOCKED]
Nov 10 01:28:07  kernel: WARNING: Device "psm" is Giant locked and may be deleted before FreeBSD 14.0.
Nov 10 01:28:07  kernel: psm0: model IntelliMouse Explorer, device ID 4
Nov 10 01:28:07  kernel: orm0: <ISA Option ROMs> at iomem 0xc0000-0xc7fff,0xe2000-0xe2fff pnpid ORM0000 on isa0
Nov 10 01:28:07  kernel: vga0: <Generic ISA VGA> at port 0x3c0-0x3df iomem 0xa0000-0xbffff pnpid PNP0900 on isa0
Nov 10 01:28:07  kernel: atrtc0: <AT realtime clock> at port 0x70 irq 8 on isa0
Nov 10 01:28:07  kernel: atrtc0: registered as a time-of-day clock, resolution 1.000000s
Nov 10 01:28:07  kernel: Event timer "RTC" frequency 32768 Hz quality 0
Nov 10 01:28:07  kernel: atrtc0: non-PNP ISA device will be removed from GENERIC in FreeBSD 14.
Nov 10 01:28:07  kernel: Timecounters tick every 10.000 msec
Nov 10 01:28:07  kernel: usbus0: 12Mbps Full Speed USB v1.0
Nov 10 01:28:07  kernel: usbus1: 480Mbps High Speed USB v2.0
Nov 10 01:28:07  kernel: ugen1.1: <Intel EHCI root HUB> at usbus1
Nov 10 01:28:07  kernel: uhub0 on usbus1
Nov 10 01:28:07  kernel: uhub0: <Intel EHCI root HUB, class 9/0, rev 2.00/1.00, addr 1> on usbus1
Nov 10 01:28:07  kernel: ugen0.1: <Apple OHCI root HUB> at usbus0
Nov 10 01:28:07  kernel: uhub1 on usbus0
Nov 10 01:28:07  kernel: uhub1: <Apple OHCI root HUB, class 9/0, rev 1.00/1.00, addr 1> on usbus0
Nov 10 01:28:07  kernel: Trying to mount root from ufs:/dev/ada0p2 [rw]...
Nov 10 01:28:07  kernel: Root mount waiting for: CAM usbus0 usbus1
Nov 10 01:28:07  kernel: ada0 at ata0 bus 0 scbus0 target 0 lun 0
Nov 10 01:28:07  kernel: ada0: <VBOX HARDDISK 1.0> ATA-6 device
Nov 10 01:28:07  kernel: ada0: Serial Number VBe3cf6f05-7a44c6b4
Nov 10 01:28:07  kernel: ada0: 33.300MB/s transfers (UDMA2, PIO 65536bytes)
Nov 10 01:28:07  kernel: ada0: 65536MB (134217728 512 byte sectors)
Nov 10 01:28:07  kernel: cd0 at ata1 bus 0 scbus1 target 0 lun 0
Nov 10 01:28:07  kernel: cd0: <VBOX CD-ROM 1.0> Removable CD-ROM SCSI device
Nov 10 01:28:07  kernel: cd0: Serial Number VB2-01700376
Nov 10 01:28:07  kernel: cd0: 33.300MB/s transfers (UDMA2, ATAPI 12bytes, PIO 65534bytes)
Nov 10 01:28:07  kernel: cd0: 4562MB (2335946 2048 byte sectors)
Nov 10 01:28:07  kernel: uhub1: 12 ports with 12 removable, self powered
Nov 10 01:28:07  kernel: Root mount waiting for: usbus1
Nov 10 01:28:07  syslogd: last message repeated 3 times
Nov 10 01:28:07  kernel: uhub0: 12 ports with 12 removable, self powered
Nov 10 01:28:07  kernel: mountroot: waiting for device /dev/ada0p2...
Nov 10 01:28:07  kernel: intsmb0: <Intel PIIX4 SMBUS Interface> irq 23 at device 7.0 on pci0
Nov 10 01:28:07  kernel: intsmb0: intr IRQ 9 enabled revision 0
Nov 10 01:28:07  kernel: smbus0: <System Management Bus> on intsmb0
Nov 10 01:28:07  kernel: lo0: link state changed to UP
Nov 10 01:28:07  kernel: em0: link state changed to UP
Nov 10 01:28:07  kernel: em1: link state changed to UP
Nov 10 01:28:07  kernel: debugnet_any_ifnet_update: Bad dn_init result from em1 (ifp 0xfffff8000373a000), ignoring.
Nov 10 01:28:53  su[1009]: BAD SU daniel to / on /dev/pts/0
Nov 10 01:29:01  su[1012]: daniel to root on /dev/pts/0
Nov 10 01:29:48  pkg[1016]: sudo-1.9.8p2 installed
Nov 10 01:33:07  dhclient[1062]: New Hostname (em0): 
Nov 10 01:38:07  dhclient[1091]: New Hostname (em0): 
Nov 10 01:42:40  shutdown[1110]: reboot by root: 
Nov 10 01:42:40  console-kit-daemon[936]: WARNING: Error waiting for native console 9 activation: Inappropriate ioctl for device
Nov 10 01:42:41  kernel: .
Nov 10 01:42:44  syslogd: last message repeated 2 times
Nov 10 01:42:44  syslogd: exiting on signal 15
Nov 10 01:43:50  syslogd: kernel boot file is /boot/kernel/kernel
Nov 10 01:43:50  kernel: ---<<BOOT>>---
Nov 10 01:43:50  kernel: Copyright (c) 1992-2021 The FreeBSD Project.
Nov 10 01:43:50  kernel: Copyright (c) 1979, 1980, 1983, 1986, 1988, 1989, 1991, 1992, 1993, 1994
Nov 10 01:43:50  kernel: 	The Regents of the University of California. All rights reserved.
Nov 10 01:43:50  kernel: FreeBSD is a registered trademark of The FreeBSD Foundation.
Nov 10 01:43:50  kernel: FreeBSD 13.0-RELEASE #0 releng/13.0-n244733-ea31abc261f: Fri Apr  9 04:24:09 UTC 2021
Nov 10 01:43:50  kernel:     root@releng1.nyi.freebsd.org:/usr/obj/usr/src/amd64.amd64/sys/GENERIC amd64
Nov 10 01:43:50  kernel: FreeBSD clang version 11.0.1 (git@github.com:llvm/llvm-project.git llvmorg-11.0.1-0-g43ff75f2c3fe)
Nov 10 01:43:50  kernel: VT(vga): text 80x25
Nov 10 01:43:50  kernel: CPU: 11th Gen Intel(R) Core(TM) i7-11370H @ 3.30GHz (3302.46-MHz K8-class CPU)
Nov 10 01:43:50  kernel:   Origin="GenuineIntel"  Id=0x806c1  Family=0x6  Model=0x8c  Stepping=1
Nov 10 01:43:50  kernel:   Features=0x1783fbff<FPU,VME,DE,PSE,TSC,MSR,PAE,MCE,CX8,APIC,SEP,MTRR,PGE,MCA,CMOV,PAT,PSE36,MMX,FXSR,SSE,SSE2,HTT>
Nov 10 01:43:50  kernel:   Features2=0x5eda220b<SSE3,PCLMULQDQ,MON,SSSE3,CX16,PCID,SSE4.1,SSE4.2,MOVBE,POPCNT,AESNI,XSAVE,OSXSAVE,AVX,RDRAND>
Nov 10 01:43:50  kernel:   AMD Features=0x28100800<SYSCALL,NX,RDTSCP,LM>
Nov 10 01:43:50  kernel:   AMD Features2=0x121<LAHF,ABM,Prefetch>
Nov 10 01:43:50  kernel:   Structured Extended Features=0x842461<FSGSBASE,AVX2,FDPEXC,INVPCID,NFPUSG,RDSEED,CLFLUSHOPT>
Nov 10 01:43:50  kernel:   Structured Extended Features3=0x30000400<MD_CLEAR,L1DFL,ARCH_CAP>
Nov 10 01:43:50  kernel:   IA32_ARCH_CAPS=0x69<RDCL_NO,SKIP_L1DFL_VME,MDS_NO>
Nov 10 01:43:50  kernel:   TSC: P-state invariant
Nov 10 01:43:50  kernel: real memory  = 6979321856 (6656 MB)
Nov 10 01:43:50  kernel: avail memory = 6205374464 (5917 MB)
Nov 10 01:43:50  kernel: Event timer "LAPIC" quality 100
Nov 10 01:43:50  kernel: ACPI APIC Table: <VBOX   VBOXAPIC>
Nov 10 01:43:50  kernel: random: registering fast source Intel Secure Key RNG
Nov 10 01:43:50  kernel: random: fast provider: "Intel Secure Key RNG"
Nov 10 01:43:50  kernel: random: unblocking device.
Nov 10 01:43:50  kernel: ioapic0: MADT APIC ID 1 != hw id 0
Nov 10 01:43:50  kernel: ioapic0 <Version 2.0> irqs 0-23
Nov 10 01:43:50  kernel: Timecounter "TSC-low" frequency 1651231752 Hz quality 1000
Nov 10 01:43:50  kernel: KTLS: Initialized 1 threads
Nov 10 01:43:50  kernel: random: entropy device external interface
Nov 10 01:43:50  kernel: 000.000018 [4354] netmap_init               netmap: loaded module
Nov 10 01:43:50  kernel: [ath_hal] loaded
Nov 10 01:43:50  kernel: WARNING: Device "kbd" is Giant locked and may be deleted before FreeBSD 14.0.
Nov 10 01:43:50  kernel: kbd1 at kbdmux0
Nov 10 01:43:50  kernel: mlx5en: Mellanox Ethernet driver 3.6.0 (December 2020)
Nov 10 01:43:50  kernel: nexus0
Nov 10 01:43:50  kernel: vtvga0: <VT VGA driver>
Nov 10 01:43:50  kernel: cryptosoft0: <software crypto>
Nov 10 01:43:50  kernel: aesni0: <AES-CBC,AES-CCM,AES-GCM,AES-ICM,AES-XTS>
Nov 10 01:43:50  kernel: acpi0: <VBOX VBOXXSDT>
Nov 10 01:43:50  kernel: acpi0: Power Button (fixed)
Nov 10 01:43:50  kernel: acpi0: Sleep Button (fixed)
Nov 10 01:43:50  kernel: cpu0: <ACPI CPU> on acpi0
Nov 10 01:43:50  kernel: attimer0: <AT timer> port 0x40-0x43,0x50-0x53 on acpi0
Nov 10 01:43:50  kernel: Timecounter "i8254" frequency 1193182 Hz quality 0
Nov 10 01:43:50  kernel: Event timer "i8254" frequency 1193182 Hz quality 100
Nov 10 01:43:50  kernel: Timecounter "ACPI-fast" frequency 3579545 Hz quality 900
Nov 10 01:43:50  kernel: acpi_timer0: <32-bit timer at 3.579545MHz> port 0x4008-0x400b on acpi0
Nov 10 01:43:50  kernel: pcib0: <ACPI Host-PCI bridge> port 0xcf8-0xcff on acpi0
Nov 10 01:43:50  kernel: pci0: <ACPI PCI bus> on pcib0
Nov 10 01:43:50  kernel: isab0: <PCI-ISA bridge> at device 1.0 on pci0
Nov 10 01:43:50  kernel: isa0: <ISA bus> on isab0
Nov 10 01:43:50  kernel: atapci0: <Intel PIIX4 UDMA33 controller> port 0x1f0-0x1f7,0x3f6,0x170-0x177,0x376,0xd000-0xd00f at device 1.1 on pci0
Nov 10 01:43:50  kernel: ata0: <ATA channel> at channel 0 on atapci0
Nov 10 01:43:50  kernel: ata1: <ATA channel> at channel 1 on atapci0
Nov 10 01:43:50  kernel: vgapci0: <VGA-compatible display> port 0xd010-0xd01f mem 0xe0000000-0xe3ffffff,0xf0000000-0xf01fffff irq 18 at device 2.0 on pci0
Nov 10 01:43:50  kernel: vgapci0: Boot video device
Nov 10 01:43:50  kernel: em0: <Intel(R) PRO/1000 Network Connection> port 0xd020-0xd027 mem 0xf0200000-0xf021ffff irq 19 at device 3.0 on pci0
Nov 10 01:43:50  kernel: em0: Using 1024 TX descriptors and 1024 RX descriptors
Nov 10 01:43:50  kernel: em0: Ethernet address: 08:00:27:d5:0e:86
Nov 10 01:43:50  kernel: em0: netmap queues/slots: TX 1/1024, RX 1/1024
Nov 10 01:43:50  kernel: pcm0: <Intel ICH (82801AA)> port 0xd100-0xd1ff,0xd200-0xd23f irq 21 at device 5.0 on pci0
Nov 10 01:43:50  kernel: pcm0: <SigmaTel STAC9700/83/84 AC97 Codec>
Nov 10 01:43:50  kernel: ohci0: <Apple KeyLargo/Intrepid USB controller> mem 0xf0804000-0xf0804fff irq 22 at device 6.0 on pci0
Nov 10 01:43:50  kernel: usbus0 on ohci0
Nov 10 01:43:50  kernel: pci0: <bridge> at device 7.0 (no driver attached)
Nov 10 01:43:50  kernel: em1: <Intel(R) PRO/1000 Network Connection> port 0xd240-0xd247 mem 0xf0820000-0xf083ffff irq 16 at device 8.0 on pci0
Nov 10 01:43:50  kernel: em1: Using 1024 TX descriptors and 1024 RX descriptors
Nov 10 01:43:50  kernel: em1: Ethernet address: 08:00:27:19:17:60
Nov 10 01:43:50  kernel: em1: netmap queues/slots: TX 1/1024, RX 1/1024
Nov 10 01:43:50  kernel: ehci0: <Intel 82801FB (ICH6) USB 2.0 controller> mem 0xf0840000-0xf0840fff irq 19 at device 11.0 on pci0
Nov 10 01:43:50  kernel: usbus1: EHCI version 1.0
Nov 10 01:43:50  kernel: usbus1 on ehci0
Nov 10 01:43:50  kernel: battery0: <ACPI Control Method Battery> on acpi0
Nov 10 01:43:50  kernel: acpi_acad0: <AC Adapter> on acpi0
Nov 10 01:43:50  kernel: atkbdc0: <Keyboard controller (i8042)> port 0x60,0x64 irq 1 on acpi0
Nov 10 01:43:50  kernel: atkbd0: <AT Keyboard> irq 1 on atkbdc0
Nov 10 01:43:50  kernel: kbd0 at atkbd0
Nov 10 01:43:50  kernel: atkbd0: [GIANT-LOCKED]
Nov 10 01:43:50  kernel: psm0: <PS/2 Mouse> irq 12 on atkbdc0
Nov 10 01:43:50  kernel: psm0: [GIANT-LOCKED]
Nov 10 01:43:50  kernel: WARNING: Device "psm" is Giant locked and may be deleted before FreeBSD 14.0.
Nov 10 01:43:50  kernel: psm0: model IntelliMouse Explorer, device ID 4
Nov 10 01:43:50  kernel: orm0: <ISA Option ROMs> at iomem 0xc0000-0xc7fff,0xe2000-0xe2fff pnpid ORM0000 on isa0
Nov 10 01:43:50  kernel: vga0: <Generic ISA VGA> at port 0x3c0-0x3df iomem 0xa0000-0xbffff pnpid PNP0900 on isa0
Nov 10 01:43:50  kernel: atrtc0: <AT realtime clock> at port 0x70 irq 8 on isa0
Nov 10 01:43:50  kernel: atrtc0: registered as a time-of-day clock, resolution 1.000000s
Nov 10 01:43:50  kernel: Event timer "RTC" frequency 32768 Hz quality 0
Nov 10 01:43:50  kernel: atrtc0: non-PNP ISA device will be removed from GENERIC in FreeBSD 14.
Nov 10 01:43:50  kernel: Timecounters tick every 10.000 msec
Nov 10 01:43:50  kernel: pcm0: measured ac97 link rate at 47274 Hz
Nov 10 01:43:50  kernel: usbus0: 12Mbps Full Speed USB v1.0
Nov 10 01:43:50  kernel: usbus1: 480Mbps High Speed USB v2.0
Nov 10 01:43:50  kernel: ugen1.1: <Intel EHCI root HUB> at usbus1
Nov 10 01:43:50  kernel: uhub0 on usbus1
Nov 10 01:43:50  kernel: uhub0: <Intel EHCI root HUB, class 9/0, rev 2.00/1.00, addr 1> on usbus1
Nov 10 01:43:50  kernel: ugen0.1: <Apple OHCI root HUB> at usbus0
Nov 10 01:43:50  kernel: uhub1 on usbus0
Nov 10 01:43:50  kernel: uhub1: <Apple OHCI root HUB, class 9/0, rev 1.00/1.00, addr 1> on usbus0
Nov 10 01:43:50  kernel: Trying to mount root from ufs:/dev/ada0p2 [rw]...
Nov 10 01:43:50  kernel: Root mount waiting for: CAM usbus0 usbus1
Nov 10 01:43:50  kernel: ada0 at ata0 bus 0 scbus0 target 0 lun 0
Nov 10 01:43:50  kernel: ada0: <VBOX HARDDISK 1.0> ATA-6 device
Nov 10 01:43:50  kernel: ada0: Serial Number VBe3cf6f05-7a44c6b4
Nov 10 01:43:50  kernel: ada0: 33.300MB/s transfers (UDMA2, PIO 65536bytes)
Nov 10 01:43:50  kernel: ada0: 65536MB (134217728 512 byte sectors)
Nov 10 01:43:50  kernel: cd0 at ata1 bus 0 scbus1 target 0 lun 0
Nov 10 01:43:50  kernel: cd0: <VBOX CD-ROM 1.0> Removable CD-ROM SCSI device
Nov 10 01:43:50  kernel: cd0: Serial Number VB2-01700376
Nov 10 01:43:50  kernel: cd0: 33.300MB/s transfers (UDMA2, ATAPI 12bytes, PIO 65534bytes)
Nov 10 01:43:50  kernel: cd0: 4562MB (2335946 2048 byte sectors)
Nov 10 01:43:50  kernel: uhub1: 12 ports with 12 removable, self powered
Nov 10 01:43:50  kernel: Root mount waiting for: usbus1
Nov 10 01:43:50  syslogd: last message repeated 3 times
Nov 10 01:43:50  kernel: uhub0: 12 ports with 12 removable, self powered
Nov 10 01:43:50  kernel: mountroot: waiting for device /dev/ada0p2...
Nov 10 01:43:50  kernel: intsmb0: <Intel PIIX4 SMBUS Interface> irq 23 at device 7.0 on pci0
Nov 10 01:43:50  kernel: intsmb0: intr IRQ 9 enabled revision 0
Nov 10 01:43:50  kernel: smbus0: <System Management Bus> on intsmb0
Nov 10 01:43:50  kernel: lo0: link state changed to UP
Nov 10 01:43:50  kernel: em0: link state changed to UP
Nov 10 01:43:50  kernel: em1: link state changed to UP
Nov 10 01:48:06  kernel: em1: link state changed to DOWN
Nov 10 01:48:06  kernel: em0: link state changed to DOWN
Nov 10 01:48:10  kernel: em1: link state changed to UP
Nov 10 01:48:10  dhclient[1058]: New Hostname (em1): 
Nov 10 01:48:10  dhclient[1066]: New IP Address (em1): 192.168.56.103
Nov 10 01:48:10  dhclient[1070]: New Subnet Mask (em1): 255.255.255.0
Nov 10 01:48:10  dhclient[1074]: New Broadcast Address (em1): 192.168.56.255
Nov 10 01:48:10  dhclient[1078]: New Routers (em1): 
Nov 10 01:48:10  kernel: em0: link state changed to UP
Nov 10 01:48:10  dhclient[1087]: New Hostname (em0): 
Nov 10 01:48:10  dhclient[1097]: New IP Address (em0): 10.0.2.10
Nov 10 01:48:10  dhclient[1101]: New Subnet Mask (em0): 255.255.255.0
Nov 10 01:48:10  dhclient[1105]: New Broadcast Address (em0): 10.0.2.255
Nov 10 01:48:10  dhclient[1109]: New Routers (em0): 10.0.2.1
Nov 10 01:50:47  pkg[1126]: lzo2-2.10_1 installed
Nov 10 01:50:47  pkg[1126]: libvncserver-0.9.13_1 installed
Nov 10 01:50:47  pkg[1126]: x11vnc-0.9.16_2 installed
Nov 10 01:53:10  dhclient[1159]: New Hostname (em1): 
Nov 10 01:53:10  dhclient[1167]: New Hostname (em0): 
Nov 10 01:58:10  dhclient[1197]: New Hostname (em1): 
Nov 10 01:58:10  dhclient[1198]: New Hostname (em0): 
Nov 10 02:03:10  dhclient[1235]: New Hostname (em1): 
Nov 10 02:03:10  dhclient[1234]: New Hostname (em0): 
Nov 10 02:08:10  dhclient[1255]: New Hostname (em0): 
Nov 10 02:08:10  dhclient[1270]: New Hostname (em1): 
Nov 10 02:13:10  dhclient[1293]: New Hostname (em0): 
Nov 10 02:13:10  dhclient[1294]: New Hostname (em1): 
Nov 10 02:18:10  dhclient[1316]: New Hostname (em0): 
Nov 10 02:18:10  dhclient[1331]: New Hostname (em1): 
Nov 10 02:23:10  dhclient[1353]: New Hostname (em1): 
Nov 10 02:23:10  dhclient[1355]: New Hostname (em0): 
Nov 10 02:24:58  shutdown[1372]: power-down by root: 
Nov 10 02:24:58  console-kit-daemon[950]: WARNING: Error waiting for native console 9 activation: Inappropriate ioctl for device
Nov 10 02:25:01  kernel: .
Nov 10 02:25:01  syslogd: last message repeated 1 times
Nov 10 02:25:02  syslogd: exiting on signal 15
Nov 10 13:06:51  syslogd: kernel boot file is /boot/kernel/kernel
Nov 10 13:06:51  kernel: ---<<BOOT>>---
Nov 10 13:06:51  kernel: Copyright (c) 1992-2021 The FreeBSD Project.
Nov 10 13:06:51  kernel: Copyright (c) 1979, 1980, 1983, 1986, 1988, 1989, 1991, 1992, 1993, 1994
Nov 10 13:06:51  kernel: 	The Regents of the University of California. All rights reserved.
Nov 10 13:06:51  kernel: FreeBSD is a registered trademark of The FreeBSD Foundation.
Nov 10 13:06:51  kernel: FreeBSD 13.0-RELEASE #0 releng/13.0-n244733-ea31abc261f: Fri Apr  9 04:24:09 UTC 2021
Nov 10 13:06:51  kernel:     root@releng1.nyi.freebsd.org:/usr/obj/usr/src/amd64.amd64/sys/GENERIC amd64
Nov 10 13:06:51  kernel: FreeBSD clang version 11.0.1 (git@github.com:llvm/llvm-project.git llvmorg-11.0.1-0-g43ff75f2c3fe)
Nov 10 13:06:51  kernel: VT(vga): text 80x25
Nov 10 13:06:51  kernel: CPU: 11th Gen Intel(R) Core(TM) i7-11370H @ 3.30GHz (3302.50-MHz K8-class CPU)
Nov 10 13:06:51  kernel:   Origin="GenuineIntel"  Id=0x806c1  Family=0x6  Model=0x8c  Stepping=1
Nov 10 13:06:51  kernel:   Features=0x1783fbff<FPU,VME,DE,PSE,TSC,MSR,PAE,MCE,CX8,APIC,SEP,MTRR,PGE,MCA,CMOV,PAT,PSE36,MMX,FXSR,SSE,SSE2,HTT>
Nov 10 13:06:51  kernel:   Features2=0x5eda220b<SSE3,PCLMULQDQ,MON,SSSE3,CX16,PCID,SSE4.1,SSE4.2,MOVBE,POPCNT,AESNI,XSAVE,OSXSAVE,AVX,RDRAND>
Nov 10 13:06:51  kernel:   AMD Features=0x28100800<SYSCALL,NX,RDTSCP,LM>
Nov 10 13:06:51  kernel:   AMD Features2=0x121<LAHF,ABM,Prefetch>
Nov 10 13:06:51  kernel:   Structured Extended Features=0x842461<FSGSBASE,AVX2,FDPEXC,INVPCID,NFPUSG,RDSEED,CLFLUSHOPT>
Nov 10 13:06:51  kernel:   Structured Extended Features3=0x30000400<MD_CLEAR,L1DFL,ARCH_CAP>
Nov 10 13:06:51  kernel:   IA32_ARCH_CAPS=0x69<RDCL_NO,SKIP_L1DFL_VME,MDS_NO>
Nov 10 13:06:51  kernel:   TSC: P-state invariant
Nov 10 13:06:51  kernel: real memory  = 6979321856 (6656 MB)
Nov 10 13:06:51  kernel: avail memory = 6205374464 (5917 MB)
Nov 10 13:06:51  kernel: Event timer "LAPIC" quality 100
Nov 10 13:06:51  kernel: ACPI APIC Table: <VBOX   VBOXAPIC>
Nov 10 13:06:51  kernel: random: registering fast source Intel Secure Key RNG
Nov 10 13:06:51  kernel: random: fast provider: "Intel Secure Key RNG"
Nov 10 13:06:51  kernel: random: unblocking device.
Nov 10 13:06:51  kernel: ioapic0: MADT APIC ID 1 != hw id 0
Nov 10 13:06:51  kernel: ioapic0 <Version 2.0> irqs 0-23
Nov 10 13:06:51  kernel: Timecounter "TSC-low" frequency 1651247765 Hz quality 1000
Nov 10 13:06:51  kernel: KTLS: Initialized 1 threads
Nov 10 13:06:51  kernel: random: entropy device external interface
Nov 10 13:06:51  kernel: 000.000018 [4354] netmap_init               netmap: loaded module
Nov 10 13:06:51  kernel: [ath_hal] loaded
Nov 10 13:06:51  kernel: WARNING: Device "kbd" is Giant locked and may be deleted before FreeBSD 14.0.
Nov 10 13:06:51  kernel: kbd1 at kbdmux0
Nov 10 13:06:51  kernel: mlx5en: Mellanox Ethernet driver 3.6.0 (December 2020)
Nov 10 13:06:51  kernel: nexus0
Nov 10 13:06:51  kernel: vtvga0: <VT VGA driver>
Nov 10 13:06:51  kernel: cryptosoft0: <software crypto>
Nov 10 13:06:51  kernel: aesni0: <AES-CBC,AES-CCM,AES-GCM,AES-ICM,AES-XTS>
Nov 10 13:06:51  kernel: acpi0: <VBOX VBOXXSDT>
Nov 10 13:06:51  kernel: acpi0: Power Button (fixed)
Nov 10 13:06:51  kernel: acpi0: Sleep Button (fixed)
Nov 10 13:06:51  kernel: cpu0: <ACPI CPU> on acpi0
Nov 10 13:06:51  kernel: attimer0: <AT timer> port 0x40-0x43,0x50-0x53 on acpi0
Nov 10 13:06:51  kernel: Timecounter "i8254" frequency 1193182 Hz quality 0
Nov 10 13:06:51  kernel: Event timer "i8254" frequency 1193182 Hz quality 100
Nov 10 13:06:51  kernel: Timecounter "ACPI-fast" frequency 3579545 Hz quality 900
Nov 10 13:06:51  kernel: acpi_timer0: <32-bit timer at 3.579545MHz> port 0x4008-0x400b on acpi0
Nov 10 13:06:51  kernel: pcib0: <ACPI Host-PCI bridge> port 0xcf8-0xcff on acpi0
Nov 10 13:06:51  kernel: pci0: <ACPI PCI bus> on pcib0
Nov 10 13:06:51  kernel: isab0: <PCI-ISA bridge> at device 1.0 on pci0
Nov 10 13:06:51  kernel: isa0: <ISA bus> on isab0
Nov 10 13:06:51  kernel: atapci0: <Intel PIIX4 UDMA33 controller> port 0x1f0-0x1f7,0x3f6,0x170-0x177,0x376,0xd000-0xd00f at device 1.1 on pci0
Nov 10 13:06:51  kernel: ata0: <ATA channel> at channel 0 on atapci0
Nov 10 13:06:51  kernel: ata1: <ATA channel> at channel 1 on atapci0
Nov 10 13:06:51  kernel: vgapci0: <VGA-compatible display> port 0xd010-0xd01f mem 0xe0000000-0xe3ffffff,0xf0000000-0xf01fffff irq 18 at device 2.0 on pci0
Nov 10 13:06:51  kernel: vgapci0: Boot video device
Nov 10 13:06:51  kernel: em0: <Intel(R) PRO/1000 Network Connection> port 0xd020-0xd027 mem 0xf0200000-0xf021ffff irq 19 at device 3.0 on pci0
Nov 10 13:06:51  kernel: em0: Using 1024 TX descriptors and 1024 RX descriptors
Nov 10 13:06:51  kernel: em0: Ethernet address: 08:00:27:d5:0e:86
Nov 10 13:06:51  kernel: em0: netmap queues/slots: TX 1/1024, RX 1/1024
Nov 10 13:06:51  kernel: pcm0: <Intel ICH (82801AA)> port 0xd100-0xd1ff,0xd200-0xd23f irq 21 at device 5.0 on pci0
Nov 10 13:06:51  kernel: pcm0: <SigmaTel STAC9700/83/84 AC97 Codec>
Nov 10 13:06:51  kernel: ohci0: <Apple KeyLargo/Intrepid USB controller> mem 0xf0804000-0xf0804fff irq 22 at device 6.0 on pci0
Nov 10 13:06:51  kernel: usbus0 on ohci0
Nov 10 13:06:51  kernel: pci0: <bridge> at device 7.0 (no driver attached)
Nov 10 13:06:51  kernel: em1: <Intel(R) PRO/1000 Network Connection> port 0xd240-0xd247 mem 0xf0820000-0xf083ffff irq 16 at device 8.0 on pci0
Nov 10 13:06:51  kernel: em1: Using 1024 TX descriptors and 1024 RX descriptors
Nov 10 13:06:51  kernel: em1: Ethernet address: 08:00:27:19:17:60
Nov 10 13:06:51  kernel: em1: netmap queues/slots: TX 1/1024, RX 1/1024
Nov 10 13:06:51  kernel: ehci0: <Intel 82801FB (ICH6) USB 2.0 controller> mem 0xf0840000-0xf0840fff irq 19 at device 11.0 on pci0
Nov 10 13:06:51  kernel: usbus1: EHCI version 1.0
Nov 10 13:06:51  kernel: usbus1 on ehci0
Nov 10 13:06:51  kernel: battery0: <ACPI Control Method Battery> on acpi0
Nov 10 13:06:51  kernel: acpi_acad0: <AC Adapter> on acpi0
Nov 10 13:06:51  kernel: atkbdc0: <Keyboard controller (i8042)> port 0x60,0x64 irq 1 on acpi0
Nov 10 13:06:51  kernel: atkbd0: <AT Keyboard> irq 1 on atkbdc0
Nov 10 13:06:51  kernel: kbd0 at atkbd0
Nov 10 13:06:51  kernel: atkbd0: [GIANT-LOCKED]
Nov 10 13:06:51  kernel: psm0: <PS/2 Mouse> irq 12 on atkbdc0
Nov 10 13:06:51  kernel: psm0: [GIANT-LOCKED]
Nov 10 13:06:51  kernel: WARNING: Device "psm" is Giant locked and may be deleted before FreeBSD 14.0.
Nov 10 13:06:51  kernel: psm0: model IntelliMouse Explorer, device ID 4
Nov 10 13:06:51  kernel: orm0: <ISA Option ROMs> at iomem 0xc0000-0xc7fff,0xe2000-0xe2fff pnpid ORM0000 on isa0
Nov 10 13:06:51  kernel: vga0: <Generic ISA VGA> at port 0x3c0-0x3df iomem 0xa0000-0xbffff pnpid PNP0900 on isa0
Nov 10 13:06:51  kernel: atrtc0: <AT realtime clock> at port 0x70 irq 8 on isa0
Nov 10 13:06:51  kernel: atrtc0: registered as a time-of-day clock, resolution 1.000000s
Nov 10 13:06:51  kernel: Event timer "RTC" frequency 32768 Hz quality 0
Nov 10 13:06:51  kernel: atrtc0: non-PNP ISA device will be removed from GENERIC in FreeBSD 14.
Nov 10 13:06:51  kernel: Timecounters tick every 10.000 msec
Nov 10 13:06:51  kernel: pcm0: measured ac97 link rate at 47078 Hz
Nov 10 13:06:51  kernel: usbus0: 12Mbps Full Speed USB v1.0
Nov 10 13:06:51  kernel: usbus1: 480Mbps High Speed USB v2.0
Nov 10 13:06:51  kernel: ugen1.1: <Intel EHCI root HUB> at usbus1
Nov 10 13:06:51  kernel: uhub0 on usbus1
Nov 10 13:06:51  kernel: uhub0: <Intel EHCI root HUB, class 9/0, rev 2.00/1.00, addr 1> on usbus1
Nov 10 13:06:51  kernel: ugen0.1: <Apple OHCI root HUB> at usbus0
Nov 10 13:06:51  kernel: uhub1 on usbus0
Nov 10 13:06:51  kernel: uhub1: <Apple OHCI root HUB, class 9/0, rev 1.00/1.00, addr 1> on usbus0
Nov 10 13:06:51  kernel: Trying to mount root from ufs:/dev/ada0p2 [rw]...
Nov 10 13:06:51  kernel: Root mount waiting for: CAM usbus0 usbus1
Nov 10 13:06:51  kernel: ada0 at ata0 bus 0 scbus0 target 0 lun 0
Nov 10 13:06:51  kernel: ada0: <VBOX HARDDISK 1.0> ATA-6 device
Nov 10 13:06:51  kernel: ada0: Serial Number VBe3cf6f05-7a44c6b4
Nov 10 13:06:51  kernel: ada0: 33.300MB/s transfers (UDMA2, PIO 65536bytes)
Nov 10 13:06:51  kernel: ada0: 65536MB (134217728 512 byte sectors)
Nov 10 13:06:51  kernel: cd0 at ata1 bus 0 scbus1 target 0 lun 0
Nov 10 13:06:51  kernel: cd0: <VBOX CD-ROM 1.0> Removable CD-ROM SCSI device
Nov 10 13:06:51  kernel: cd0: Serial Number VB2-01700376
Nov 10 13:06:51  kernel: cd0: 33.300MB/s transfers (UDMA2, ATAPI 12bytes, PIO 65534bytes)
Nov 10 13:06:51  kernel: cd0: 4562MB (2335946 2048 byte sectors)
Nov 10 13:06:51  kernel: uhub1: 12 ports with 12 removable, self powered
Nov 10 13:06:51  kernel: Root mount waiting for: usbus1
Nov 10 13:06:51  syslogd: last message repeated 3 times
Nov 10 13:06:51  kernel: uhub0: 12 ports with 12 removable, self powered
Nov 10 13:06:51  kernel: mountroot: waiting for device /dev/ada0p2...
Nov 10 13:06:51  kernel: intsmb0: <Intel PIIX4 SMBUS Interface> irq 23 at device 7.0 on pci0
Nov 10 13:06:51  kernel: intsmb0: intr IRQ 9 enabled revision 0
Nov 10 13:06:51  kernel: smbus0: <System Management Bus> on intsmb0
Nov 10 13:06:51  kernel: lo0: link state changed to UP
Nov 10 13:06:51  kernel: em0: link state changed to UP
Nov 10 13:06:51  kernel: em1: link state changed to UP
Nov 10 13:06:54  kernel:  blanktime
Nov 10 13:06:54  kernel: .
Nov 10 13:11:48  dhclient[1076]: New Hostname (em0): 
Nov 10 13:11:50  dhclient[1092]: New Hostname (em1): 
Nov 10 13:16:48  dhclient[1104]: New Hostname (em0): 
Nov 10 13:16:50  dhclient[1120]: New Hostname (em1): 
Nov 10 13:21:48  dhclient[1130]: New Hostname (em0): 
Nov 10 13:21:50  dhclient[1146]: New Hostname (em1): 
Nov 10 13:26:49  dhclient[1163]: New Hostname (em0): 
Nov 10 13:26:50  dhclient[1179]: New Hostname (em1): 
Nov 10 13:31:49  dhclient[1189]: New Hostname (em0): 
Nov 10 13:31:50  dhclient[1205]: New Hostname (em1): 
Nov 10 13:36:49  dhclient[1223]: New Hostname (em0): 
Nov 10 13:36:50  dhclient[1239]: New Hostname (em1): 
Nov 10 13:41:49  dhclient[1252]: New Hostname (em0): 
Nov 10 13:41:50  dhclient[1268]: New Hostname (em1): 
Nov 10 13:46:49  dhclient[1285]: New Hostname (em0): 
Nov 10 13:46:50  dhclient[1301]: New Hostname (em1): 
Nov 10 13:50:34  kernel: em1: link state changed to DOWN
Nov 10 13:50:34  kernel: em0: link state changed to DOWN
Nov 10 13:50:37  kernel: em1: link state changed to UP
Nov 10 13:50:37  kernel: em0: link state changed to UP
Nov 10 13:50:37  dhclient[1318]: New Hostname (em1): 
Nov 10 13:50:37  dhclient[1326]: New Hostname (em0): 
Nov 10 13:50:37  dhclient[1341]: New IP Address (em1): 192.168.56.103
Nov 10 13:50:37  dhclient[1344]: New IP Address (em0): 10.0.2.10
Nov 10 13:50:37  dhclient[1348]: New Subnet Mask (em1): 255.255.255.0
Nov 10 13:50:37  dhclient[1353]: New Subnet Mask (em0): 255.255.255.0
Nov 10 13:50:37  dhclient[1356]: New Broadcast Address (em1): 192.168.56.255
Nov 10 13:50:37  dhclient[1361]: New Broadcast Address (em0): 10.0.2.255
Nov 10 13:50:37  dhclient[1364]: New Routers (em1): 
Nov 10 13:50:37  dhclient[1369]: New Routers (em0): 10.0.2.1
Nov 10 13:55:37  dhclient[1444]: New Hostname (em0): 
Nov 10 13:55:37  dhclient[1445]: New Hostname (em1): 
Nov 10 13:57:20  pkg[1465]: flac-1.3.3_1 installed
Nov 10 13:57:20  pkg[1465]: fftw3-float-3.3.9 installed
Nov 10 13:57:21  pkg[1465]: fftw3-3.3.9 installed
Nov 10 13:57:21  pkg[1465]: webrtc-audio-processing0-0.3.1_2 installed
Nov 10 13:57:22  pkg[1465]: speexdsp-1.2.0 installed
Nov 10 13:57:22  pkg[1465]: libsoxr-0.1.3_2 installed
Nov 10 13:57:22  pkg[1465]: libsndfile-1.0.31_1 installed
Nov 10 13:57:23  pkg[1465]: pulseaudio-14.2_3 installed
Nov 10 13:57:23  pkg[1465]: xorgxrdp-0.2.17 installed
Nov 10 13:57:24  pkg[1465]: pulseaudio-module-xrdp-0.5_1 installed
Nov 10 13:57:24  pkg[1465]: fdk-aac-2.0.2 installed
Nov 10 13:57:24  pkg[1465]: xrdp-0.9.17,1 installed
Nov 10 13:57:50  su[1639]: daniel to root on /dev/pts/0
Nov 10 14:00:37  dhclient[1737]: New Hostname (em0): 
Nov 10 14:00:37  dhclient[1736]: New Hostname (em1): 
Nov 10 14:00:52  xrdp[1770]: [ERROR] SSL_read: I/O error
Nov 10 14:00:52  xrdp[1770]: [ERROR] libxrdp_force_read: header read error
Nov 10 14:00:52  xrdp[1770]: [ERROR] Processing [ITU-T T.125] Connect-Initial failed
Nov 10 14:00:52  xrdp[1770]: [ERROR] [MCS Connection Sequence] receive connection request failed
Nov 10 14:00:52  xrdp[1770]: [ERROR] xrdp_sec_incoming: xrdp_mcs_incoming failed
Nov 10 14:00:52  xrdp[1770]: [ERROR] xrdp_rdp_incoming: xrdp_sec_incoming failed
Nov 10 14:00:52  xrdp[1770]: [ERROR] xrdp_process_main_loop: libxrdp_process_incoming failed
Nov 10 14:00:52  xrdp[1770]: [ERROR] xrdp_iso_send: trans_write_copy_s failed
Nov 10 14:00:52  xrdp[1770]: [ERROR] Sending [ITU T.125] DisconnectProviderUltimatum failed
Nov 10 14:00:53  xrdp[1771]: [WARN ] Received [MS-RDPBCGR] TS_UD_HEADER type 0xc006 is unknown (ignored)
Nov 10 14:00:53  xrdp[1771]: [WARN ] Received [MS-RDPBCGR] TS_UD_HEADER type 0xc00a is unknown (ignored)
Nov 10 14:00:53  xrdp[1771]: [WARN ] xrdp_caps_process_codecs: unknown codec id 5
Nov 10 14:00:53  xrdp[1771]: [WARN ] local keymap file for 0x0000040a found and doesn't match built in keymap, using local keymap file
Nov 10 14:01:13  xrdp[1771]: [ERROR] xrdp_wm_log_msg: Error connecting to sesman: 127.0.0.1 port: 3350
Nov 10 14:01:47  syslogd: last message repeated 2 times
Nov 10 14:02:20  syslogd: last message repeated 2 times
Nov 10 14:02:20  xrdp[1771]: [ERROR] SSL_shutdown: Failure in SSL library (protocol error?)
Nov 10 14:02:20  xrdp[1771]: [ERROR] SSL: error:14094123:SSL routines:ssl3_read_bytes:application data after close notify
Nov 10 14:03:30  shutdown[1776]: reboot by root: 
Nov 10 14:03:30  console-kit-daemon[993]: WARNING: Error waiting for native console 9 activation: Inappropriate ioctl for device
Nov 10 14:03:33  kernel: .
Nov 10 14:03:33  syslogd: last message repeated 1 times
Nov 10 14:03:33  syslogd: exiting on signal 15
Nov 10 14:04:39  syslogd: kernel boot file is /boot/kernel/kernel
Nov 10 14:04:39  kernel: ---<<BOOT>>---
Nov 10 14:04:39  kernel: Copyright (c) 1992-2021 The FreeBSD Project.
Nov 10 14:04:39  kernel: Copyright (c) 1979, 1980, 1983, 1986, 1988, 1989, 1991, 1992, 1993, 1994
Nov 10 14:04:39  kernel: 	The Regents of the University of California. All rights reserved.
Nov 10 14:04:39  kernel: FreeBSD is a registered trademark of The FreeBSD Foundation.
Nov 10 14:04:39  kernel: FreeBSD 13.0-RELEASE #0 releng/13.0-n244733-ea31abc261f: Fri Apr  9 04:24:09 UTC 2021
Nov 10 14:04:39  kernel:     root@releng1.nyi.freebsd.org:/usr/obj/usr/src/amd64.amd64/sys/GENERIC amd64
Nov 10 14:04:39  kernel: FreeBSD clang version 11.0.1 (git@github.com:llvm/llvm-project.git llvmorg-11.0.1-0-g43ff75f2c3fe)
Nov 10 14:04:39  kernel: VT(vga): text 80x25
Nov 10 14:04:39  kernel: CPU: 11th Gen Intel(R) Core(TM) i7-11370H @ 3.30GHz (3302.48-MHz K8-class CPU)
Nov 10 14:04:39  kernel:   Origin="GenuineIntel"  Id=0x806c1  Family=0x6  Model=0x8c  Stepping=1
Nov 10 14:04:39  kernel:   Features=0x1783fbff<FPU,VME,DE,PSE,TSC,MSR,PAE,MCE,CX8,APIC,SEP,MTRR,PGE,MCA,CMOV,PAT,PSE36,MMX,FXSR,SSE,SSE2,HTT>
Nov 10 14:04:39  kernel:   Features2=0x5eda220b<SSE3,PCLMULQDQ,MON,SSSE3,CX16,PCID,SSE4.1,SSE4.2,MOVBE,POPCNT,AESNI,XSAVE,OSXSAVE,AVX,RDRAND>
Nov 10 14:04:39  kernel:   AMD Features=0x28100800<SYSCALL,NX,RDTSCP,LM>
Nov 10 14:04:39  kernel:   AMD Features2=0x121<LAHF,ABM,Prefetch>
Nov 10 14:04:39  kernel:   Structured Extended Features=0x842461<FSGSBASE,AVX2,FDPEXC,INVPCID,NFPUSG,RDSEED,CLFLUSHOPT>
Nov 10 14:04:39  kernel:   Structured Extended Features3=0x30000400<MD_CLEAR,L1DFL,ARCH_CAP>
Nov 10 14:04:39  kernel:   IA32_ARCH_CAPS=0x69<RDCL_NO,SKIP_L1DFL_VME,MDS_NO>
Nov 10 14:04:39  kernel:   TSC: P-state invariant
Nov 10 14:04:39  kernel: real memory  = 6979321856 (6656 MB)
Nov 10 14:04:39  kernel: avail memory = 6205374464 (5917 MB)
Nov 10 14:04:39  kernel: Event timer "LAPIC" quality 100
Nov 10 14:04:39  kernel: ACPI APIC Table: <VBOX   VBOXAPIC>
Nov 10 14:04:39  kernel: random: registering fast source Intel Secure Key RNG
Nov 10 14:04:39  kernel: random: fast provider: "Intel Secure Key RNG"
Nov 10 14:04:39  kernel: random: unblocking device.
Nov 10 14:04:39  kernel: ioapic0: MADT APIC ID 1 != hw id 0
Nov 10 14:04:39  kernel: ioapic0 <Version 2.0> irqs 0-23
Nov 10 14:04:39  kernel: Timecounter "TSC-low" frequency 1651241601 Hz quality 1000
Nov 10 14:04:39  kernel: KTLS: Initialized 1 threads
Nov 10 14:04:39  kernel: random: entropy device external interface
Nov 10 14:04:39  kernel: 000.000018 [4354] netmap_init               netmap: loaded module
Nov 10 14:04:39  kernel: [ath_hal] loaded
Nov 10 14:04:39  kernel: WARNING: Device "kbd" is Giant locked and may be deleted before FreeBSD 14.0.
Nov 10 14:04:39  kernel: kbd1 at kbdmux0
Nov 10 14:04:39  kernel: mlx5en: Mellanox Ethernet driver 3.6.0 (December 2020)
Nov 10 14:04:39  kernel: nexus0
Nov 10 14:04:39  kernel: vtvga0: <VT VGA driver>
Nov 10 14:04:39  kernel: cryptosoft0: <software crypto>
Nov 10 14:04:39  kernel: aesni0: <AES-CBC,AES-CCM,AES-GCM,AES-ICM,AES-XTS>
Nov 10 14:04:39  kernel: acpi0: <VBOX VBOXXSDT>
Nov 10 14:04:39  kernel: acpi0: Power Button (fixed)
Nov 10 14:04:39  kernel: acpi0: Sleep Button (fixed)
Nov 10 14:04:39  kernel: cpu0: <ACPI CPU> on acpi0
Nov 10 14:04:39  kernel: attimer0: <AT timer> port 0x40-0x43,0x50-0x53 on acpi0
Nov 10 14:04:39  kernel: Timecounter "i8254" frequency 1193182 Hz quality 0
Nov 10 14:04:39  kernel: Event timer "i8254" frequency 1193182 Hz quality 100
Nov 10 14:04:39  kernel: Timecounter "ACPI-fast" frequency 3579545 Hz quality 900
Nov 10 14:04:39  kernel: acpi_timer0: <32-bit timer at 3.579545MHz> port 0x4008-0x400b on acpi0
Nov 10 14:04:39  kernel: pcib0: <ACPI Host-PCI bridge> port 0xcf8-0xcff on acpi0
Nov 10 14:04:39  kernel: pci0: <ACPI PCI bus> on pcib0
Nov 10 14:04:39  kernel: isab0: <PCI-ISA bridge> at device 1.0 on pci0
Nov 10 14:04:39  kernel: isa0: <ISA bus> on isab0
Nov 10 14:04:39  kernel: atapci0: <Intel PIIX4 UDMA33 controller> port 0x1f0-0x1f7,0x3f6,0x170-0x177,0x376,0xd000-0xd00f at device 1.1 on pci0
Nov 10 14:04:39  kernel: ata0: <ATA channel> at channel 0 on atapci0
Nov 10 14:04:39  kernel: ata1: <ATA channel> at channel 1 on atapci0
Nov 10 14:04:39  kernel: vgapci0: <VGA-compatible display> port 0xd010-0xd01f mem 0xe0000000-0xe3ffffff,0xf0000000-0xf01fffff irq 18 at device 2.0 on pci0
Nov 10 14:04:39  kernel: vgapci0: Boot video device
Nov 10 14:04:39  kernel: em0: <Intel(R) PRO/1000 Network Connection> port 0xd020-0xd027 mem 0xf0200000-0xf021ffff irq 19 at device 3.0 on pci0
Nov 10 14:04:39  kernel: em0: Using 1024 TX descriptors and 1024 RX descriptors
Nov 10 14:04:39  kernel: em0: Ethernet address: 08:00:27:d5:0e:86
Nov 10 14:04:39  kernel: em0: netmap queues/slots: TX 1/1024, RX 1/1024
Nov 10 14:04:39  kernel: pcm0: <Intel ICH (82801AA)> port 0xd100-0xd1ff,0xd200-0xd23f irq 21 at device 5.0 on pci0
Nov 10 14:04:39  kernel: pcm0: <SigmaTel STAC9700/83/84 AC97 Codec>
Nov 10 14:04:39  kernel: ohci0: <Apple KeyLargo/Intrepid USB controller> mem 0xf0804000-0xf0804fff irq 22 at device 6.0 on pci0
Nov 10 14:04:39  kernel: usbus0 on ohci0
Nov 10 14:04:39  kernel: pci0: <bridge> at device 7.0 (no driver attached)
Nov 10 14:04:39  kernel: em1: <Intel(R) PRO/1000 Network Connection> port 0xd240-0xd247 mem 0xf0820000-0xf083ffff irq 16 at device 8.0 on pci0
Nov 10 14:04:39  kernel: em1: Using 1024 TX descriptors and 1024 RX descriptors
Nov 10 14:04:39  kernel: em1: Ethernet address: 08:00:27:19:17:60
Nov 10 14:04:39  kernel: em1: netmap queues/slots: TX 1/1024, RX 1/1024
Nov 10 14:04:39  kernel: ehci0: <Intel 82801FB (ICH6) USB 2.0 controller> mem 0xf0840000-0xf0840fff irq 19 at device 11.0 on pci0
Nov 10 14:04:39  kernel: usbus1: EHCI version 1.0
Nov 10 14:04:39  kernel: usbus1 on ehci0
Nov 10 14:04:39  kernel: battery0: <ACPI Control Method Battery> on acpi0
Nov 10 14:04:39  kernel: acpi_acad0: <AC Adapter> on acpi0
Nov 10 14:04:39  kernel: atkbdc0: <Keyboard controller (i8042)> port 0x60,0x64 irq 1 on acpi0
Nov 10 14:04:39  kernel: atkbd0: <AT Keyboard> irq 1 on atkbdc0
Nov 10 14:04:39  kernel: kbd0 at atkbd0
Nov 10 14:04:39  kernel: atkbd0: [GIANT-LOCKED]
Nov 10 14:04:39  kernel: psm0: <PS/2 Mouse> irq 12 on atkbdc0
Nov 10 14:04:39  kernel: psm0: [GIANT-LOCKED]
Nov 10 14:04:39  kernel: WARNING: Device "psm" is Giant locked and may be deleted before FreeBSD 14.0.
Nov 10 14:04:39  kernel: psm0: model IntelliMouse Explorer, device ID 4
Nov 10 14:04:39  kernel: orm0: <ISA Option ROMs> at iomem 0xc0000-0xc7fff,0xe2000-0xe2fff pnpid ORM0000 on isa0
Nov 10 14:04:39  kernel: vga0: <Generic ISA VGA> at port 0x3c0-0x3df iomem 0xa0000-0xbffff pnpid PNP0900 on isa0
Nov 10 14:04:39  kernel: atrtc0: <AT realtime clock> at port 0x70 irq 8 on isa0
Nov 10 14:04:39  kernel: atrtc0: registered as a time-of-day clock, resolution 1.000000s
Nov 10 14:04:39  kernel: Event timer "RTC" frequency 32768 Hz quality 0
Nov 10 14:04:39  kernel: atrtc0: non-PNP ISA device will be removed from GENERIC in FreeBSD 14.
Nov 10 14:04:39  kernel: Timecounters tick every 10.000 msec
Nov 10 14:04:39  kernel: pcm0: measured ac97 link rate at 46107 Hz
Nov 10 14:04:39  kernel: usbus0: 12Mbps Full Speed USB v1.0
Nov 10 14:04:39  kernel: usbus1: 480Mbps High Speed USB v2.0
Nov 10 14:04:39  kernel: ugen1.1: <Intel EHCI root HUB> at usbus1
Nov 10 14:04:39  kernel: uhub0 on usbus1
Nov 10 14:04:39  kernel: uhub0: <Intel EHCI root HUB, class 9/0, rev 2.00/1.00, addr 1> on usbus1
Nov 10 14:04:39  kernel: ugen0.1: <Apple OHCI root HUB> at usbus0
Nov 10 14:04:39  kernel: uhub1 on usbus0
Nov 10 14:04:39  kernel: uhub1: <Apple OHCI root HUB, class 9/0, rev 1.00/1.00, addr 1> on usbus0
Nov 10 14:04:39  kernel: Trying to mount root from ufs:/dev/ada0p2 [rw]...
Nov 10 14:04:39  kernel: Root mount waiting for: CAM usbus0 usbus1
Nov 10 14:04:39  kernel: ada0 at ata0 bus 0 scbus0 target 0 lun 0
Nov 10 14:04:39  kernel: ada0: <VBOX HARDDISK 1.0> ATA-6 device
Nov 10 14:04:39  kernel: ada0: Serial Number VBe3cf6f05-7a44c6b4
Nov 10 14:04:39  kernel: ada0: 33.300MB/s transfers (UDMA2, PIO 65536bytes)
Nov 10 14:04:39  kernel: ada0: 65536MB (134217728 512 byte sectors)
Nov 10 14:04:39  kernel: cd0 at ata1 bus 0 scbus1 target 0 lun 0
Nov 10 14:04:39  kernel: cd0: <VBOX CD-ROM 1.0> Removable CD-ROM SCSI device
Nov 10 14:04:39  kernel: cd0: Serial Number VB2-01700376
Nov 10 14:04:39  kernel: cd0: 33.300MB/s transfers (UDMA2, ATAPI 12bytes, PIO 65534bytes)
Nov 10 14:04:39  kernel: cd0: 4562MB (2335946 2048 byte sectors)
Nov 10 14:04:39  kernel: uhub1: 12 ports with 12 removable, self powered
Nov 10 14:04:39  kernel: Root mount waiting for: usbus1
Nov 10 14:04:39  syslogd: last message repeated 3 times
Nov 10 14:04:39  kernel: uhub0: 12 ports with 12 removable, self powered
Nov 10 14:04:39  kernel: mountroot: waiting for device /dev/ada0p2...
Nov 10 14:04:39  kernel: intsmb0: <Intel PIIX4 SMBUS Interface> irq 23 at device 7.0 on pci0
Nov 10 14:04:39  kernel: intsmb0: intr IRQ 9 enabled revision 0
Nov 10 14:04:39  kernel: smbus0: <System Management Bus> on intsmb0
Nov 10 14:04:39  kernel: lo0: link state changed to UP
Nov 10 14:04:39  kernel: em0: link state changed to UP
Nov 10 14:04:39  kernel: em1: link state changed to UP
Nov 10 14:04:43  kernel:  blanktime.
Nov 10 14:04:44  xrdp-sesman[889]: [WARN ] receiving SIGHUP 1
Nov 10 14:06:23  pulseaudio[1026]: [(null)] authkey.c: Failed to open cookie file '/home/daniel/.config/pulse/cookie': No such file or directory
Nov 10 14:06:23  pulseaudio[1026]: [(null)] authkey.c: Failed to load authentication key '/home/daniel/.config/pulse/cookie': No such file or directory
Nov 10 14:06:23  pulseaudio[1026]: [(null)] authkey.c: Failed to open cookie file '/home/daniel/.pulse-cookie': No such file or directory
Nov 10 14:06:23  pulseaudio[1026]: [(null)] authkey.c: Failed to load authentication key '/home/daniel/.pulse-cookie': No such file or directory
Nov 10 14:07:43  xrdp[1039]: [ERROR] SSL_read: I/O error
Nov 10 14:07:43  xrdp[1039]: [ERROR] libxrdp_force_read: header read error
Nov 10 14:07:43  xrdp[1039]: [ERROR] Processing [ITU-T T.125] Connect-Initial failed
Nov 10 14:07:43  xrdp[1039]: [ERROR] [MCS Connection Sequence] receive connection request failed
Nov 10 14:07:43  xrdp[1039]: [ERROR] xrdp_sec_incoming: xrdp_mcs_incoming failed
Nov 10 14:07:43  xrdp[1039]: [ERROR] xrdp_rdp_incoming: xrdp_sec_incoming failed
Nov 10 14:07:43  xrdp[1039]: [ERROR] xrdp_process_main_loop: libxrdp_process_incoming failed
Nov 10 14:07:43  xrdp[1039]: [ERROR] xrdp_iso_send: trans_write_copy_s failed
Nov 10 14:07:43  xrdp[1039]: [ERROR] Sending [ITU T.125] DisconnectProviderUltimatum failed
Nov 10 14:07:49  xrdp[1040]: [WARN ] Received [MS-RDPBCGR] TS_UD_HEADER type 0xc006 is unknown (ignored)
Nov 10 14:07:49  xrdp[1040]: [WARN ] Received [MS-RDPBCGR] TS_UD_HEADER type 0xc00a is unknown (ignored)
Nov 10 14:07:49  xrdp[1040]: [WARN ] xrdp_caps_process_codecs: unknown codec id 5
Nov 10 14:07:49  xrdp[1040]: [WARN ] local keymap file for 0x0000040a found and doesn't match built in keymap, using local keymap file
Nov 10 14:07:54  xrdp-sesman[889]: [ERROR] sesman_data_in: scp_process_msg failed
Nov 10 14:07:54  xrdp-sesman[889]: [ERROR] sesman_main_loop: trans_check_wait_objs failed, removing trans
Nov 10 14:08:18  xrdp[1040]: [ERROR] xrdp_sec_recv: xrdp_mcs_recv failed
Nov 10 14:08:18  xrdp[1040]: [ERROR] xrdp_rdp_recv: xrdp_sec_recv failed
Nov 10 14:08:18  xrdp[1040]: [ERROR] libxrdp_process_data: xrdp_rdp_recv failed
Nov 10 14:08:18  xrdp[1040]: [ERROR] xrdp_process_data_in: xrdp_process_loop failed
Nov 10 14:08:20  xrdp[1108]: [ERROR] SSL_read: I/O error
Nov 10 14:08:20  xrdp[1108]: [ERROR] libxrdp_force_read: header read error
Nov 10 14:08:20  xrdp[1108]: [ERROR] Processing [ITU-T T.125] Connect-Initial failed
Nov 10 14:08:20  xrdp[1108]: [ERROR] [MCS Connection Sequence] receive connection request failed
Nov 10 14:08:20  xrdp[1108]: [ERROR] xrdp_sec_incoming: xrdp_mcs_incoming failed
Nov 10 14:08:20  xrdp[1108]: [ERROR] xrdp_rdp_incoming: xrdp_sec_incoming failed
Nov 10 14:08:20  xrdp[1108]: [ERROR] xrdp_process_main_loop: libxrdp_process_incoming failed
Nov 10 14:08:20  xrdp[1108]: [ERROR] xrdp_iso_send: trans_write_copy_s failed
Nov 10 14:08:20  xrdp[1108]: [ERROR] Sending [ITU T.125] DisconnectProviderUltimatum failed
Nov 10 14:08:21  xrdp[1109]: [WARN ] Received [MS-RDPBCGR] TS_UD_HEADER type 0xc006 is unknown (ignored)
Nov 10 14:08:21  xrdp[1109]: [WARN ] Received [MS-RDPBCGR] TS_UD_HEADER type 0xc00a is unknown (ignored)
Nov 10 14:08:21  xrdp[1109]: [WARN ] xrdp_caps_process_codecs: unknown codec id 5
Nov 10 14:08:21  xrdp[1109]: [WARN ] local keymap file for 0x0000040a found and doesn't match built in keymap, using local keymap file
Nov 10 14:08:25  xrdp-sesman[889]: [ERROR] sesman_data_in: scp_process_msg failed
Nov 10 14:08:25  xrdp-sesman[889]: [ERROR] sesman_main_loop: trans_check_wait_objs failed, removing trans
Nov 10 14:08:27  pulseaudio[1026]: [(null)] module-x11-xsmp.c: module-x11-xsmp may not be loaded twice.
Nov 10 14:08:27  pulseaudio[1026]: [(null)] module.c: Failed to load module "module-x11-xsmp" (argument: "display=:11.0 xauthority= session_manager=local/:/tmp/.ICE-unix/1112"): initialization failed.
Nov 10 14:08:35  xrdp[1109]: [ERROR] xrdp_sec_recv: xrdp_mcs_recv failed
Nov 10 14:08:35  xrdp[1109]: [ERROR] xrdp_rdp_recv: xrdp_sec_recv failed
Nov 10 14:08:35  xrdp[1109]: [ERROR] libxrdp_process_data: xrdp_rdp_recv failed
Nov 10 14:08:35  xrdp[1109]: [ERROR] xrdp_process_data_in: xrdp_process_loop failed
Nov 10 14:09:39  dhclient[1178]: New Hostname (em0): 
Nov 10 14:09:39  dhclient[1179]: New Hostname (em1): 
Nov 10 14:14:39  dhclient[1218]: New Hostname (em1): 
Nov 10 14:14:39  dhclient[1219]: New Hostname (em0): 
Nov 10 14:17:51  kernel: em1: link state changed to DOWN
Nov 10 14:17:51  kernel: em0: link state changed to DOWN
Nov 10 14:17:54  kernel: em1: link state changed to UP
Nov 10 14:17:54  kernel: em0: link state changed to UP
Nov 10 14:17:54  dhclient[1247]: New Hostname (em0): 
Nov 10 14:17:54  dhclient[1250]: New Hostname (em1): 
Nov 10 14:17:54  dhclient[1265]: New IP Address (em0): 10.0.2.10
Nov 10 14:17:54  dhclient[1273]: New IP Address (em1): 192.168.56.103
Nov 10 14:17:54  dhclient[1274]: New Subnet Mask (em0): 255.255.255.0
Nov 10 14:17:54  dhclient[1279]: New Subnet Mask (em1): 255.255.255.0
Nov 10 14:17:54  dhclient[1282]: New Broadcast Address (em0): 10.0.2.255
Nov 10 14:17:54  dhclient[1287]: New Broadcast Address (em1): 192.168.56.255
Nov 10 14:17:54  dhclient[1290]: New Routers (em0): 10.0.2.1
Nov 10 14:17:54  dhclient[1295]: New Routers (em1): 
Nov 10 14:18:36  shutdown[1310]: power-down by root: 
Nov 10 14:18:39  kernel: .
Nov 10 14:18:40  syslogd: last message repeated 1 times
Nov 10 14:18:41  syslogd: exiting on signal 15
Nov 11 22:00:17  syslogd: kernel boot file is /boot/kernel/kernel
Nov 11 22:00:17  kernel: ---<<BOOT>>---
Nov 11 22:00:17  kernel: Copyright (c) 1992-2021 The FreeBSD Project.
Nov 11 22:00:17  kernel: Copyright (c) 1979, 1980, 1983, 1986, 1988, 1989, 1991, 1992, 1993, 1994
Nov 11 22:00:17  kernel: 	The Regents of the University of California. All rights reserved.
Nov 11 22:00:17  kernel: FreeBSD is a registered trademark of The FreeBSD Foundation.
Nov 11 22:00:17  kernel: FreeBSD 13.0-RELEASE #0 releng/13.0-n244733-ea31abc261f: Fri Apr  9 04:24:09 UTC 2021
Nov 11 22:00:17  kernel:     root@releng1.nyi.freebsd.org:/usr/obj/usr/src/amd64.amd64/sys/GENERIC amd64
Nov 11 22:00:17  kernel: FreeBSD clang version 11.0.1 (git@github.com:llvm/llvm-project.git llvmorg-11.0.1-0-g43ff75f2c3fe)
Nov 11 22:00:17  kernel: VT(vga): text 80x25
Nov 11 22:00:17  kernel: CPU: 11th Gen Intel(R) Core(TM) i7-11370H @ 3.30GHz (3302.48-MHz K8-class CPU)
Nov 11 22:00:17  kernel:   Origin="GenuineIntel"  Id=0x806c1  Family=0x6  Model=0x8c  Stepping=1
Nov 11 22:00:17  kernel:   Features=0x1783fbff<FPU,VME,DE,PSE,TSC,MSR,PAE,MCE,CX8,APIC,SEP,MTRR,PGE,MCA,CMOV,PAT,PSE36,MMX,FXSR,SSE,SSE2,HTT>
Nov 11 22:00:17  kernel:   Features2=0x5eda220b<SSE3,PCLMULQDQ,MON,SSSE3,CX16,PCID,SSE4.1,SSE4.2,MOVBE,POPCNT,AESNI,XSAVE,OSXSAVE,AVX,RDRAND>
Nov 11 22:00:17  kernel:   AMD Features=0x28100800<SYSCALL,NX,RDTSCP,LM>
Nov 11 22:00:17  kernel:   AMD Features2=0x121<LAHF,ABM,Prefetch>
Nov 11 22:00:17  kernel:   Structured Extended Features=0x842461<FSGSBASE,AVX2,FDPEXC,INVPCID,NFPUSG,RDSEED,CLFLUSHOPT>
Nov 11 22:00:17  kernel:   Structured Extended Features3=0x30000400<MD_CLEAR,L1DFL,ARCH_CAP>
Nov 11 22:00:17  kernel:   IA32_ARCH_CAPS=0x69<RDCL_NO,SKIP_L1DFL_VME,MDS_NO>
Nov 11 22:00:17  kernel:   TSC: P-state invariant
Nov 11 22:00:17  kernel: real memory  = 6979321856 (6656 MB)
Nov 11 22:00:17  kernel: avail memory = 6205374464 (5917 MB)
Nov 11 22:00:17  kernel: Event timer "LAPIC" quality 100
Nov 11 22:00:17  kernel: ACPI APIC Table: <VBOX   VBOXAPIC>
Nov 11 22:00:17  kernel: random: registering fast source Intel Secure Key RNG
Nov 11 22:00:17  kernel: random: fast provider: "Intel Secure Key RNG"
Nov 11 22:00:17  kernel: random: unblocking device.
Nov 11 22:00:17  kernel: ioapic0: MADT APIC ID 1 != hw id 0
Nov 11 22:00:17  kernel: ioapic0 <Version 2.0> irqs 0-23
Nov 11 22:00:17  kernel: Timecounter "TSC-low" frequency 1651240390 Hz quality 1000
Nov 11 22:00:17  kernel: KTLS: Initialized 1 threads
Nov 11 22:00:17  kernel: random: entropy device external interface
Nov 11 22:00:17  kernel: 000.000018 [4354] netmap_init               netmap: loaded module
Nov 11 22:00:17  kernel: [ath_hal] loaded
Nov 11 22:00:17  kernel: WARNING: Device "kbd" is Giant locked and may be deleted before FreeBSD 14.0.
Nov 11 22:00:17  kernel: kbd1 at kbdmux0
Nov 11 22:00:17  kernel: mlx5en: Mellanox Ethernet driver 3.6.0 (December 2020)
Nov 11 22:00:17  kernel: nexus0
Nov 11 22:00:17  kernel: vtvga0: <VT VGA driver>
Nov 11 22:00:17  kernel: cryptosoft0: <software crypto>
Nov 11 22:00:17  kernel: aesni0: <AES-CBC,AES-CCM,AES-GCM,AES-ICM,AES-XTS>
Nov 11 22:00:17  kernel: acpi0: <VBOX VBOXXSDT>
Nov 11 22:00:17  kernel: acpi0: Power Button (fixed)
Nov 11 22:00:17  kernel: acpi0: Sleep Button (fixed)
Nov 11 22:00:17  kernel: cpu0: <ACPI CPU> on acpi0
Nov 11 22:00:17  kernel: attimer0: <AT timer> port 0x40-0x43,0x50-0x53 on acpi0
Nov 11 22:00:17  kernel: Timecounter "i8254" frequency 1193182 Hz quality 0
Nov 11 22:00:17  kernel: Event timer "i8254" frequency 1193182 Hz quality 100
Nov 11 22:00:17  kernel: Timecounter "ACPI-fast" frequency 3579545 Hz quality 900
Nov 11 22:00:17  kernel: acpi_timer0: <32-bit timer at 3.579545MHz> port 0x4008-0x400b on acpi0
Nov 11 22:00:17  kernel: pcib0: <ACPI Host-PCI bridge> port 0xcf8-0xcff on acpi0
Nov 11 22:00:17  kernel: pci0: <ACPI PCI bus> on pcib0
Nov 11 22:00:17  kernel: isab0: <PCI-ISA bridge> at device 1.0 on pci0
Nov 11 22:00:17  kernel: isa0: <ISA bus> on isab0
Nov 11 22:00:17  kernel: atapci0: <Intel PIIX4 UDMA33 controller> port 0x1f0-0x1f7,0x3f6,0x170-0x177,0x376,0xd000-0xd00f at device 1.1 on pci0
Nov 11 22:00:17  kernel: ata0: <ATA channel> at channel 0 on atapci0
Nov 11 22:00:17  kernel: ata1: <ATA channel> at channel 1 on atapci0
Nov 11 22:00:17  kernel: vgapci0: <VGA-compatible display> port 0xd010-0xd01f mem 0xe0000000-0xe3ffffff,0xf0000000-0xf01fffff irq 18 at device 2.0 on pci0
Nov 11 22:00:17  kernel: vgapci0: Boot video device
Nov 11 22:00:17  kernel: em0: <Intel(R) PRO/1000 Network Connection> port 0xd020-0xd027 mem 0xf0200000-0xf021ffff irq 19 at device 3.0 on pci0
Nov 11 22:00:17  kernel: em0: Using 1024 TX descriptors and 1024 RX descriptors
Nov 11 22:00:17  kernel: em0: Ethernet address: 08:00:27:d5:0e:86
Nov 11 22:00:17  kernel: em0: netmap queues/slots: TX 1/1024, RX 1/1024
Nov 11 22:00:17  kernel: pcm0: <Intel ICH (82801AA)> port 0xd100-0xd1ff,0xd200-0xd23f irq 21 at device 5.0 on pci0
Nov 11 22:00:17  kernel: pcm0: <SigmaTel STAC9700/83/84 AC97 Codec>
Nov 11 22:00:17  kernel: ohci0: <Apple KeyLargo/Intrepid USB controller> mem 0xf0804000-0xf0804fff irq 22 at device 6.0 on pci0
Nov 11 22:00:17  kernel: usbus0 on ohci0
Nov 11 22:00:17  kernel: pci0: <bridge> at device 7.0 (no driver attached)
Nov 11 22:00:17  kernel: em1: <Intel(R) PRO/1000 Network Connection> port 0xd240-0xd247 mem 0xf0820000-0xf083ffff irq 16 at device 8.0 on pci0
Nov 11 22:00:17  kernel: em1: Using 1024 TX descriptors and 1024 RX descriptors
Nov 11 22:00:17  kernel: em1: Ethernet address: 08:00:27:19:17:60
Nov 11 22:00:17  kernel: em1: netmap queues/slots: TX 1/1024, RX 1/1024
Nov 11 22:00:17  kernel: ehci0: <Intel 82801FB (ICH6) USB 2.0 controller> mem 0xf0840000-0xf0840fff irq 19 at device 11.0 on pci0
Nov 11 22:00:17  kernel: usbus1: EHCI version 1.0
Nov 11 22:00:17  kernel: usbus1 on ehci0
Nov 11 22:00:17  kernel: battery0: <ACPI Control Method Battery> on acpi0
Nov 11 22:00:17  kernel: acpi_acad0: <AC Adapter> on acpi0
Nov 11 22:00:17  kernel: atkbdc0: <Keyboard controller (i8042)> port 0x60,0x64 irq 1 on acpi0
Nov 11 22:00:17  kernel: atkbd0: <AT Keyboard> irq 1 on atkbdc0
Nov 11 22:00:17  kernel: kbd0 at atkbd0
Nov 11 22:00:17  kernel: atkbd0: [GIANT-LOCKED]
Nov 11 22:00:17  kernel: psm0: <PS/2 Mouse> irq 12 on atkbdc0
Nov 11 22:00:17  kernel: psm0: [GIANT-LOCKED]
Nov 11 22:00:17  kernel: WARNING: Device "psm" is Giant locked and may be deleted before FreeBSD 14.0.
Nov 11 22:00:17  kernel: psm0: model IntelliMouse Explorer, device ID 4
Nov 11 22:00:17  kernel: orm0: <ISA Option ROMs> at iomem 0xc0000-0xc7fff,0xe2000-0xe2fff pnpid ORM0000 on isa0
Nov 11 22:00:17  kernel: vga0: <Generic ISA VGA> at port 0x3c0-0x3df iomem 0xa0000-0xbffff pnpid PNP0900 on isa0
Nov 11 22:00:17  kernel: atrtc0: <AT realtime clock> at port 0x70 irq 8 on isa0
Nov 11 22:00:17  kernel: atrtc0: registered as a time-of-day clock, resolution 1.000000s
Nov 11 22:00:17  kernel: Event timer "RTC" frequency 32768 Hz quality 0
Nov 11 22:00:17  kernel: atrtc0: non-PNP ISA device will be removed from GENERIC in FreeBSD 14.
Nov 11 22:00:17  kernel: Timecounters tick every 10.000 msec
Nov 11 22:00:17  kernel: usbus0: 12Mbps Full Speed USB v1.0
Nov 11 22:00:17  kernel: usbus1: 480Mbps High Speed USB v2.0
Nov 11 22:00:17  kernel: ugen1.1: <Intel EHCI root HUB> at usbus1
Nov 11 22:00:17  kernel: uhub0 on usbus1
Nov 11 22:00:17  kernel: uhub0: <Intel EHCI root HUB, class 9/0, rev 2.00/1.00, addr 1> on usbus1
Nov 11 22:00:17  kernel: ugen0.1: <Apple OHCI root HUB> at usbus0
Nov 11 22:00:17  kernel: uhub1 on usbus0
Nov 11 22:00:17  kernel: uhub1: <Apple OHCI root HUB, class 9/0, rev 1.00/1.00, addr 1> on usbus0
Nov 11 22:00:17  kernel: Trying to mount root from ufs:/dev/ada0p2 [rw]...
Nov 11 22:00:17  kernel: Root mount waiting for: CAM usbus0 usbus1
Nov 11 22:00:17  kernel: ada0 at ata0 bus 0 scbus0 target 0 lun 0
Nov 11 22:00:17  kernel: ada0: <VBOX HARDDISK 1.0> ATA-6 device
Nov 11 22:00:17  kernel: ada0: Serial Number VBe3cf6f05-7a44c6b4
Nov 11 22:00:17  kernel: ada0: 33.300MB/s transfers (UDMA2, PIO 65536bytes)
Nov 11 22:00:17  kernel: ada0: 65536MB (134217728 512 byte sectors)
Nov 11 22:00:17  kernel: cd0 at ata1 bus 0 scbus1 target 0 lun 0
Nov 11 22:00:17  kernel: cd0: <VBOX CD-ROM 1.0> Removable CD-ROM SCSI device
Nov 11 22:00:17  kernel: cd0: Serial Number VB2-01700376
Nov 11 22:00:17  kernel: cd0: 33.300MB/s transfers (UDMA2, ATAPI 12bytes, PIO 65534bytes)
Nov 11 22:00:17  kernel: cd0: 4562MB (2335946 2048 byte sectors)
Nov 11 22:00:17  kernel: uhub1: 12 ports with 12 removable, self powered
Nov 11 22:00:17  kernel: Root mount waiting for: usbus1
Nov 11 22:00:17  syslogd: last message repeated 3 times
Nov 11 22:00:17  kernel: uhub0: 12 ports with 12 removable, self powered
Nov 11 22:00:17  kernel: mountroot: waiting for device /dev/ada0p2...
Nov 11 22:00:17  kernel: intsmb0: <Intel PIIX4 SMBUS Interface> irq 23 at device 7.0 on pci0
Nov 11 22:00:17  kernel: intsmb0: intr IRQ 9 enabled revision 0
Nov 11 22:00:17  kernel: smbus0: <System Management Bus> on intsmb0
Nov 11 22:00:17  kernel: lo0: link state changed to UP
Nov 11 22:00:17  kernel: em0: link state changed to UP
Nov 11 22:00:17  kernel: em1: link state changed to UP
Nov 11 22:00:18  xrdp-sesman[908]: [WARN ] receiving SIGHUP 1
Nov 11 22:05:07  devd[608]: check_clients:  dropping disconnected client
Nov 11 22:05:14  dhclient[1075]: New Hostname (em0): 
Nov 11 22:05:17  dhclient[1091]: New Hostname (em1): 
Nov 11 22:10:14  dhclient[1105]: New Hostname (em0): 
Nov 11 22:10:17  dhclient[1121]: New Hostname (em1): 
Nov 11 22:15:14  dhclient[1138]: New Hostname (em0): 
Nov 11 22:15:17  dhclient[1154]: New Hostname (em1): 
Nov 11 22:20:15  dhclient[1164]: New Hostname (em0): 
Nov 11 22:20:17  dhclient[1180]: New Hostname (em1): 
Nov 11 22:24:56  kernel: em1: link state changed to DOWN
Nov 11 22:24:56  kernel: em0: link state changed to DOWN
Nov 11 22:24:59  kernel: em1: link state changed to UP
Nov 11 22:24:59  kernel: em0: link state changed to UP
Nov 11 22:24:59  dhclient[1197]: New Hostname (em1): 
Nov 11 22:24:59  dhclient[1204]: New Hostname (em0): 
Nov 11 22:24:59  dhclient[1219]: New IP Address (em0): 10.0.2.10
Nov 11 22:24:59  dhclient[1224]: New IP Address (em1): 192.168.56.103
Nov 11 22:24:59  dhclient[1232]: New Subnet Mask (em0): 255.255.255.0
Nov 11 22:24:59  dhclient[1233]: New Subnet Mask (em1): 255.255.255.0
Nov 11 22:24:59  dhclient[1239]: New Broadcast Address (em0): 10.0.2.255
Nov 11 22:24:59  dhclient[1241]: New Broadcast Address (em1): 192.168.56.255
Nov 11 22:24:59  dhclient[1246]: New Routers (em0): 10.0.2.1
Nov 11 22:24:59  dhclient[1249]: New Routers (em1): 
Nov 11 22:25:04  shutdown[1267]: power-down by root: 
Nov 11 22:25:04  console-kit-daemon[976]: WARNING: Error waiting for native console 9 activation: Inappropriate ioctl for device
Nov 11 22:25:07  kernel: .
Nov 11 22:25:07  syslogd: last message repeated 1 times
Nov 11 22:25:07  syslogd: exiting on signal 15
Nov 11 22:44:46  syslogd: kernel boot file is /boot/kernel/kernel
Nov 11 22:44:46  kernel: ---<<BOOT>>---
Nov 11 22:44:46  kernel: Copyright (c) 1992-2021 The FreeBSD Project.
Nov 11 22:44:46  kernel: Copyright (c) 1979, 1980, 1983, 1986, 1988, 1989, 1991, 1992, 1993, 1994
Nov 11 22:44:46  kernel: 	The Regents of the University of California. All rights reserved.
Nov 11 22:44:46  kernel: FreeBSD is a registered trademark of The FreeBSD Foundation.
Nov 11 22:44:46  kernel: FreeBSD 13.0-RELEASE #0 releng/13.0-n244733-ea31abc261f: Fri Apr  9 04:24:09 UTC 2021
Nov 11 22:44:46  kernel:     root@releng1.nyi.freebsd.org:/usr/obj/usr/src/amd64.amd64/sys/GENERIC amd64
Nov 11 22:44:46  kernel: FreeBSD clang version 11.0.1 (git@github.com:llvm/llvm-project.git llvmorg-11.0.1-0-g43ff75f2c3fe)
Nov 11 22:44:46  kernel: VT(vga): text 80x25
Nov 11 22:44:46  kernel: CPU: 11th Gen Intel(R) Core(TM) i7-11370H @ 3.30GHz (3302.49-MHz K8-class CPU)
Nov 11 22:44:46  kernel:   Origin="GenuineIntel"  Id=0x806c1  Family=0x6  Model=0x8c  Stepping=1
Nov 11 22:44:46  kernel:   Features=0x1783fbff<FPU,VME,DE,PSE,TSC,MSR,PAE,MCE,CX8,APIC,SEP,MTRR,PGE,MCA,CMOV,PAT,PSE36,MMX,FXSR,SSE,SSE2,HTT>
Nov 11 22:44:46  kernel:   Features2=0x5eda220b<SSE3,PCLMULQDQ,MON,SSSE3,CX16,PCID,SSE4.1,SSE4.2,MOVBE,POPCNT,AESNI,XSAVE,OSXSAVE,AVX,RDRAND>
Nov 11 22:44:46  kernel:   AMD Features=0x28100800<SYSCALL,NX,RDTSCP,LM>
Nov 11 22:44:46  kernel:   AMD Features2=0x121<LAHF,ABM,Prefetch>
Nov 11 22:44:46  kernel:   Structured Extended Features=0x842461<FSGSBASE,AVX2,FDPEXC,INVPCID,NFPUSG,RDSEED,CLFLUSHOPT>
Nov 11 22:44:46  kernel:   Structured Extended Features3=0x30000400<MD_CLEAR,L1DFL,ARCH_CAP>
Nov 11 22:44:46  kernel:   IA32_ARCH_CAPS=0x69<RDCL_NO,SKIP_L1DFL_VME,MDS_NO>
Nov 11 22:44:46  kernel:   TSC: P-state invariant
Nov 11 22:44:46  kernel: real memory  = 6979321856 (6656 MB)
Nov 11 22:44:46  kernel: avail memory = 6205374464 (5917 MB)
Nov 11 22:44:46  kernel: Event timer "LAPIC" quality 100
Nov 11 22:44:46  kernel: ACPI APIC Table: <VBOX   VBOXAPIC>
Nov 11 22:44:46  kernel: random: registering fast source Intel Secure Key RNG
Nov 11 22:44:46  kernel: random: fast provider: "Intel Secure Key RNG"
Nov 11 22:44:46  kernel: random: unblocking device.
Nov 11 22:44:46  kernel: ioapic0: MADT APIC ID 1 != hw id 0
Nov 11 22:44:46  kernel: ioapic0 <Version 2.0> irqs 0-23
Nov 11 22:44:46  kernel: Timecounter "TSC-low" frequency 1651247008 Hz quality 1000
Nov 11 22:44:46  kernel: KTLS: Initialized 1 threads
Nov 11 22:44:46  kernel: random: entropy device external interface
Nov 11 22:44:46  kernel: 000.000018 [4354] netmap_init               netmap: loaded module
Nov 11 22:44:46  kernel: [ath_hal] loaded
Nov 11 22:44:46  kernel: WARNING: Device "kbd" is Giant locked and may be deleted before FreeBSD 14.0.
Nov 11 22:44:46  kernel: kbd1 at kbdmux0
Nov 11 22:44:46  kernel: mlx5en: Mellanox Ethernet driver 3.6.0 (December 2020)
Nov 11 22:44:46  kernel: nexus0
Nov 11 22:44:46  kernel: vtvga0: <VT VGA driver>
Nov 11 22:44:46  kernel: cryptosoft0: <software crypto>
Nov 11 22:44:46  kernel: aesni0: <AES-CBC,AES-CCM,AES-GCM,AES-ICM,AES-XTS>
Nov 11 22:44:46  kernel: acpi0: <VBOX VBOXXSDT>
Nov 11 22:44:46  kernel: acpi0: Power Button (fixed)
Nov 11 22:44:46  kernel: acpi0: Sleep Button (fixed)
Nov 11 22:44:46  kernel: cpu0: <ACPI CPU> on acpi0
Nov 11 22:44:46  kernel: attimer0: <AT timer> port 0x40-0x43,0x50-0x53 on acpi0
Nov 11 22:44:46  kernel: Timecounter "i8254" frequency 1193182 Hz quality 0
Nov 11 22:44:46  kernel: Event timer "i8254" frequency 1193182 Hz quality 100
Nov 11 22:44:46  kernel: Timecounter "ACPI-fast" frequency 3579545 Hz quality 900
Nov 11 22:44:46  kernel: acpi_timer0: <32-bit timer at 3.579545MHz> port 0x4008-0x400b on acpi0
Nov 11 22:44:46  kernel: pcib0: <ACPI Host-PCI bridge> port 0xcf8-0xcff on acpi0
Nov 11 22:44:46  kernel: pci0: <ACPI PCI bus> on pcib0
Nov 11 22:44:46  kernel: isab0: <PCI-ISA bridge> at device 1.0 on pci0
Nov 11 22:44:46  kernel: isa0: <ISA bus> on isab0
Nov 11 22:44:46  kernel: atapci0: <Intel PIIX4 UDMA33 controller> port 0x1f0-0x1f7,0x3f6,0x170-0x177,0x376,0xd000-0xd00f at device 1.1 on pci0
Nov 11 22:44:46  kernel: ata0: <ATA channel> at channel 0 on atapci0
Nov 11 22:44:46  kernel: ata1: <ATA channel> at channel 1 on atapci0
Nov 11 22:44:46  kernel: vgapci0: <VGA-compatible display> port 0xd010-0xd01f mem 0xe0000000-0xe3ffffff,0xf0000000-0xf01fffff irq 18 at device 2.0 on pci0
Nov 11 22:44:46  kernel: vgapci0: Boot video device
Nov 11 22:44:46  kernel: em0: <Intel(R) PRO/1000 Network Connection> port 0xd020-0xd027 mem 0xf0200000-0xf021ffff irq 19 at device 3.0 on pci0
Nov 11 22:44:46  kernel: em0: Using 1024 TX descriptors and 1024 RX descriptors
Nov 11 22:44:46  kernel: em0: Ethernet address: 08:00:27:d5:0e:86
Nov 11 22:44:46  kernel: em0: netmap queues/slots: TX 1/1024, RX 1/1024
Nov 11 22:44:46  kernel: pcm0: <Intel ICH (82801AA)> port 0xd100-0xd1ff,0xd200-0xd23f irq 21 at device 5.0 on pci0
Nov 11 22:44:46  kernel: pcm0: <SigmaTel STAC9700/83/84 AC97 Codec>
Nov 11 22:44:46  kernel: ohci0: <Apple KeyLargo/Intrepid USB controller> mem 0xf0804000-0xf0804fff irq 22 at device 6.0 on pci0
Nov 11 22:44:46  kernel: usbus0 on ohci0
Nov 11 22:44:46  kernel: pci0: <bridge> at device 7.0 (no driver attached)
Nov 11 22:44:46  kernel: em1: <Intel(R) PRO/1000 Network Connection> port 0xd240-0xd247 mem 0xf0820000-0xf083ffff irq 16 at device 8.0 on pci0
Nov 11 22:44:46  kernel: em1: Using 1024 TX descriptors and 1024 RX descriptors
Nov 11 22:44:46  kernel: em1: Ethernet address: 08:00:27:19:17:60
Nov 11 22:44:46  kernel: em1: netmap queues/slots: TX 1/1024, RX 1/1024
Nov 11 22:44:46  kernel: ehci0: <Intel 82801FB (ICH6) USB 2.0 controller> mem 0xf0840000-0xf0840fff irq 19 at device 11.0 on pci0
Nov 11 22:44:46  kernel: usbus1: EHCI version 1.0
Nov 11 22:44:46  kernel: usbus1 on ehci0
Nov 11 22:44:46  kernel: battery0: <ACPI Control Method Battery> on acpi0
Nov 11 22:44:46  kernel: acpi_acad0: <AC Adapter> on acpi0
Nov 11 22:44:46  kernel: atkbdc0: <Keyboard controller (i8042)> port 0x60,0x64 irq 1 on acpi0
Nov 11 22:44:46  kernel: atkbd0: <AT Keyboard> irq 1 on atkbdc0
Nov 11 22:44:46  kernel: kbd0 at atkbd0
Nov 11 22:44:46  kernel: atkbd0: [GIANT-LOCKED]
Nov 11 22:44:46  kernel: psm0: <PS/2 Mouse> irq 12 on atkbdc0
Nov 11 22:44:46  kernel: psm0: [GIANT-LOCKED]
Nov 11 22:44:46  kernel: WARNING: Device "psm" is Giant locked and may be deleted before FreeBSD 14.0.
Nov 11 22:44:46  kernel: psm0: model IntelliMouse Explorer, device ID 4
Nov 11 22:44:46  kernel: orm0: <ISA Option ROMs> at iomem 0xc0000-0xc7fff,0xe2000-0xe2fff pnpid ORM0000 on isa0
Nov 11 22:44:46  kernel: vga0: <Generic ISA VGA> at port 0x3c0-0x3df iomem 0xa0000-0xbffff pnpid PNP0900 on isa0
Nov 11 22:44:46  kernel: atrtc0: <AT realtime clock> at port 0x70 irq 8 on isa0
Nov 11 22:44:46  kernel: atrtc0: registered as a time-of-day clock, resolution 1.000000s
Nov 11 22:44:46  kernel: Event timer "RTC" frequency 32768 Hz quality 0
Nov 11 22:44:46  kernel: atrtc0: non-PNP ISA device will be removed from GENERIC in FreeBSD 14.
Nov 11 22:44:46  kernel: Timecounters tick every 10.000 msec
Nov 11 22:44:46  kernel: usbus0: 12Mbps Full Speed USB v1.0
Nov 11 22:44:46  kernel: usbus1: 480Mbps High Speed USB v2.0
Nov 11 22:44:46  kernel: ugen1.1: <Intel EHCI root HUB> at usbus1
Nov 11 22:44:46  kernel: uhub0 on usbus1
Nov 11 22:44:46  kernel: uhub0: <Intel EHCI root HUB, class 9/0, rev 2.00/1.00, addr 1> on usbus1
Nov 11 22:44:46  kernel: ugen0.1: <Apple OHCI root HUB> at usbus0
Nov 11 22:44:46  kernel: uhub1 on usbus0
Nov 11 22:44:46  kernel: uhub1: <Apple OHCI root HUB, class 9/0, rev 1.00/1.00, addr 1> on usbus0
Nov 11 22:44:46  kernel: Trying to mount root from ufs:/dev/ada0p2 [rw]...
Nov 11 22:44:46  kernel: Root mount waiting for: CAM usbus0 usbus1
Nov 11 22:44:46  kernel: ada0 at ata0 bus 0 scbus0 target 0 lun 0
Nov 11 22:44:46  kernel: ada0: <VBOX HARDDISK 1.0> ATA-6 device
Nov 11 22:44:46  kernel: ada0: Serial Number VBe3cf6f05-7a44c6b4
Nov 11 22:44:46  kernel: ada0: 33.300MB/s transfers (UDMA2, PIO 65536bytes)
Nov 11 22:44:46  kernel: ada0: 65536MB (134217728 512 byte sectors)
Nov 11 22:44:46  kernel: ada1 at ata0 bus 0 scbus0 target 1 lun 0
Nov 11 22:44:46  kernel: ada1: <VBOX HARDDISK 1.0> ATA-6 device
Nov 11 22:44:46  kernel: ada1: Serial Number VB8454c236-b2ba3a5a
Nov 11 22:44:46  kernel: ada1: 33.300MB/s transfers (UDMA2, PIO 65536bytes)
Nov 11 22:44:46  kernel: ada1: 32768MB (67108864 512 byte sectors)
